Component: ARM Compiler 5.06 update 6 (build 750) Tool: armlink [4d35ed]

==============================================================================

Section Cross References

    main.o(i.HAL_GPIO_EXTI_Callback) refers to main.o(.data) for .data
    main.o(i.HAL_RTC_AlarmAEventCallback) refers to main.o(.data) for .data
    main.o(i.RTC_AlarmAConfig) refers to stm32l4xx_hal_rtc.o(i.HAL_RTC_SetAlarm_IT) for HAL_RTC_SetAlarm_IT
    main.o(i.RTC_AlarmAConfig) refers to stm32l476g_discovery_glass_lcd.o(i.BSP_LCD_GLASS_Clear) for BSP_LCD_GLASS_Clear
    main.o(i.RTC_AlarmAConfig) refers to stm32l476g_discovery_glass_lcd.o(i.BSP_LCD_GLASS_DisplayString) for BSP_LCD_GLASS_DisplayString
    main.o(i.RTC_AlarmAConfig) refers to stm32l4xx_hal_cortex.o(i.HAL_NVIC_EnableIRQ) for HAL_NVIC_EnableIRQ
    main.o(i.RTC_AlarmAConfig) refers to stm32l4xx_hal_cortex.o(i.HAL_NVIC_SetPriority) for HAL_NVIC_SetPriority
    main.o(i.RTC_AlarmAConfig) refers to main.o(.bss) for .bss
    main.o(i.RTC_Config) refers to stm32l4xx_hal_pwr.o(i.HAL_PWR_EnableBkUpAccess) for HAL_PWR_EnableBkUpAccess
    main.o(i.RTC_Config) refers to stm32l4xx_hal_rtc.o(i.HAL_RTC_Init) for HAL_RTC_Init
    main.o(i.RTC_Config) refers to stm32l476g_discovery_glass_lcd.o(i.BSP_LCD_GLASS_Clear) for BSP_LCD_GLASS_Clear
    main.o(i.RTC_Config) refers to stm32l476g_discovery_glass_lcd.o(i.BSP_LCD_GLASS_DisplayString) for BSP_LCD_GLASS_DisplayString
    main.o(i.RTC_Config) refers to stm32l4xx_hal_rtc.o(i.HAL_RTC_SetDate) for HAL_RTC_SetDate
    main.o(i.RTC_Config) refers to stm32l4xx_hal_rtc.o(i.HAL_RTC_SetTime) for HAL_RTC_SetTime
    main.o(i.RTC_Config) refers to stm32l4xx_hal_rtc.o(i.HAL_RTC_WaitForSynchro) for HAL_RTC_WaitForSynchro
    main.o(i.RTC_Config) refers to main.o(.bss) for .bss
    main.o(i.SystemClock_Config) refers to memseta.o(.text) for __aeabi_memclr4
    main.o(i.SystemClock_Config) refers to stm32l4xx_hal_rcc.o(i.HAL_RCC_OscConfig) for HAL_RCC_OscConfig
    main.o(i.SystemClock_Config) refers to stm32l4xx_hal_rcc.o(i.HAL_RCC_ClockConfig) for HAL_RCC_ClockConfig
    main.o(i.SystemClock_Config) refers to stm32l4xx_hal_pwr_ex.o(i.HAL_PWREx_ControlVoltageScaling) for HAL_PWREx_ControlVoltageScaling
    main.o(i.clearJoystickFlags) refers to main.o(.data) for .data
    main.o(i.displayDate) refers to main.o(i.bcd_decimal) for bcd_decimal
    main.o(i.displayDate) refers to printf6.o(i.__0snprintf$6) for __2snprintf
    main.o(i.displayDate) refers to stm32l476g_discovery_glass_lcd.o(i.BSP_LCD_GLASS_ScrollSentence) for BSP_LCD_GLASS_ScrollSentence
    main.o(i.displayDate) refers to main.o(.data) for .data
    main.o(i.displayDate) refers to main.o(.bss) for .bss
    main.o(i.displayPastTimes) refers to stm32l476g_discovery_glass_lcd.o(i.BSP_LCD_GLASS_Clear) for BSP_LCD_GLASS_Clear
    main.o(i.displayPastTimes) refers to main.o(i.getPastTimes) for getPastTimes
    main.o(i.displayPastTimes) refers to printf6.o(i.__0snprintf$6) for __2snprintf
    main.o(i.displayPastTimes) refers to stm32l476g_discovery_glass_lcd.o(i.BSP_LCD_GLASS_ScrollSentence) for BSP_LCD_GLASS_ScrollSentence
    main.o(i.displayPastTimes) refers to main.o(.bss) for .bss
    main.o(i.displaySetTime) refers to stm32l476g_discovery_glass_lcd.o(i.BSP_LCD_GLASS_Clear) for BSP_LCD_GLASS_Clear
    main.o(i.displaySetTime) refers to main.o(i.bcd_decimal) for bcd_decimal
    main.o(i.displaySetTime) refers to printf6.o(i.__0snprintf$6) for __2snprintf
    main.o(i.displaySetTime) refers to stm32l476g_discovery_glass_lcd.o(i.BSP_LCD_GLASS_DisplayString) for BSP_LCD_GLASS_DisplayString
    main.o(i.displaySetTime) refers to main.o(.bss) for .bss
    main.o(i.displayTime) refers to stm32l476g_discovery_glass_lcd.o(i.BSP_LCD_GLASS_Clear) for BSP_LCD_GLASS_Clear
    main.o(i.displayTime) refers to main.o(i.bcd_decimal) for bcd_decimal
    main.o(i.displayTime) refers to printf6.o(i.__0snprintf$6) for __2snprintf
    main.o(i.displayTime) refers to stm32l476g_discovery_glass_lcd.o(i.BSP_LCD_GLASS_DisplayString) for BSP_LCD_GLASS_DisplayString
    main.o(i.displayTime) refers to main.o(.bss) for .bss
    main.o(i.eepromTest) refers to i2c_at24c64.o(i.I2C_ByteWrite) for I2C_ByteWrite
    main.o(i.eepromTest) refers to i2c_at24c64.o(i.I2C_Error) for I2C_Error
    main.o(i.eepromTest) refers to stm32l476g_discovery_glass_lcd.o(i.BSP_LCD_GLASS_Clear) for BSP_LCD_GLASS_Clear
    main.o(i.eepromTest) refers to stm32l476g_discovery_glass_lcd.o(i.BSP_LCD_GLASS_DisplayString) for BSP_LCD_GLASS_DisplayString
    main.o(i.eepromTest) refers to stm32l4xx_hal.o(i.HAL_Delay) for HAL_Delay
    main.o(i.eepromTest) refers to i2c_at24c64.o(i.I2C_ByteRead) for I2C_ByteRead
    main.o(i.eepromTest) refers to main.o(.data) for .data
    main.o(i.eepromTest) refers to main.o(.bss) for .bss
    main.o(i.incrementDay) refers to main.o(i.bcd_decimal) for bcd_decimal
    main.o(i.incrementDay) refers to main.o(i.decimal_bcd) for decimal_bcd
    main.o(i.incrementDay) refers to main.o(.data) for .data
[...]
    Removing stm32l4xx_hal_dma.o(i.HAL_DMA_IRQHandler), (168 bytes).
    Removing stm32l4xx_hal_dma.o(i.HAL_DMA_Init), (192 bytes).
    Removing stm32l4xx_hal_dma.o(i.HAL_DMA_PollForTransfer), (212 bytes).
    Removing stm32l4xx_hal_dma.o(i.HAL_DMA_RegisterCallback), (74 bytes).
    Removing stm32l4xx_hal_dma.o(i.HAL_DMA_Start), (80 bytes).
    Removing stm32l4xx_hal_dma.o(i.HAL_DMA_Start_IT), (112 bytes).
    Removing stm32l4xx_hal_dma.o(i.HAL_DMA_UnRegisterCallback), (82 bytes).
    Removing stm32l4xx_hal_i2c.o(.rev16_text), (4 bytes).
    Removing stm32l4xx_hal_i2c.o(.revsh_text), (4 bytes).
    Removing stm32l4xx_hal_i2c.o(.rrx_text), (6 bytes).
    Removing stm32l4xx_hal_i2c.o(i.HAL_I2C_AbortCpltCallback), (2 bytes).
    Removing stm32l4xx_hal_i2c.o(i.HAL_I2C_AddrCallback), (2 bytes).
    Removing stm32l4xx_hal_i2c.o(i.HAL_I2C_DeInit), (50 bytes).
    Removing stm32l4xx_hal_i2c.o(i.HAL_I2C_DisableListen_IT), (54 bytes).
    Removing stm32l4xx_hal_i2c.o(i.HAL_I2C_ER_IRQHandler), (98 bytes).
    Removing stm32l4xx_hal_i2c.o(i.HAL_I2C_EV_IRQHandler), (16 bytes).
    Removing stm32l4xx_hal_i2c.o(i.HAL_I2C_EnableListen_IT), (40 bytes).
    Removing stm32l4xx_hal_i2c.o(i.HAL_I2C_ErrorCallback), (2 bytes).
    Removing stm32l4xx_hal_i2c.o(i.HAL_I2C_GetError), (4 bytes).
    Removing stm32l4xx_hal_i2c.o(i.HAL_I2C_GetMode), (6 bytes).
    Removing stm32l4xx_hal_i2c.o(i.HAL_I2C_IsDeviceReady), (294 bytes).
    Removing stm32l4xx_hal_i2c.o(i.HAL_I2C_ListenCpltCallback), (2 bytes).
    Removing stm32l4xx_hal_i2c.o(i.HAL_I2C_MasterRxCpltCallback), (2 bytes).
    Removing stm32l4xx_hal_i2c.o(i.HAL_I2C_MasterTxCpltCallback), (2 bytes).
    Removing stm32l4xx_hal_i2c.o(i.HAL_I2C_Master_Abort_IT), (94 bytes).
    Removing stm32l4xx_hal_i2c.o(i.HAL_I2C_Master_Receive), (310 bytes).
    Removing stm32l4xx_hal_i2c.o(i.HAL_I2C_Master_Receive_DMA), (240 bytes).
    Removing stm32l4xx_hal_i2c.o(i.HAL_I2C_Master_Receive_IT), (132 bytes).
    Removing stm32l4xx_hal_i2c.o(i.HAL_I2C_Master_Sequential_Receive_IT), (124 bytes).
    Removing stm32l4xx_hal_i2c.o(i.HAL_I2C_Master_Sequential_Transmit_IT), (124 bytes).
    Removing stm32l4xx_hal_i2c.o(i.HAL_I2C_Master_Transmit), (302 bytes).
    Removing stm32l4xx_hal_i2c.o(i.HAL_I2C_Master_Transmit_DMA), (244 bytes).
    Removing stm32l4xx_hal_i2c.o(i.HAL_I2C_Master_Transmit_IT), (132 bytes).
    Removing stm32l4xx_hal_i2c.o(i.HAL_I2C_MemRxCpltCallback), (2 bytes).
    Removing stm32l4xx_hal_i2c.o(i.HAL_I2C_MemTxCpltCallback), (2 bytes).
    Removing stm32l4xx_hal_i2c.o(i.HAL_I2C_Mem_Read), (370 bytes).
    Removing stm32l4xx_hal_i2c.o(i.HAL_I2C_Mem_Read_DMA), (270 bytes).
    Removing stm32l4xx_hal_i2c.o(i.HAL_I2C_Mem_Read_IT), (210 bytes).
    Removing stm32l4xx_hal_i2c.o(i.HAL_I2C_Mem_Write), (366 bytes).
    Removing stm32l4xx_hal_i2c.o(i.HAL_I2C_Mem_Write_DMA), (266 bytes).
    Removing stm32l4xx_hal_i2c.o(i.HAL_I2C_Mem_Write_IT), (206 bytes).
    Removing stm32l4xx_hal_i2c.o(i.HAL_I2C_MspDeInit), (2 bytes).
    Removing stm32l4xx_hal_i2c.o(i.HAL_I2C_MspInit), (2 bytes).
    Removing stm32l4xx_hal_i2c.o(i.HAL_I2C_SlaveRxCpltCallback), (2 bytes).
    Removing stm32l4xx_hal_i2c.o(i.HAL_I2C_SlaveTxCpltCallback), (2 bytes).
    Removing stm32l4xx_hal_i2c.o(i.HAL_I2C_Slave_Receive), (320 bytes).
    Removing stm32l4xx_hal_i2c.o(i.HAL_I2C_Slave_Receive_DMA), (164 bytes).
    Removing stm32l4xx_hal_i2c.o(i.HAL_I2C_Slave_Receive_IT), (92 bytes).
    Removing stm32l4xx_hal_i2c.o(i.HAL_I2C_Slave_Sequential_Receive_IT), (152 bytes).
    Removing stm32l4xx_hal_i2c.o(i.HAL_I2C_Slave_Sequential_Transmit_IT), (152 bytes).
    Removing stm32l4xx_hal_i2c.o(i.HAL_I2C_Slave_Transmit), (320 bytes).
    Removing stm32l4xx_hal_i2c.o(i.HAL_I2C_Slave_Transmit_DMA), (156 bytes).
    Removing stm32l4xx_hal_i2c.o(i.HAL_I2C_Slave_Transmit_IT), (92 bytes).
    Removing stm32l4xx_hal_i2c.o(i.I2C_DMAAbort), (50 bytes).
    Removing stm32l4xx_hal_i2c.o(i.I2C_DMAError), (18 bytes).
    Removing stm32l4xx_hal_i2c.o(i.I2C_DMAMasterReceiveCplt), (66 bytes).
    Removing stm32l4xx_hal_i2c.o(i.I2C_DMAMasterTransmitCplt), (66 bytes).
    Removing stm32l4xx_hal_i2c.o(i.I2C_DMASlaveReceiveCplt), (2 bytes).
    Removing stm32l4xx_hal_i2c.o(i.I2C_DMASlaveTransmitCplt), (2 bytes).
    Removing stm32l4xx_hal_i2c.o(i.I2C_Disable_IRQ), (86 bytes).
    Removing stm32l4xx_hal_i2c.o(i.I2C_Enable_IRQ), (96 bytes).
    Removing stm32l4xx_hal_i2c.o(i.I2C_Flush_TXDR), (34 bytes).
    Removing stm32l4xx_hal_i2c.o(i.I2C_ITAddrCplt), (136 bytes).
    Removing stm32l4xx_hal_i2c.o(i.I2C_ITError), (224 bytes).
    Removing stm32l4xx_hal_i2c.o(i.I2C_ITListenCplt), (92 bytes).
    Removing stm32l4xx_hal_i2c.o(i.I2C_ITMasterCplt), (180 bytes).
    Removing stm32l4xx_hal_i2c.o(i.I2C_ITMasterSequentialCplt), (76 bytes).
    Removing stm32l4xx_hal_i2c.o(i.I2C_ITSlaveCplt), (240 bytes).
    Removing stm32l4xx_hal_i2c.o(i.I2C_ITSlaveSequentialCplt), (84 bytes).
    Removing stm32l4xx_hal_i2c.o(i.I2C_IsAcknowledgeFailed), (124 bytes).
    Removing stm32l4xx_hal_i2c.o(i.I2C_Master_ISR_DMA), (196 bytes).
    Removing stm32l4xx_hal_i2c.o(i.I2C_Master_ISR_IT), (288 bytes).
    Removing stm32l4xx_hal_i2c.o(i.I2C_RequestMemoryRead), (110 bytes).
    Removing stm32l4xx_hal_i2c.o(i.I2C_RequestMemoryWrite), (110 bytes).
    Removing stm32l4xx_hal_i2c.o(i.I2C_Slave_ISR_DMA), (106 bytes).
    Removing stm32l4xx_hal_i2c.o(i.I2C_Slave_ISR_IT), (272 bytes).
    Removing stm32l4xx_hal_i2c.o(i.I2C_TransferConfig), (36 bytes).
    Removing stm32l4xx_hal_i2c.o(i.I2C_WaitOnFlagUntilTimeout), (82 bytes).
    Removing stm32l4xx_hal_i2c.o(i.I2C_WaitOnRXNEFlagUntilTimeout), (128 bytes).
    Removing stm32l4xx_hal_i2c.o(i.I2C_WaitOnSTOPFlagUntilTimeout), (78 bytes).
    Removing stm32l4xx_hal_i2c.o(i.I2C_WaitOnTXISFlagUntilTimeout), (82 bytes).
    Removing stm32l4xx_hal_i2c_ex.o(.rev16_text), (4 bytes).
    Removing stm32l4xx_hal_i2c_ex.o(.revsh_text), (4 bytes).
    Removing stm32l4xx_hal_i2c_ex.o(.rrx_text), (6 bytes).
    Removing stm32l4xx_hal_i2c_ex.o(i.HAL_I2CEx_ConfigAnalogFilter), (86 bytes).
    Removing stm32l4xx_hal_i2c_ex.o(i.HAL_I2CEx_ConfigDigitalFilter), (82 bytes).
    Removing stm32l4xx_hal_i2c_ex.o(i.HAL_I2CEx_DisableFastModePlus), (40 bytes).
    Removing stm32l4xx_hal_i2c_ex.o(i.HAL_I2CEx_DisableWakeUp), (78 bytes).
    Removing stm32l4xx_hal_i2c_ex.o(i.HAL_I2CEx_EnableFastModePlus), (40 bytes).
    Removing stm32l4xx_hal_i2c_ex.o(i.HAL_I2CEx_EnableWakeUp), (78 bytes).
    Removing stm32l4xx_hal_rtc.o(.rev16_text), (4 bytes).
    Removing stm32l4xx_hal_rtc.o(.revsh_text), (4 bytes).
    Removing stm32l4xx_hal_rtc.o(.rrx_text), (6 bytes).
    Removing stm32l4xx_hal_rtc.o(i.HAL_RTC_AlarmAEventCallback), (2 bytes).
    Removing stm32l4xx_hal_rtc.o(i.HAL_RTC_DeInit), (224 bytes).
    Removing stm32l4xx_hal_rtc.o(i.HAL_RTC_DeactivateAlarm), (186 bytes).
    Removing stm32l4xx_hal_rtc.o(i.HAL_RTC_GetAlarm), (126 bytes).
    Removing stm32l4xx_hal_rtc.o(i.HAL_RTC_GetState), (6 bytes).
    Removing stm32l4xx_hal_rtc.o(i.HAL_RTC_MspDeInit), (2 bytes).
    Removing stm32l4xx_hal_rtc.o(i.HAL_RTC_PollForAlarmAEvent), (70 bytes).
    Removing stm32l4xx_hal_rtc.o(i.HAL_RTC_SetAlarm), (368 bytes).
    Removing stm32l4xx_hal_rtc_ex.o(.rev16_text), (4 bytes).
    Removing stm32l4xx_hal_rtc_ex.o(.revsh_text), (4 bytes).
    Removing stm32l4xx_hal_rtc_ex.o(.rrx_text), (6 bytes).
    Removing stm32l4xx_hal_rtc_ex.o(i.HAL_RTCEx_BKUPRead), (10 bytes).
    Removing stm32l4xx_hal_rtc_ex.o(i.HAL_RTCEx_BKUPWrite), (10 bytes).
    Removing stm32l4xx_hal_rtc_ex.o(i.HAL_RTCEx_DeactivateCalibrationOutPut), (66 bytes).
    Removing stm32l4xx_hal_rtc_ex.o(i.HAL_RTCEx_DeactivateInternalTimeStamp), (66 bytes).
    Removing stm32l4xx_hal_rtc_ex.o(i.HAL_RTCEx_DeactivateRefClock), (110 bytes).
    Removing stm32l4xx_hal_rtc_ex.o(i.HAL_RTCEx_DeactivateTamper), (104 bytes).
    Removing stm32l4xx_hal_rtc_ex.o(i.HAL_RTCEx_DeactivateTimeStamp), (80 bytes).
    Removing stm32l4xx_hal_rtc_ex.o(i.HAL_RTCEx_DeactivateWakeUpTimer), (138 bytes).
    Removing stm32l4xx_hal_rtc_ex.o(i.HAL_RTCEx_DisableBypassShadow), (66 bytes).
    Removing stm32l4xx_hal_rtc_ex.o(i.HAL_RTCEx_EnableBypassShadow), (66 bytes).
    Removing stm32l4xx_hal_rtc_ex.o(i.HAL_RTCEx_GetTimeStamp), (168 bytes).
    Removing stm32l4xx_hal_rtc_ex.o(i.HAL_RTCEx_GetWakeUpTimer), (8 bytes).
    Removing stm32l4xx_hal_rtc_ex.o(i.HAL_RTCEx_PollForAlarmBEvent), (70 bytes).
    Removing stm32l4xx_hal_rtc_ex.o(i.HAL_RTCEx_PollForTamper1Event), (70 bytes).
    Removing stm32l4xx_hal_rtc_ex.o(i.HAL_RTCEx_PollForTamper2Event), (70 bytes).
    Removing stm32l4xx_hal_rtc_ex.o(i.HAL_RTCEx_PollForTamper3Event), (72 bytes).
    Removing stm32l4xx_hal_rtc_ex.o(i.HAL_RTCEx_PollForTimeStampEvent), (84 bytes).
    Removing stm32l4xx_hal_rtc_ex.o(i.HAL_RTCEx_PollForWakeUpTimerEvent), (70 bytes).
    Removing stm32l4xx_hal_rtc_ex.o(i.HAL_RTCEx_SetCalibrationOutPut), (86 bytes).
    Removing stm32l4xx_hal_rtc_ex.o(i.HAL_RTCEx_SetInternalTimeStamp), (66 bytes).
    Removing stm32l4xx_hal_rtc_ex.o(i.HAL_RTCEx_SetRefClock), (110 bytes).
    Removing stm32l4xx_hal_rtc_ex.o(i.HAL_RTCEx_SetSmoothCalib), (152 bytes).
    Removing stm32l4xx_hal_rtc_ex.o(i.HAL_RTCEx_SetSynchroShift), (174 bytes).
    Removing stm32l4xx_hal_rtc_ex.o(i.HAL_RTCEx_SetTamper), (196 bytes).
    Removing stm32l4xx_hal_rtc_ex.o(i.HAL_RTCEx_SetTamper_IT), (228 bytes).
    Removing stm32l4xx_hal_rtc_ex.o(i.HAL_RTCEx_SetTimeStamp), (82 bytes).
    Removing stm32l4xx_hal_rtc_ex.o(i.HAL_RTCEx_SetTimeStamp_IT), (120 bytes).
    Removing stm32l4xx_hal_rtc_ex.o(i.HAL_RTCEx_SetWakeUpTimer), (208 bytes).
    Removing stm32l4xx_hal_rtc_ex.o(i.HAL_RTCEx_SetWakeUpTimer_IT), (262 bytes).
    Removing stm32l4xx_hal_rtc_ex.o(i.HAL_RTCEx_WakeUpTimerEventCallback), (2 bytes).
    Removing stm32l4xx_hal_rtc_ex.o(i.HAL_RTCEx_WakeUpTimerIRQHandler), (52 bytes).
    Removing buttons_stm32l476g-eval.o(.rev16_text), (4 bytes).
    Removing buttons_stm32l476g-eval.o(.revsh_text), (4 bytes).
    Removing buttons_stm32l476g-eval.o(.rrx_text), (6 bytes).
    Removing buttons_stm32l476g-eval.o(i.Buttons_GetCount), (4 bytes).
    Removing buttons_stm32l476g-eval.o(i.Buttons_GetState), (20 bytes).
    Removing buttons_stm32l476g-eval.o(i.Buttons_Initialize), (64 bytes).
    Removing buttons_stm32l476g-eval.o(i.Buttons_Uninitialize), (20 bytes).
    Removing led_stm32l476g-eval.o(.rev16_text), (4 bytes).
    Removing led_stm32l476g-eval.o(.revsh_text), (4 bytes).
    Removing led_stm32l476g-eval.o(.rrx_text), (6 bytes).
    Removing led_stm32l476g-eval.o(i.LED_GetCount), (4 bytes).
    Removing led_stm32l476g-eval.o(i.LED_Initialize), (80 bytes).
    Removing led_stm32l476g-eval.o(i.LED_Off), (28 bytes).
    Removing led_stm32l476g-eval.o(i.LED_On), (28 bytes).
    Removing led_stm32l476g-eval.o(i.LED_SetOut), (26 bytes).
    Removing led_stm32l476g-eval.o(i.LED_Uninitialize), (4 bytes).
    Removing led_stm32l476g-eval.o(.constdata), (4 bytes).
    Removing startup_stm32l476xx.o(HEAP), (512 bytes).
    Removing system_stm32l4xx.o(.rev16_text), (4 bytes).
    Removing system_stm32l4xx.o(.revsh_text), (4 bytes).
    Removing system_stm32l4xx.o(.rrx_text), (6 bytes).
    Removing system_stm32l4xx.o(i.SystemCoreClockUpdate), (168 bytes).
    Removing system_stm32l4xx.o(.constdata), (8 bytes).
    Removing dadd.o(.text), (350 bytes).
    Removing dmul.o(.text), (234 bytes).
    Removing ddiv.o(.text), (222 bytes).
    Removing dfixul.o(.text), (48 bytes).
    Removing cdrcmple.o(.text), (48 bytes).
    Removing depilogue.o(.text), (186 bytes).

544 unused section(s) (total 39042 bytes) removed from the image.

==============================================================================

Image Symbol Table

    Local Symbols

    Symbol Name                              Value     Ov Type        Size  Object(Section)

    ../clib/microlib/division.c              0x00000000   Number         0  uidiv.o ABSOLUTE
    ../clib/microlib/division.c              0x00000000   Number         0  uldiv.o ABSOLUTE
    ../clib/microlib/init/entry.s            0x00000000   Number         0  entry8b.o ABSOLUTE
    ../clib/microlib/init/entry.s            0x00000000   Number         0  entry9a.o ABSOLUTE
    ../clib/microlib/init/entry.s            0x00000000   Number         0  entry10a.o ABSOLUTE
    ../clib/microlib/init/entry.s            0x00000000   Number         0  entry9b.o ABSOLUTE
    ../clib/microlib/init/entry.s            0x00000000   Number         0  entry10b.o ABSOLUTE
    ../clib/microlib/init/entry.s            0x00000000   Number         0  entry11a.o ABSOLUTE
    ../clib/microlib/init/entry.s            0x00000000   Number         0  entry7b.o ABSOLUTE
    ../clib/microlib/init/entry.s            0x00000000   Number         0  entry.o ABSOLUTE
    ../clib/microlib/init/entry.s            0x00000000   Number         0  entry8a.o ABSOLUTE
    ../clib/microlib/init/entry.s            0x00000000   Number         0  entry2.o ABSOLUTE
    ../clib/microlib/init/entry.s            0x00000000   Number         0  entry11b.o ABSOLUTE
    ../clib/microlib/init/entry.s            0x00000000   Number         0  entry5.o ABSOLUTE
    ../clib/microlib/init/entry.s            0x00000000   Number         0  entry7a.o ABSOLUTE
    ../clib/microlib/longlong.c              0x00000000   Number         0  llsshr.o ABSOLUTE
    ../clib/microlib/longlong.c              0x00000000   Number         0  llushr.o ABSOLUTE
    ../clib/microlib/longlong.c              0x00000000   Number         0  llshl.o ABSOLUTE
    ../clib/microlib/printf/printf.c         0x00000000   Number         0  printfb.o ABSOLUTE
    ../clib/microlib/printf/printf.c         0x00000000   Number         0  printf4.o ABSOLUTE
    ../clib/microlib/printf/printf.c         0x00000000   Number         0  printf5.o ABSOLUTE
    ../clib/microlib/printf/printf.c         0x00000000   Number         0  printf6.o ABSOLUTE
    ../clib/microlib/printf/printf.c         0x00000000   Number         0  printf7.o ABSOLUTE
    ../clib/microlib/printf/printf.c         0x00000000   Number         0  printf8.o ABSOLUTE
    ../clib/microlib/printf/printf.c         0x00000000   Number         0  printfa.o ABSOLUTE
    ../clib/microlib/printf/printf.c         0x00000000   Number         0  printf0.o ABSOLUTE
    ../clib/microlib/printf/printf.c         0x00000000   Number         0  printf1.o ABSOLUTE
    ../clib/microlib/printf/printf.c         0x00000000   Number         0  printf2.o ABSOLUTE
    ../clib/microlib/printf/printf.c         0x00000000   Number         0  printf3.o ABSOLUTE
    ../clib/microlib/printf/stubs.s          0x00000000   Number         0  stubs.o ABSOLUTE
    ../clib/microlib/stdio/fputc.c           0x00000000   Number         0  fputc.o ABSOLUTE
    ../clib/microlib/stdio/semi.s            0x00000000   Number         0  semi.o ABSOLUTE
    ../clib/microlib/stdio/streams.c         0x00000000   Number         0  stdout.o ABSOLUTE
    ../clib/microlib/string/memset.c         0x00000000   Number         0  memseta.o ABSOLUTE
    ../clib/microlib/stubs.s                 0x00000000   Number         0  iusefp.o ABSOLUTE
    ../clib/microlib/stubs.s                 0x00000000   Number         0  iusesemip.o ABSOLUTE
    ../fplib/microlib/fpadd.c                0x00000000   Number         0  dadd.o ABSOLUTE
    ../fplib/microlib/fpdiv.c                0x00000000   Number         0  ddiv.o ABSOLUTE
    ../fplib/microlib/fpepilogue.c           0x00000000   Number         0  depilogue.o ABSOLUTE
    ../fplib/microlib/fpfix.c                0x00000000   Number         0  dfixul.o ABSOLUTE
    ../fplib/microlib/fpmul.c                0x00000000   Number         0  dmul.o ABSOLUTE
    ..\STM32Cube_FW_L4_V1.8.0\Drivers\BSP\STM32L476G-Discovery\stm32l476g_discovery.c 0x00000000   Number         0  stm32l476g_discovery.o ABSOLUTE
    ..\STM32Cube_FW_L4_V1.8.0\Drivers\BSP\STM32L476G-Discovery\stm32l476g_discovery_glass_lcd.c 0x00000000   Number         0  stm32l476g_discovery_glass_lcd.o ABSOLUTE
    ..\STM32Cube_FW_L4_V1.8.0\Drivers\STM32L4xx_HAL_Driver\Src\stm32l4xx_hal.c 0x00000000   Number         0  stm32l4xx_hal.o ABSOLUTE
    ..\STM32Cube_FW_L4_V1.8.0\Drivers\STM32L4xx_HAL_Driver\Src\stm32l4xx_hal_cortex.c 0x00000000   Number         0  stm32l4xx_hal_cortex.o ABSOLUTE
    ..\STM32Cube_FW_L4_V1.8.0\Drivers\STM32L4xx_HAL_Driver\Src\stm32l4xx_hal_dma.c 0x00000000   Number         0  stm32l4xx_hal_dma.o ABSOLUTE
    ..\STM32Cube_FW_L4_V1.8.0\Drivers\STM32L4xx_HAL_Driver\Src\stm32l4xx_hal_gpio.c 0x00000000   Number         0  stm32l4xx_hal_gpio.o ABSOLUTE
    ..\STM32Cube_FW_L4_V1.8.0\Drivers\STM32L4xx_HAL_Driver\Src\stm32l4xx_hal_i2c.c 0x00000000   Number         0  stm32l4xx_hal_i2c.o ABSOLUTE
    ..\STM32Cube_FW_L4_V1.8.0\Drivers\STM32L4xx_HAL_Driver\Src\stm32l4xx_hal_i2c_ex.c 0x00000000   Number         0  stm32l4xx_hal_i2c_ex.o ABSOLUTE
    ..\STM32Cube_FW_L4_V1.8.0\Drivers\STM32L4xx_HAL_Driver\Src\stm32l4xx_hal_lcd.c 0x00000000   Number         0  stm32l4xx_hal_lcd.o ABSOLUTE
    ..\STM32Cube_FW_L4_V1.8.0\Drivers\STM32L4xx_HAL_Driver\Src\stm32l4xx_hal_pwr.c 0x00000000   Number         0  stm32l4xx_hal_pwr.o ABSOLUTE
    ..\STM32Cube_FW_L4_V1.8.0\Drivers\STM32L4xx_HAL_Driver\Src\stm32l4xx_hal_pwr_ex.c 0x00000000   Number         0  stm32l4xx_hal_pwr_ex.o ABSOLUTE
    ..\STM32Cube_FW_L4_V1.8.0\Drivers\STM32L4xx_HAL_Driver\Src\stm32l4xx_hal_rcc.c 0x00000000   Number         0  stm32l4xx_hal_rcc.o ABSOLUTE
    ..\STM32Cube_FW_L4_V1.8.0\Drivers\STM32L4xx_HAL_Driver\Src\stm32l4xx_hal_rcc_ex.c 0x00000000   Number         0  stm32l4xx_hal_rcc_ex.o ABSOLUTE
    ..\STM32Cube_FW_L4_V1.8.0\Drivers\STM32L4xx_HAL_Driver\Src\stm32l4xx_hal_rtc.c 0x00000000   Number         0  stm32l4xx_hal_rtc.o ABSOLUTE
    ..\STM32Cube_FW_L4_V1.8.0\Drivers\STM32L4xx_HAL_Driver\Src\stm32l4xx_hal_rtc_ex.c 0x00000000   Number         0  stm32l4xx_hal_rtc_ex.o ABSOLUTE
    ..\STM32Cube_FW_L4_V1.8.0\Drivers\STM32L4xx_HAL_Driver\Src\stm32l4xx_hal_tim.c 0x00000000   Number         0  stm32l4xx_hal_tim.o ABSOLUTE
    ..\STM32Cube_FW_L4_V1.8.0\Drivers\STM32L4xx_HAL_Driver\Src\stm32l4xx_hal_tim_ex.c 0x00000000   Number         0  stm32l4xx_hal_tim_ex.o ABSOLUTE
    ..\\STM32Cube_FW_L4_V1.8.0\\Drivers\\BSP\\STM32L476G-Discovery\\stm32l476g_discovery.c 0x00000000   Number         0  stm32l476g_discovery.o ABSOLUTE
    ..\\STM32Cube_FW_L4_V1.8.0\\Drivers\\BSP\\STM32L476G-Discovery\\stm32l476g_discovery_glass_lcd.c 0x00000000   Number         0  stm32l476g_discovery_glass_lcd.o ABSOLUTE
    ..\\STM32Cube_FW_L4_V1.8.0\\Drivers\\STM32L4xx_HAL_Driver\\Src\\stm32l4xx_hal.c 0x00000000   Number         0  stm32l4xx_hal.o ABSOLUTE
    ..\\STM32Cube_FW_L4_V1.8.0\\Drivers\\STM32L4xx_HAL_Driver\\Src\\stm32l4xx_hal_cortex.c 0x00000000   Number         0  stm32l4xx_hal_cortex.o ABSOLUTE
    ..\\STM32Cube_FW_L4_V1.8.0\\Drivers\\STM32L4xx_HAL_Driver\\Src\\stm32l4xx_hal_dma.c 0x00000000   Number         0  stm32l4xx_hal_dma.o ABSOLUTE
    ..\\STM32Cube_FW_L4_V1.8.0\\Drivers\\STM32L4xx_HAL_Driver\\Src\\stm32l4xx_hal_gpio.c 0x00000000   Number         0  stm32l4xx_hal_gpio.o ABSOLUTE
    ..\\STM32Cube_FW_L4_V1.8.0\\Drivers\\STM32L4xx_HAL_Driver\\Src\\stm32l4xx_hal_i2c.c 0x00000000   Number         0  stm32l4xx_hal_i2c.o ABSOLUTE
    ..\\STM32Cube_FW_L4_V1.8.0\\Drivers\\STM32L4xx_HAL_Driver\\Src\\stm32l4xx_hal_i2c_ex.c 0x00000000   Number         0  stm32l4xx_hal_i2c_ex.o ABSOLUTE
    ..\\STM32Cube_FW_L4_V1.8.0\\Drivers\\STM32L4xx_HAL_Driver\\Src\\stm32l4xx_hal_lcd.c 0x00000000   Number         0  stm32l4xx_hal_lcd.o ABSOLUTE
    ..\\STM32Cube_FW_L4_V1.8.0\\Drivers\\STM32L4xx_HAL_Driver\\Src\\stm32l4xx_hal_pwr.c 0x00000000   Number         0  stm32l4xx_hal_pwr.o ABSOLUTE
    ..\\STM32Cube_FW_L4_V1.8.0\\Drivers\\STM32L4xx_HAL_Driver\\Src\\stm32l4xx_hal_pwr_ex.c 0x00000000   Number         0  stm32l4xx_hal_pwr_ex.o ABSOLUTE
    ..\\STM32Cube_FW_L4_V1.8.0\\Drivers\\STM32L4xx_HAL_Driver\\Src\\stm32l4xx_hal_rcc.c 0x00000000   Number         0  stm32l4xx_hal_rcc.o ABSOLUTE
    ..\\STM32Cube_FW_L4_V1.8.0\\Drivers\\STM32L4xx_HAL_Driver\\Src\\stm32l4xx_hal_rcc_ex.c 0x00000000   Number         0  stm32l4xx_hal_rcc_ex.o ABSOLUTE
    ..\\STM32Cube_FW_L4_V1.8.0\\Drivers\\STM32L4xx_HAL_Driver\\Src\\stm32l4xx_hal_rtc.c 0x00000000   Number         0  stm32l4xx_hal_rtc.o ABSOLUTE
    ..\\STM32Cube_FW_L4_V1.8.0\\Drivers\\STM32L4xx_HAL_Driver\\Src\\stm32l4xx_hal_rtc_ex.c 0x00000000   Number         0  stm32l4xx_hal_rtc_ex.o ABSOLUTE
    ..\\STM32Cube_FW_L4_V1.8.0\\Drivers\\STM32L4xx_HAL_Driver\\Src\\stm32l4xx_hal_tim.c 0x00000000   Number         0  stm32l4xx_hal_tim.o ABSOLUTE
    ..\\STM32Cube_FW_L4_V1.8.0\\Drivers\\STM32L4xx_HAL_Driver\\Src\\stm32l4xx_hal_tim_ex.c 0x00000000   Number         0  stm32l4xx_hal_tim_ex.o ABSOLUTE
    C:\Users\Adam\AppData\Local\Arm\Packs\Keil\STM32L4xx_DFP\1.4.0\Boards\ST\STM32L476G-EVAL\Common\Buttons_STM32L476G-EVAL.c 0x00000000   Number         0  buttons_stm32l476g-eval.o ABSOLUTE
    C:\Users\Adam\AppData\Local\Arm\Packs\Keil\STM32L4xx_DFP\1.4.0\Boards\ST\STM32L476G-EVAL\Common\LED_STM32L476G-EVAL.c 0x00000000   Number         0  led_stm32l476g-eval.o ABSOLUTE
    C:\\Users\\Adam\\AppData\\Local\\Arm\\Packs\\Keil\\STM32L4xx_DFP\\1.4.0\\Boards\\ST\\STM32L476G-EVAL\\Common\\Buttons_STM32L476G-EVAL.c 0x00000000   Number         0  buttons_stm32l476g-eval.o ABSOLUTE
    C:\\Users\\Adam\\AppData\\Local\\Arm\\Packs\\Keil\\STM32L4xx_DFP\\1.4.0\\Boards\\ST\\STM32L476G-EVAL\\Common\\LED_STM32L476G-EVAL.c 0x00000000   Number         0  led_stm32l476g-eval.o ABSOLUTE
    RTE\Device\STM32L476VGTx\startup_stm32l476xx.s 0x00000000   Number         0  startup_stm32l476xx.o ABSOLUTE
    RTE\Device\STM32L476VGTx\system_stm32l4xx.c 0x00000000   Number         0  system_stm32l4xx.o ABSOLUTE
    RTE\\Device\\STM32L476VGTx\\system_stm32l4xx.c 0x00000000   Number         0  system_stm32l4xx.o ABSOLUTE
    cdrcmple.s                               0x00000000   Number         0  cdrcmple.o ABSOLUTE
    dc.s                                     0x00000000   Number         0  dc.o ABSOLUTE
    handlers.s                               0x00000000   Number         0  handlers.o ABSOLUTE
    init.s                                   0x00000000   Number         0  init.o ABSOLUTE
    src\\i2c_at24c64.c                       0x00000000   Number         0  i2c_at24c64.o ABSOLUTE
    src\\main.c                              0x00000000   Number         0  main.o ABSOLUTE
    src\\stm32l4xx_hal_msp.c                 0x00000000   Number         0  stm32l4xx_hal_msp.o ABSOLUTE
    src\\stm32l4xx_it.c                      0x00000000   Number         0  stm32l4xx_it.o ABSOLUTE
    src\i2c_at24c64.c                        0x00000000   Number         0  i2c_at24c64.o ABSOLUTE
    src\main.c                               0x00000000   Number         0  main.o ABSOLUTE
    src\stm32l4xx_hal_msp.c                  0x00000000   Number         0  stm32l4xx_hal_msp.o ABSOLUTE
    src\stm32l4xx_it.c                       0x00000000   Number         0  stm32l4xx_it.o ABSOLUTE
    RESET                                    0x08000000   Section      392  startup_stm32l476xx.o(RESET)
    .ARM.Collect$$$$00000000                 0x08000188   Section        0  entry.o(.ARM.Collect$$$$00000000)
    .ARM.Collect$$$$00000001                 0x08000188   Section        4  entry2.o(.ARM.Collect$$$$00000001)
    .ARM.Collect$$$$00000004                 0x0800018c   Section        4  entry5.o(.ARM.Collect$$$$00000004)
    .ARM.Collect$$$$00000008                 0x08000190   Section        0  entry7b.o(.ARM.Collect$$$$00000008)
    .ARM.Collect$$$$0000000A                 0x08000190   Section        0  entry8b.o(.ARM.Collect$$$$0000000A)
    .ARM.Collect$$$$0000000B                 0x08000190   Section        8  entry9a.o(.ARM.Collect$$$$0000000B)
    .ARM.Collect$$$$0000000D                 0x08000198   Section        0  entry10a.o(.ARM.Collect$$$$0000000D)
    .ARM.Collect$$$$0000000F                 0x08000198   Section        0  entry11a.o(.ARM.Collect$$$$0000000F)
    .ARM.Collect$$$$00002712                 0x08000198   Section        4  entry2.o(.ARM.Collect$$$$00002712)
    __lit__00000000                          0x08000198   Data           4  entry2.o(.ARM.Collect$$$$00002712)
    .text                                    0x0800019c   Section       36  startup_stm32l476xx.o(.text)
    $v0                                      0x0800019c   Number         0  startup_stm32l476xx.o(.text)
    .text                                    0x080001c0   Section        0  memseta.o(.text)
    .text                                    0x080001e4   Section        0  uidiv.o(.text)
    .text                                    0x08000210   Section       36  init.o(.text)
    i.BSP_JOY_GetState                       0x08000234   Section        0  stm32l476g_discovery.o(i.BSP_JOY_GetState)
    i.BSP_JOY_Init                           0x08000264   Section        0  stm32l476g_discovery.o(i.BSP_JOY_Init)
    i.BSP_LCD_GLASS_Clear                    0x0800031c   Section        0  stm32l476g_discovery_glass_lcd.o(i.BSP_LCD_GLASS_Clear)
    i.BSP_LCD_GLASS_DisplayString            0x08000328   Section        0  stm32l476g_discovery_glass_lcd.o(i.BSP_LCD_GLASS_DisplayString)
    i.BSP_LCD_GLASS_Init                     0x08000358   Section        0  stm32l476g_discovery_glass_lcd.o(i.BSP_LCD_GLASS_Init)
    i.BSP_LCD_GLASS_ScrollSentence           0x080003a4   Section        0  stm32l476g_discovery_glass_lcd.o(i.BSP_LCD_GLASS_ScrollSentence)
    i.BSP_LED_Init                           0x08000484   Section        0  stm32l476g_discovery.o(i.BSP_LED_Init)
    i.BSP_LED_Toggle                         0x080004f4   Section        0  stm32l476g_discovery.o(i.BSP_LED_Toggle)
    i.BusFault_Handler                       0x0800050c   Section        0  stm32l4xx_it.o(i.BusFault_Handler)
    i.Convert                                0x08000510   Section        0  stm32l476g_discovery_glass_lcd.o(i.Convert)
    Convert                                  0x08000511   Thumb Code   254  stm32l476g_discovery_glass_lcd.o(i.Convert)
    i.DebugMon_Handler                       0x08000618   Section        0  stm32l4xx_it.o(i.DebugMon_Handler)
    i.EXTI0_IRQHandler                       0x0800061a   Section        0  stm32l4xx_it.o(i.EXTI0_IRQHandler)
    i.EXTI15_10_IRQHandler                   0x08000620   Section        0  stm32l4xx_it.o(i.EXTI15_10_IRQHandler)
    i.EXTI1_IRQHandler                       0x08000628   Section        0  stm32l4xx_it.o(i.EXTI1_IRQHandler)
    i.EXTI2_IRQHandler                       0x0800062e   Section        0  stm32l4xx_it.o(i.EXTI2_IRQHandler)
    i.EXTI3_IRQHandler                       0x08000634   Section        0  stm32l4xx_it.o(i.EXTI3_IRQHandler)
    i.EXTI9_5_IRQHandler                     0x0800063a   Section        0  stm32l4xx_it.o(i.EXTI9_5_IRQHandler)
    i.HAL_Delay                              0x08000640   Section        0  stm32l4xx_hal.o(i.HAL_Delay)
    i.HAL_GPIO_EXTI_Callback                 0x0800065c   Section        0  main.o(i.HAL_GPIO_EXTI_Callback)
    i.HAL_GPIO_EXTI_IRQHandler               0x08000690   Section        0  stm32l4xx_hal_gpio.o(i.HAL_GPIO_EXTI_IRQHandler)
    i.HAL_GPIO_Init                          0x080006a8   Section        0  stm32l4xx_hal_gpio.o(i.HAL_GPIO_Init)
    i.HAL_GPIO_ReadPin                       0x08000872   Section        0  stm32l4xx_hal_gpio.o(i.HAL_GPIO_ReadPin)
    i.HAL_GPIO_TogglePin                     0x0800087c   Section        0  stm32l4xx_hal_gpio.o(i.HAL_GPIO_TogglePin)
    i.HAL_GPIO_WritePin                      0x08000884   Section        0  stm32l4xx_hal_gpio.o(i.HAL_GPIO_WritePin)
    i.HAL_GetTick                            0x08000890   Section        0  stm32l4xx_hal.o(i.HAL_GetTick)
    i.HAL_I2C_GetState                       0x0800089c   Section        0  stm32l4xx_hal_i2c.o(i.HAL_I2C_GetState)
    i.HAL_I2C_Init                           0x080008a4   Section        0  stm32l4xx_hal_i2c.o(i.HAL_I2C_Init)
    i.HAL_I2C_MspInit                        0x0800095c   Section        0  stm32l4xx_hal_msp.o(i.HAL_I2C_MspInit)
    i.HAL_IncTick                            0x08000960   Section        0  stm32l4xx_hal.o(i.HAL_IncTick)
    i.HAL_Init                               0x08000970   Section        0  stm32l4xx_hal.o(i.HAL_Init)
    i.HAL_InitTick                           0x08000988   Section        0  stm32l4xx_hal.o(i.HAL_InitTick)
    i.HAL_LCD_Clear                          0x080009b0   Section        0  stm32l4xx_hal_lcd.o(i.HAL_LCD_Clear)
    i.HAL_LCD_Init                           0x08000a30   Section        0  stm32l4xx_hal_lcd.o(i.HAL_LCD_Init)
    i.HAL_LCD_MspInit                        0x08000b2c   Section        0  stm32l4xx_hal_lcd.o(i.HAL_LCD_MspInit)
    i.HAL_LCD_UpdateDisplayRequest           0x08000b2e   Section        0  stm32l4xx_hal_lcd.o(i.HAL_LCD_UpdateDisplayRequest)
    i.HAL_LCD_Write                          0x08000b84   Section        0  stm32l4xx_hal_lcd.o(i.HAL_LCD_Write)
    i.HAL_MspInit                            0x08000c0c   Section        0  stm32l4xx_hal_msp.o(i.HAL_MspInit)
    i.HAL_NVIC_EnableIRQ                     0x08000c0e   Section        0  stm32l4xx_hal_cortex.o(i.HAL_NVIC_EnableIRQ)
    i.HAL_NVIC_SetPriority                   0x08000c24   Section        0  stm32l4xx_hal_cortex.o(i.HAL_NVIC_SetPriority)
    i.HAL_NVIC_SetPriorityGrouping           0x08000c64   Section        0  stm32l4xx_hal_cortex.o(i.HAL_NVIC_SetPriorityGrouping)
    i.HAL_PWREx_ControlVoltageScaling        0x08000c88   Section        0  stm32l4xx_hal_pwr_ex.o(i.HAL_PWREx_ControlVoltageScaling)
    i.HAL_PWREx_EnableVddIO2                 0x08000cec   Section        0  stm32l4xx_hal_pwr_ex.o(i.HAL_PWREx_EnableVddIO2)
    i.HAL_PWREx_GetVoltageRange              0x08000cfc   Section        0  stm32l4xx_hal_pwr_ex.o(i.HAL_PWREx_GetVoltageRange)
    i.HAL_PWR_EnableBkUpAccess               0x08000d0c   Section        0  stm32l4xx_hal_pwr.o(i.HAL_PWR_EnableBkUpAccess)
    i.HAL_RCCEx_PeriphCLKConfig              0x08000d1c   Section        0  stm32l4xx_hal_rcc_ex.o(i.HAL_RCCEx_PeriphCLKConfig)
    i.HAL_RCC_ClockConfig                    0x080010cc   Section        0  stm32l4xx_hal_rcc.o(i.HAL_RCC_ClockConfig)
    i.HAL_RCC_GetSysClockFreq                0x0800124c   Section        0  stm32l4xx_hal_rcc.o(i.HAL_RCC_GetSysClockFreq)
    i.HAL_RCC_OscConfig                      0x08001348   Section        0  stm32l4xx_hal_rcc.o(i.HAL_RCC_OscConfig)
    i.HAL_RTCEx_AlarmBEventCallback          0x080017c8   Section        0  stm32l4xx_hal_rtc_ex.o(i.HAL_RTCEx_AlarmBEventCallback)
    i.HAL_RTCEx_Tamper1EventCallback         0x080017ca   Section        0  stm32l4xx_hal_rtc_ex.o(i.HAL_RTCEx_Tamper1EventCallback)
    i.HAL_RTCEx_Tamper2EventCallback         0x080017cc   Section        0  stm32l4xx_hal_rtc_ex.o(i.HAL_RTCEx_Tamper2EventCallback)
    i.HAL_RTCEx_Tamper3EventCallback         0x080017ce   Section        0  stm32l4xx_hal_rtc_ex.o(i.HAL_RTCEx_Tamper3EventCallback)
    i.HAL_RTCEx_TamperTimeStampIRQHandler    0x080017d0   Section        0  stm32l4xx_hal_rtc_ex.o(i.HAL_RTCEx_TamperTimeStampIRQHandler)
    i.HAL_RTCEx_TimeStampEventCallback       0x080018ac   Section        0  stm32l4xx_hal_rtc_ex.o(i.HAL_RTCEx_TimeStampEventCallback)
    i.HAL_RTC_AlarmAEventCallback            0x080018b0   Section        0  main.o(i.HAL_RTC_AlarmAEventCallback)
    i.HAL_RTC_AlarmIRQHandler                0x080018bc   Section        0  stm32l4xx_hal_rtc.o(i.HAL_RTC_AlarmIRQHandler)
    i.HAL_RTC_GetDate                        0x08001930   Section        0  stm32l4xx_hal_rtc.o(i.HAL_RTC_GetDate)
    i.HAL_RTC_GetTime                        0x08001974   Section        0  stm32l4xx_hal_rtc.o(i.HAL_RTC_GetTime)
    i.HAL_RTC_Init                           0x080019cc   Section        0  stm32l4xx_hal_rtc.o(i.HAL_RTC_Init)
    i.HAL_RTC_MspInit                        0x08001a84   Section        0  stm32l4xx_hal_rtc.o(i.HAL_RTC_MspInit)
    i.HAL_RTC_SetAlarm_IT                    0x08001a88   Section        0  stm32l4xx_hal_rtc.o(i.HAL_RTC_SetAlarm_IT)
    i.HAL_RTC_SetDate                        0x08001c30   Section        0  stm32l4xx_hal_rtc.o(i.HAL_RTC_SetDate)
    i.HAL_RTC_SetTime                        0x08001d08   Section        0  stm32l4xx_hal_rtc.o(i.HAL_RTC_SetTime)
    i.HAL_RTC_WaitForSynchro                 0x08001e00   Section        0  stm32l4xx_hal_rtc.o(i.HAL_RTC_WaitForSynchro)
    i.HAL_SYSTICK_Config                     0x08001e36   Section        0  stm32l4xx_hal_cortex.o(i.HAL_SYSTICK_Config)
    i.HardFault_Handler                      0x08001e5e   Section        0  stm32l4xx_it.o(i.HardFault_Handler)
    i.I2C_Init                               0x08001e60   Section        0  i2c_at24c64.o(i.I2C_Init)
    i.I2C_MspInit                            0x08001ea4   Section        0  i2c_at24c64.o(i.I2C_MspInit)
    I2C_MspInit                              0x08001ea5   Thumb Code   164  i2c_at24c64.o(i.I2C_MspInit)
    i.LCD_MspInit                            0x08001f50   Section        0  stm32l476g_discovery_glass_lcd.o(i.LCD_MspInit)
    LCD_MspInit                              0x08001f51   Thumb Code   246  stm32l476g_discovery_glass_lcd.o(i.LCD_MspInit)
    i.LCD_WaitForSynchro                     0x08002058   Section        0  stm32l4xx_hal_lcd.o(i.LCD_WaitForSynchro)
    i.MemManage_Handler                      0x08002088   Section        0  stm32l4xx_it.o(i.MemManage_Handler)
    i.NMI_Handler                            0x0800208a   Section        0  stm32l4xx_it.o(i.NMI_Handler)
    i.NVIC_SetPriority                       0x0800208c   Section        0  stm32l4xx_hal_cortex.o(i.NVIC_SetPriority)
    NVIC_SetPriority                         0x0800208d   Thumb Code    32  stm32l4xx_hal_cortex.o(i.NVIC_SetPriority)
    i.PendSV_Handler                         0x080020ac   Section        0  stm32l4xx_it.o(i.PendSV_Handler)
    i.RCCEx_PLLSAI1_Config                   0x080020b0   Section        0  stm32l4xx_hal_rcc_ex.o(i.RCCEx_PLLSAI1_Config)
    RCCEx_PLLSAI1_Config                     0x080020b1   Thumb Code   342  stm32l4xx_hal_rcc_ex.o(i.RCCEx_PLLSAI1_Config)
    i.RCCEx_PLLSAI2_Config                   0x08002218   Section        0  stm32l4xx_hal_rcc_ex.o(i.RCCEx_PLLSAI2_Config)
    RCCEx_PLLSAI2_Config                     0x08002219   Thumb Code   302  stm32l4xx_hal_rcc_ex.o(i.RCCEx_PLLSAI2_Config)
    i.RCC_SetFlashLatencyFromMSIRange        0x08002354   Section        0  stm32l4xx_hal_rcc.o(i.RCC_SetFlashLatencyFromMSIRange)
    RCC_SetFlashLatencyFromMSIRange          0x08002355   Thumb Code   116  stm32l4xx_hal_rcc.o(i.RCC_SetFlashLatencyFromMSIRange)
    i.RTC_AlarmAConfig                       0x080023d0   Section        0  main.o(i.RTC_AlarmAConfig)
    i.RTC_Alarm_IRQHandler                   0x08002428   Section        0  stm32l4xx_it.o(i.RTC_Alarm_IRQHandler)
    i.RTC_Bcd2ToByte                         0x08002434   Section        0  stm32l4xx_hal_rtc.o(i.RTC_Bcd2ToByte)
    i.RTC_ByteToBcd2                         0x08002446   Section        0  stm32l4xx_hal_rtc.o(i.RTC_ByteToBcd2)
    i.RTC_Config                             0x0800245c   Section        0  main.o(i.RTC_Config)
    i.RTC_EnterInitMode                      0x080025c4   Section        0  stm32l4xx_hal_rtc.o(i.RTC_EnterInitMode)
    i.SVC_Handler                            0x080025fe   Section        0  stm32l4xx_it.o(i.SVC_Handler)
    i.SysTick_Handler                        0x08002600   Section        0  stm32l4xx_it.o(i.SysTick_Handler)
    i.SystemClock_Config                     0x08002604   Section        0  main.o(i.SystemClock_Config)
    SystemClock_Config                       0x08002605   Thumb Code   136  main.o(i.SystemClock_Config)
    i.SystemInit                             0x08002690   Section        0  system_stm32l4xx.o(i.SystemInit)
    i.TAMP_STAMP_IRQHandler                  0x080026d4   Section        0  stm32l4xx_it.o(i.TAMP_STAMP_IRQHandler)
    i.TIM3_IRQHandler                        0x080026e0   Section        0  stm32l4xx_it.o(i.TIM3_IRQHandler)
    i.TIM4_IRQHandler                        0x080026e2   Section        0  stm32l4xx_it.o(i.TIM4_IRQHandler)
    i.UsageFault_Handler                     0x080026e4   Section        0  stm32l4xx_it.o(i.UsageFault_Handler)
    i.WriteChar                              0x080026e8   Section        0  stm32l476g_discovery_glass_lcd.o(i.WriteChar)
    WriteChar                                0x080026e9   Thumb Code  1114  stm32l476g_discovery_glass_lcd.o(i.WriteChar)
    i.__0snprintf$6                          0x08002b48   Section        0  printf6.o(i.__0snprintf$6)
    i.__scatterload_copy                     0x08002b78   Section       14  handlers.o(i.__scatterload_copy)
    i.__scatterload_null                     0x08002b86   Section        2  handlers.o(i.__scatterload_null)
    i.__scatterload_zeroinit                 0x08002b88   Section       14  handlers.o(i.__scatterload_zeroinit)
    i._printf_core                           0x08002b98   Section        0  printf6.o(i._printf_core)
    _printf_core                             0x08002b99   Thumb Code   748  printf6.o(i._printf_core)
    i._printf_post_padding                   0x08002e8e   Section        0  printf6.o(i._printf_post_padding)
    _printf_post_padding                     0x08002e8f   Thumb Code    36  printf6.o(i._printf_post_padding)
    i._printf_pre_padding                    0x08002eb2   Section        0  printf6.o(i._printf_pre_padding)
    _printf_pre_padding                      0x08002eb3   Thumb Code    46  printf6.o(i._printf_pre_padding)
    i._snputc                                0x08002ee0   Section        0  printf6.o(i._snputc)
    _snputc                                  0x08002ee1   Thumb Code    22  printf6.o(i._snputc)
    i.bcd_decimal                            0x08002ef6   Section        0  main.o(i.bcd_decimal)
    bcd_decimal                              0x08002ef7   Thumb Code    16  main.o(i.bcd_decimal)
    i.clearJoystickFlags                     0x08002f08   Section        0  main.o(i.clearJoystickFlags)
    i.decimal_bcd                            0x08002f20   Section        0  main.o(i.decimal_bcd)
    decimal_bcd                              0x08002f21   Thumb Code    20  main.o(i.decimal_bcd)
    i.displayDate                            0x08002f34   Section        0  main.o(i.displayDate)
    i.displayPastTimes                       0x08002f8c   Section        0  main.o(i.displayPastTimes)
    i.displaySetTime                         0x08003004   Section        0  main.o(i.displaySetTime)
    i.displayTime                            0x08003038   Section        0  main.o(i.displayTime)
    i.getPastTimes                           0x08003088   Section        0  main.o(i.getPastTimes)
    i.incrementDay                           0x080030a4   Section        0  main.o(i.incrementDay)
    i.incrementHour                          0x080030c4   Section        0  main.o(i.incrementHour)
    i.incrementMinute                        0x080030e4   Section        0  main.o(i.incrementMinute)
    i.incrementMonth                         0x08003104   Section        0  main.o(i.incrementMonth)
    i.incrementSecond                        0x08003124   Section        0  main.o(i.incrementSecond)
    i.incrementTimeSetting                   0x08003144   Section        0  main.o(i.incrementTimeSetting)
    i.incrementTimeSettingState              0x080031c0   Section        0  main.o(i.incrementTimeSettingState)
    i.incrementYear                          0x080031d4   Section        0  main.o(i.incrementYear)
    i.main                                   0x080031f4   Section        0  main.o(i.main)
    i.startDisplayDateState                  0x0800335c   Section        0  main.o(i.startDisplayDateState)
    i.startDisplayPastTimesState             0x08003374   Section        0  main.o(i.startDisplayPastTimesState)
    i.startDisplayTimeState                  0x0800338c   Section        0  main.o(i.startDisplayTimeState)
    i.startSetTimeState                      0x080033a4   Section        0  main.o(i.startSetTimeState)
    i.updateTimeSetScreen                    0x080033c0   Section        0  main.o(i.updateTimeSetScreen)
    .constdata                               0x08003414   Section       72  stm32l476g_discovery_glass_lcd.o(.constdata)
    .constdata                               0x0800345c   Section       20  stm32l476g_discovery.o(.constdata)
    .constdata                               0x08003470   Section       64  system_stm32l4xx.o(.constdata)
    .data                                    0x20000000   Section       42  main.o(.data)
    .data                                    0x2000002a   Section        2  stm32l476g_discovery_glass_lcd.o(.data)
    .data                                    0x2000002c   Section       36  stm32l476g_discovery.o(.data)
    .data                                    0x20000050   Section        4  stm32l4xx_hal.o(.data)
    .data                                    0x20000054   Section        4  system_stm32l4xx.o(.data)
    .bss                                     0x20000058   Section      217  main.o(.bss)
    .bss                                     0x20000134   Section       76  stm32l476g_discovery_glass_lcd.o(.bss)
    STACK                                    0x20000180   Section     1024  startup_stm32l476xx.o(STACK)

    Global Symbols

    Symbol Name                              Value     Ov Type        Size  Object(Section)

    BuildAttributes$$THM_ISAv4$E$P$D$K$B$S$7EM$VFPi3$EXTD16$VFPS$VFMA$PE$A:L22UL41UL21$X:L11$S22US41US21$IEEE1$IW$USESV6$~STKCKD$USESV7$~SHL$OSPACE$ROPI$EBA8$MICROLIB$REQ8$PRES8$EABIv2 0x00000000   Number         0  anon$$obj.o ABSOLUTE
    __ARM_use_no_argv                        0x00000000   Number         0  main.o ABSOLUTE
    _printf_a                                0x00000000   Number         0  stubs.o ABSOLUTE
    _printf_c                                0x00000000   Number         0  stubs.o ABSOLUTE
    _printf_charcount                        0x00000000   Number         0  stubs.o ABSOLUTE
    _printf_d                                0x00000000   Number         0  stubs.o ABSOLUTE
    _printf_e                                0x00000000   Number         0  stubs.o ABSOLUTE
    _printf_f                                0x00000000   Number         0  stubs.o ABSOLUTE
    _printf_flags                            0x00000000   Number         0  stubs.o ABSOLUTE
    _printf_fp_dec                           0x00000000   Number         0  stubs.o ABSOLUTE
    _printf_fp_hex                           0x00000000   Number         0  stubs.o ABSOLUTE
    _printf_g                                0x00000000   Number         0  stubs.o ABSOLUTE
    _printf_i                                0x00000000   Number         0  stubs.o ABSOLUTE
    _printf_int_dec                          0x00000000   Number         0  stubs.o ABSOLUTE
    _printf_l                                0x00000000   Number         0  stubs.o ABSOLUTE
    _printf_lc                               0x00000000   Number         0  stubs.o ABSOLUTE
    _printf_ll                               0x00000000   Number         0  stubs.o ABSOLUTE
    _printf_lld                              0x00000000   Number         0  stubs.o ABSOLUTE
    _printf_lli                              0x00000000   Number         0  stubs.o ABSOLUTE
    _printf_llo                              0x00000000   Number         0  stubs.o ABSOLUTE
    _printf_llu                              0x00000000   Number         0  stubs.o ABSOLUTE
    _printf_llx                              0x00000000   Number         0  stubs.o ABSOLUTE
    _printf_longlong_dec                     0x00000000   Number         0  stubs.o ABSOLUTE
    _printf_longlong_hex                     0x00000000   Number         0  stubs.o ABSOLUTE
    _printf_longlong_oct                     0x00000000   Number         0  stubs.o ABSOLUTE
    _printf_ls                               0x00000000   Number         0  stubs.o ABSOLUTE
    _printf_mbtowc                           0x00000000   Number         0  stubs.o ABSOLUTE
    _printf_n                                0x00000000   Number         0  stubs.o ABSOLUTE
    _printf_o                                0x00000000   Number         0  stubs.o ABSOLUTE
    _printf_p                                0x00000000   Number         0  stubs.o ABSOLUTE
    _printf_percent                          0x00000000   Number         0  stubs.o ABSOLUTE
    _printf_pre_padding                      0x00000000   Number         0  stubs.o ABSOLUTE
    _printf_return_value                     0x00000000   Number         0  stubs.o ABSOLUTE
    _printf_s                                0x00000000   Number         0  stubs.o ABSOLUTE
    _printf_sizespec                         0x00000000   Number         0  stubs.o ABSOLUTE
    _printf_str                              0x00000000   Number         0  stubs.o ABSOLUTE
    _printf_truncate_signed                  0x00000000   Number         0  stubs.o ABSOLUTE
    _printf_truncate_unsigned                0x00000000   Number         0  stubs.o ABSOLUTE
    _printf_u                                0x00000000   Number         0  stubs.o ABSOLUTE
    _printf_wc                               0x00000000   Number         0  stubs.o ABSOLUTE
    _printf_wctomb                           0x00000000   Number         0  stubs.o ABSOLUTE
    _printf_widthprec                        0x00000000   Number         0  stubs.o ABSOLUTE
    _printf_x                                0x00000000   Number         0  stubs.o ABSOLUTE
    __cpp_initialize__aeabi_                  - Undefined Weak Reference
    __cxa_finalize                            - Undefined Weak Reference
    __decompress                              - Undefined Weak Reference
    _clock_init                               - Undefined Weak Reference
    _microlib_exit                            - Undefined Weak Reference
    __Vectors_Size                           0x00000188   Number         0  startup_stm32l476xx.o ABSOLUTE
    __Vectors                                0x08000000   Data           4  startup_stm32l476xx.o(RESET)
    __Vectors_End                            0x08000188   Data           0  startup_stm32l476xx.o(RESET)
    __main                                   0x08000189   Thumb Code     0  entry.o(.ARM.Collect$$$$00000000)
    _main_stk                                0x08000189   Thumb Code     0  entry2.o(.ARM.Collect$$$$00000001)
    _main_scatterload                        0x0800018d   Thumb Code     0  entry5.o(.ARM.Collect$$$$00000004)
    __main_after_scatterload                 0x08000191   Thumb Code     0  entry5.o(.ARM.Collect$$$$00000004)
    _main_clock                              0x08000191   Thumb Code     0  entry7b.o(.ARM.Collect$$$$00000008)
    _main_cpp_init                           0x08000191   Thumb Code     0  entry8b.o(.ARM.Collect$$$$0000000A)
    _main_init                               0x08000191   Thumb Code     0  entry9a.o(.ARM.Collect$$$$0000000B)
    __rt_final_cpp                           0x08000199   Thumb Code     0  entry10a.o(.ARM.Collect$$$$0000000D)
    __rt_final_exit                          0x08000199   Thumb Code     0  entry11a.o(.ARM.Collect$$$$0000000F)
    Reset_Handler                            0x0800019d   Thumb Code     8  startup_stm32l476xx.o(.text)
    ADC1_2_IRQHandler                        0x080001b7   Thumb Code     0  startup_stm32l476xx.o(.text)
    ADC3_IRQHandler                          0x080001b7   Thumb Code     0  startup_stm32l476xx.o(.text)
    CAN1_RX0_IRQHandler                      0x080001b7   Thumb Code     0  startup_stm32l476xx.o(.text)
    CAN1_RX1_IRQHandler                      0x080001b7   Thumb Code     0  startup_stm32l476xx.o(.text)
    CAN1_SCE_IRQHandler                      0x080001b7   Thumb Code     0  startup_stm32l476xx.o(.text)
    CAN1_TX_IRQHandler                       0x080001b7   Thumb Code     0  startup_stm32l476xx.o(.text)
    COMP_IRQHandler                          0x080001b7   Thumb Code     0  startup_stm32l476xx.o(.text)
    DFSDM1_FLT0_IRQHandler                   0x080001b7   Thumb Code     0  startup_stm32l476xx.o(.text)
    DFSDM1_FLT1_IRQHandler                   0x080001b7   Thumb Code     0  startup_stm32l476xx.o(.text)
    DFSDM1_FLT2_IRQHandler                   0x080001b7   Thumb Code     0  startup_stm32l476xx.o(.text)
    DFSDM1_FLT3_IRQHandler                   0x080001b7   Thumb Code     0  startup_stm32l476xx.o(.text)
    DMA1_Channel1_IRQHandler                 0x080001b7   Thumb Code     0  startup_stm32l476xx.o(.text)
    DMA1_Channel2_IRQHandler                 0x080001b7   Thumb Code     0  startup_stm32l476xx.o(.text)
    DMA1_Channel3_IRQHandler                 0x080001b7   Thumb Code     0  startup_stm32l476xx.o(.text)
    DMA1_Channel4_IRQHandler                 0x080001b7   Thumb Code     0  startup_stm32l476xx.o(.text)
    DMA1_Channel5_IRQHandler                 0x080001b7   Thumb Code     0  startup_stm32l476xx.o(.text)
    DMA1_Channel6_IRQHandler                 0x080001b7   Thumb Code     0  startup_stm32l476xx.o(.text)
    DMA1_Channel7_IRQHandler                 0x080001b7   Thumb Code     0  startup_stm32l476xx.o(.text)
    DMA2_Channel1_IRQHandler                 0x080001b7   Thumb Code     0  startup_stm32l476xx.o(.text)
    DMA2_Channel2_IRQHandler                 0x080001b7   Thumb Code     0  startup_stm32l476xx.o(.text)
    DMA2_Channel3_IRQHandler                 0x080001b7   Thumb Code     0  startup_stm32l476xx.o(.text)
    DMA2_Channel4_IRQHandler                 0x080001b7   Thumb Code     0  startup_stm32l476xx.o(.text)
    DMA2_Channel5_IRQHandler                 0x080001b7   Thumb Code     0  startup_stm32l476xx.o(.text)
    DMA2_Channel6_IRQHandler                 0x080001b7   Thumb Code     0  startup_stm32l476xx.o(.text)
    DMA2_Channel7_IRQHandler                 0x080001b7   Thumb Code     0  startup_stm32l476xx.o(.text)
    EXTI4_IRQHandler                         0x080001b7   Thumb Code     0  startup_stm32l476xx.o(.text)
    FLASH_IRQHandler                         0x080001b7   Thumb Code     0  startup_stm32l476xx.o(.text)
    FMC_IRQHandler                           0x080001b7   Thumb Code     0  startup_stm32l476xx.o(.text)
    FPU_IRQHandler                           0x080001b7   Thumb Code     0  startup_stm32l476xx.o(.text)
    I2C1_ER_IRQHandler                       0x080001b7   Thumb Code     0  startup_stm32l476xx.o(.text)
    I2C1_EV_IRQHandler                       0x080001b7   Thumb Code     0  startup_stm32l476xx.o(.text)
    I2C2_ER_IRQHandler                       0x080001b7   Thumb Code     0  startup_stm32l476xx.o(.text)
    I2C2_EV_IRQHandler                       0x080001b7   Thumb Code     0  startup_stm32l476xx.o(.text)
    I2C3_ER_IRQHandler                       0x080001b7   Thumb Code     0  startup_stm32l476xx.o(.text)
    I2C3_EV_IRQHandler                       0x080001b7   Thumb Code     0  startup_stm32l476xx.o(.text)
    LCD_IRQHandler                           0x080001b7   Thumb Code     0  startup_stm32l476xx.o(.text)
    LPTIM1_IRQHandler                        0x080001b7   Thumb Code     0  startup_stm32l476xx.o(.text)
    LPTIM2_IRQHandler                        0x080001b7   Thumb Code     0  startup_stm32l476xx.o(.text)
    LPUART1_IRQHandler                       0x080001b7   Thumb Code     0  startup_stm32l476xx.o(.text)
    OTG_FS_IRQHandler                        0x080001b7   Thumb Code     0  startup_stm32l476xx.o(.text)
    PVD_PVM_IRQHandler                       0x080001b7   Thumb Code     0  startup_stm32l476xx.o(.text)
    QUADSPI_IRQHandler                       0x080001b7   Thumb Code     0  startup_stm32l476xx.o(.text)
    RCC_IRQHandler                           0x080001b7   Thumb Code     0  startup_stm32l476xx.o(.text)
    RNG_IRQHandler                           0x080001b7   Thumb Code     0  startup_stm32l476xx.o(.text)
    RTC_WKUP_IRQHandler                      0x080001b7   Thumb Code     0  startup_stm32l476xx.o(.text)
    SAI1_IRQHandler                          0x080001b7   Thumb Code     0  startup_stm32l476xx.o(.text)
    SAI2_IRQHandler                          0x080001b7   Thumb Code     0  startup_stm32l476xx.o(.text)
    SDMMC1_IRQHandler                        0x080001b7   Thumb Code     0  startup_stm32l476xx.o(.text)
    SPI1_IRQHandler                          0x080001b7   Thumb Code     0  startup_stm32l476xx.o(.text)
    SPI2_IRQHandler                          0x080001b7   Thumb Code     0  startup_stm32l476xx.o(.text)
    SPI3_IRQHandler                          0x080001b7   Thumb Code     0  startup_stm32l476xx.o(.text)
    SWPMI1_IRQHandler                        0x080001b7   Thumb Code     0  startup_stm32l476xx.o(.text)
    TIM1_BRK_TIM15_IRQHandler                0x080001b7   Thumb Code     0  startup_stm32l476xx.o(.text)
    TIM1_CC_IRQHandler                       0x080001b7   Thumb Code     0  startup_stm32l476xx.o(.text)
    TIM1_TRG_COM_TIM17_IRQHandler            0x080001b7   Thumb Code     0  startup_stm32l476xx.o(.text)
    TIM1_UP_TIM16_IRQHandler                 0x080001b7   Thumb Code     0  startup_stm32l476xx.o(.text)
    TIM2_IRQHandler                          0x080001b7   Thumb Code     0  startup_stm32l476xx.o(.text)
    TIM5_IRQHandler                          0x080001b7   Thumb Code     0  startup_stm32l476xx.o(.text)
    TIM6_DAC_IRQHandler                      0x080001b7   Thumb Code     0  startup_stm32l476xx.o(.text)
    TIM7_IRQHandler                          0x080001b7   Thumb Code     0  startup_stm32l476xx.o(.text)
    TIM8_BRK_IRQHandler                      0x080001b7   Thumb Code     0  startup_stm32l476xx.o(.text)
    TIM8_CC_IRQHandler                       0x080001b7   Thumb Code     0  startup_stm32l476xx.o(.text)
    TIM8_TRG_COM_IRQHandler                  0x080001b7   Thumb Code     0  startup_stm32l476xx.o(.text)
    TIM8_UP_IRQHandler                       0x080001b7   Thumb Code     0  startup_stm32l476xx.o(.text)
    TSC_IRQHandler                           0x080001b7   Thumb Code     0  startup_stm32l476xx.o(.text)
    UART4_IRQHandler                         0x080001b7   Thumb Code     0  startup_stm32l476xx.o(.text)
    UART5_IRQHandler                         0x080001b7   Thumb Code     0  startup_stm32l476xx.o(.text)
    USART1_IRQHandler                        0x080001b7   Thumb Code     0  startup_stm32l476xx.o(.text)
    USART2_IRQHandler                        0x080001b7   Thumb Code     0  startup_stm32l476xx.o(.text)
    USART3_IRQHandler                        0x080001b7   Thumb Code     0  startup_stm32l476xx.o(.text)
    WWDG_IRQHandler                          0x080001b7   Thumb Code     0  startup_stm32l476xx.o(.text)
    __aeabi_memset                           0x080001c1   Thumb Code    14  memseta.o(.text)
    __aeabi_memset4                          0x080001c1   Thumb Code     0  memseta.o(.text)
    __aeabi_memset8                          0x080001c1   Thumb Code     0  memseta.o(.text)
    __aeabi_memclr                           0x080001cf   Thumb Code     4  memseta.o(.text)
    __aeabi_memclr4                          0x080001cf   Thumb Code     0  memseta.o(.text)
    __aeabi_memclr8                          0x080001cf   Thumb Code     0  memseta.o(.text)
    _memset$wrapper                          0x080001d3   Thumb Code    18  memseta.o(.text)
    __aeabi_uidiv                            0x080001e5   Thumb Code     0  uidiv.o(.text)
    __aeabi_uidivmod                         0x080001e5   Thumb Code    44  uidiv.o(.text)
    __scatterload                            0x08000211   Thumb Code    28  init.o(.text)
    __scatterload_rt2                        0x08000211   Thumb Code     0  init.o(.text)
    BSP_JOY_GetState                         0x08000235   Thumb Code    40  stm32l476g_discovery.o(i.BSP_JOY_GetState)
    BSP_JOY_Init                             0x08000265   Thumb Code   158  stm32l476g_discovery.o(i.BSP_JOY_Init)
    BSP_LCD_GLASS_Clear                      0x0800031d   Thumb Code     6  stm32l476g_discovery_glass_lcd.o(i.BSP_LCD_GLASS_Clear)
    BSP_LCD_GLASS_DisplayString              0x08000329   Thumb Code    44  stm32l476g_discovery_glass_lcd.o(i.BSP_LCD_GLASS_DisplayString)
    BSP_LCD_GLASS_Init                       0x08000359   Thumb Code    68  stm32l476g_discovery_glass_lcd.o(i.BSP_LCD_GLASS_Init)
    BSP_LCD_GLASS_ScrollSentence             0x080003a5   Thumb Code   208  stm32l476g_discovery_glass_lcd.o(i.BSP_LCD_GLASS_ScrollSentence)
    BSP_LED_Init                             0x08000485   Thumb Code    98  stm32l476g_discovery.o(i.BSP_LED_Init)
    BSP_LED_Toggle                           0x080004f5   Thumb Code    16  stm32l476g_discovery.o(i.BSP_LED_Toggle)
    BusFault_Handler                         0x0800050d   Thumb Code     2  stm32l4xx_it.o(i.BusFault_Handler)
    DebugMon_Handler                         0x08000619   Thumb Code     2  stm32l4xx_it.o(i.DebugMon_Handler)
    EXTI0_IRQHandler                         0x0800061b   Thumb Code     6  stm32l4xx_it.o(i.EXTI0_IRQHandler)
    EXTI15_10_IRQHandler                     0x08000621   Thumb Code     8  stm32l4xx_it.o(i.EXTI15_10_IRQHandler)
    EXTI1_IRQHandler                         0x08000629   Thumb Code     6  stm32l4xx_it.o(i.EXTI1_IRQHandler)
    EXTI2_IRQHandler                         0x0800062f   Thumb Code     6  stm32l4xx_it.o(i.EXTI2_IRQHandler)
    EXTI3_IRQHandler                         0x08000635   Thumb Code     6  stm32l4xx_it.o(i.EXTI3_IRQHandler)
    EXTI9_5_IRQHandler                       0x0800063b   Thumb Code     6  stm32l4xx_it.o(i.EXTI9_5_IRQHandler)
    HAL_Delay                                0x08000641   Thumb Code    28  stm32l4xx_hal.o(i.HAL_Delay)
    HAL_GPIO_EXTI_Callback                   0x0800065d   Thumb Code    46  main.o(i.HAL_GPIO_EXTI_Callback)
    HAL_GPIO_EXTI_IRQHandler                 0x08000691   Thumb Code    18  stm32l4xx_hal_gpio.o(i.HAL_GPIO_EXTI_IRQHandler)
    HAL_GPIO_Init                            0x080006a9   Thumb Code   414  stm32l4xx_hal_gpio.o(i.HAL_GPIO_Init)
    HAL_GPIO_ReadPin                         0x08000873   Thumb Code    10  stm32l4xx_hal_gpio.o(i.HAL_GPIO_ReadPin)
    HAL_GPIO_TogglePin                       0x0800087d   Thumb Code     8  stm32l4xx_hal_gpio.o(i.HAL_GPIO_TogglePin)
    HAL_GPIO_WritePin                        0x08000885   Thumb Code    10  stm32l4xx_hal_gpio.o(i.HAL_GPIO_WritePin)
    HAL_GetTick                              0x08000891   Thumb Code     6  stm32l4xx_hal.o(i.HAL_GetTick)
    HAL_I2C_GetState                         0x0800089d   Thumb Code     6  stm32l4xx_hal_i2c.o(i.HAL_I2C_GetState)
    HAL_I2C_Init                             0x080008a5   Thumb Code   178  stm32l4xx_hal_i2c.o(i.HAL_I2C_Init)
    HAL_I2C_MspInit                          0x0800095d   Thumb Code     2  stm32l4xx_hal_msp.o(i.HAL_I2C_MspInit)
    HAL_IncTick                              0x08000961   Thumb Code    10  stm32l4xx_hal.o(i.HAL_IncTick)
    HAL_Init                                 0x08000971   Thumb Code    22  stm32l4xx_hal.o(i.HAL_Init)
    HAL_InitTick                             0x08000989   Thumb Code    34  stm32l4xx_hal.o(i.HAL_InitTick)
    HAL_LCD_Clear                            0x080009b1   Thumb Code   128  stm32l4xx_hal_lcd.o(i.HAL_LCD_Clear)
    HAL_LCD_Init                             0x08000a31   Thumb Code   248  stm32l4xx_hal_lcd.o(i.HAL_LCD_Init)
    HAL_LCD_MspInit                          0x08000b2d   Thumb Code     2  stm32l4xx_hal_lcd.o(i.HAL_LCD_MspInit)
    HAL_LCD_UpdateDisplayRequest             0x08000b2f   Thumb Code    84  stm32l4xx_hal_lcd.o(i.HAL_LCD_UpdateDisplayRequest)
    HAL_LCD_Write                            0x08000b85   Thumb Code   136  stm32l4xx_hal_lcd.o(i.HAL_LCD_Write)
    HAL_MspInit                              0x08000c0d   Thumb Code     2  stm32l4xx_hal_msp.o(i.HAL_MspInit)
    HAL_NVIC_EnableIRQ                       0x08000c0f   Thumb Code    22  stm32l4xx_hal_cortex.o(i.HAL_NVIC_EnableIRQ)
    HAL_NVIC_SetPriority                     0x08000c25   Thumb Code    60  stm32l4xx_hal_cortex.o(i.HAL_NVIC_SetPriority)
    HAL_NVIC_SetPriorityGrouping             0x08000c65   Thumb Code    26  stm32l4xx_hal_cortex.o(i.HAL_NVIC_SetPriorityGrouping)
    HAL_PWREx_ControlVoltageScaling          0x08000c89   Thumb Code    86  stm32l4xx_hal_pwr_ex.o(i.HAL_PWREx_ControlVoltageScaling)
    HAL_PWREx_EnableVddIO2                   0x08000ced   Thumb Code    12  stm32l4xx_hal_pwr_ex.o(i.HAL_PWREx_EnableVddIO2)
    HAL_PWREx_GetVoltageRange                0x08000cfd   Thumb Code    10  stm32l4xx_hal_pwr_ex.o(i.HAL_PWREx_GetVoltageRange)
    HAL_PWR_EnableBkUpAccess                 0x08000d0d   Thumb Code    12  stm32l4xx_hal_pwr.o(i.HAL_PWR_EnableBkUpAccess)
    HAL_RCCEx_PeriphCLKConfig                0x08000d1d   Thumb Code   928  stm32l4xx_hal_rcc_ex.o(i.HAL_RCCEx_PeriphCLKConfig)
    HAL_RCC_ClockConfig                      0x080010cd   Thumb Code   368  stm32l4xx_hal_rcc.o(i.HAL_RCC_ClockConfig)
    HAL_RCC_GetSysClockFreq                  0x0800124d   Thumb Code   238  stm32l4xx_hal_rcc.o(i.HAL_RCC_GetSysClockFreq)
    HAL_RCC_OscConfig                        0x08001349   Thumb Code  1152  stm32l4xx_hal_rcc.o(i.HAL_RCC_OscConfig)
    HAL_RTCEx_AlarmBEventCallback            0x080017c9   Thumb Code     2  stm32l4xx_hal_rtc_ex.o(i.HAL_RTCEx_AlarmBEventCallback)
    HAL_RTCEx_Tamper1EventCallback           0x080017cb   Thumb Code     2  stm32l4xx_hal_rtc_ex.o(i.HAL_RTCEx_Tamper1EventCallback)
    HAL_RTCEx_Tamper2EventCallback           0x080017cd   Thumb Code     2  stm32l4xx_hal_rtc_ex.o(i.HAL_RTCEx_Tamper2EventCallback)
    HAL_RTCEx_Tamper3EventCallback           0x080017cf   Thumb Code     2  stm32l4xx_hal_rtc_ex.o(i.HAL_RTCEx_Tamper3EventCallback)
    HAL_RTCEx_TamperTimeStampIRQHandler      0x080017d1   Thumb Code   212  stm32l4xx_hal_rtc_ex.o(i.HAL_RTCEx_TamperTimeStampIRQHandler)
    HAL_RTCEx_TimeStampEventCallback         0x080018ad   Thumb Code     2  stm32l4xx_hal_rtc_ex.o(i.HAL_RTCEx_TimeStampEventCallback)
    HAL_RTC_AlarmAEventCallback              0x080018b1   Thumb Code     8  main.o(i.HAL_RTC_AlarmAEventCallback)
    HAL_RTC_AlarmIRQHandler                  0x080018bd   Thumb Code   110  stm32l4xx_hal_rtc.o(i.HAL_RTC_AlarmIRQHandler)
    HAL_RTC_GetDate                          0x08001931   Thumb Code    62  stm32l4xx_hal_rtc.o(i.HAL_RTC_GetDate)
    HAL_RTC_GetTime                          0x08001975   Thumb Code    82  stm32l4xx_hal_rtc.o(i.HAL_RTC_GetTime)
    HAL_RTC_Init                             0x080019cd   Thumb Code   180  stm32l4xx_hal_rtc.o(i.HAL_RTC_Init)
    HAL_RTC_MspInit                          0x08001a85   Thumb Code     2  stm32l4xx_hal_rtc.o(i.HAL_RTC_MspInit)
    HAL_RTC_SetAlarm_IT                      0x08001a89   Thumb Code   410  stm32l4xx_hal_rtc.o(i.HAL_RTC_SetAlarm_IT)
    HAL_RTC_SetDate                          0x08001c31   Thumb Code   212  stm32l4xx_hal_rtc.o(i.HAL_RTC_SetDate)
    HAL_RTC_SetTime                          0x08001d09   Thumb Code   244  stm32l4xx_hal_rtc.o(i.HAL_RTC_SetTime)
    HAL_RTC_WaitForSynchro                   0x08001e01   Thumb Code    54  stm32l4xx_hal_rtc.o(i.HAL_RTC_WaitForSynchro)
    HAL_SYSTICK_Config                       0x08001e37   Thumb Code    40  stm32l4xx_hal_cortex.o(i.HAL_SYSTICK_Config)
    HardFault_Handler                        0x08001e5f   Thumb Code     2  stm32l4xx_it.o(i.HardFault_Handler)
    I2C_Init                                 0x08001e61   Thumb Code    58  i2c_at24c64.o(i.I2C_Init)
    LCD_WaitForSynchro                       0x08002059   Thumb Code    48  stm32l4xx_hal_lcd.o(i.LCD_WaitForSynchro)
    MemManage_Handler                        0x08002089   Thumb Code     2  stm32l4xx_it.o(i.MemManage_Handler)
    NMI_Handler                              0x0800208b   Thumb Code     2  stm32l4xx_it.o(i.NMI_Handler)
    PendSV_Handler                           0x080020ad   Thumb Code     2  stm32l4xx_it.o(i.PendSV_Handler)
    RTC_AlarmAConfig                         0x080023d1   Thumb Code    74  main.o(i.RTC_AlarmAConfig)
    RTC_Alarm_IRQHandler                     0x08002429   Thumb Code     6  stm32l4xx_it.o(i.RTC_Alarm_IRQHandler)
    RTC_Bcd2ToByte                           0x08002435   Thumb Code    18  stm32l4xx_hal_rtc.o(i.RTC_Bcd2ToByte)
    RTC_ByteToBcd2                           0x08002447   Thumb Code    22  stm32l4xx_hal_rtc.o(i.RTC_ByteToBcd2)
    RTC_Config                               0x0800245d   Thumb Code   322  main.o(i.RTC_Config)
    RTC_EnterInitMode                        0x080025c5   Thumb Code    58  stm32l4xx_hal_rtc.o(i.RTC_EnterInitMode)
    SVC_Handler                              0x080025ff   Thumb Code     2  stm32l4xx_it.o(i.SVC_Handler)
    SysTick_Handler                          0x08002601   Thumb Code     4  stm32l4xx_it.o(i.SysTick_Handler)
    SystemInit                               0x08002691   Thumb Code    56  system_stm32l4xx.o(i.SystemInit)
    TAMP_STAMP_IRQHandler                    0x080026d5   Thumb Code     6  stm32l4xx_it.o(i.TAMP_STAMP_IRQHandler)
    TIM3_IRQHandler                          0x080026e1   Thumb Code     2  stm32l4xx_it.o(i.TIM3_IRQHandler)
    TIM4_IRQHandler                          0x080026e3   Thumb Code     2  stm32l4xx_it.o(i.TIM4_IRQHandler)
    UsageFault_Handler                       0x080026e5   Thumb Code     2  stm32l4xx_it.o(i.UsageFault_Handler)
    __0snprintf$6                            0x08002b49   Thumb Code    44  printf6.o(i.__0snprintf$6)
    __1snprintf$6                            0x08002b49   Thumb Code     0  printf6.o(i.__0snprintf$6)
    __2snprintf                              0x08002b49   Thumb Code     0  printf6.o(i.__0snprintf$6)
    __scatterload_copy                       0x08002b79   Thumb Code    14  handlers.o(i.__scatterload_copy)
    __scatterload_null                       0x08002b87   Thumb Code     2  handlers.o(i.__scatterload_null)
    __scatterload_zeroinit                   0x08002b89   Thumb Code    14  handlers.o(i.__scatterload_zeroinit)
    clearJoystickFlags                       0x08002f09   Thumb Code    18  main.o(i.clearJoystickFlags)
    displayDate                              0x08002f35   Thumb Code    60  main.o(i.displayDate)
    displayPastTimes                         0x08002f8d   Thumb Code    76  main.o(i.displayPastTimes)
    displaySetTime                           0x08003005   Thumb Code    40  main.o(i.displaySetTime)
    displayTime                              0x08003039   Thumb Code    60  main.o(i.displayTime)
    getPastTimes                             0x08003089   Thumb Code    26  main.o(i.getPastTimes)
    incrementDay                             0x080030a5   Thumb Code    28  main.o(i.incrementDay)
    incrementHour                            0x080030c5   Thumb Code    28  main.o(i.incrementHour)
    incrementMinute                          0x080030e5   Thumb Code    28  main.o(i.incrementMinute)
    incrementMonth                           0x08003105   Thumb Code    28  main.o(i.incrementMonth)
    incrementSecond                          0x08003125   Thumb Code    28  main.o(i.incrementSecond)
    incrementTimeSetting                     0x08003145   Thumb Code   116  main.o(i.incrementTimeSetting)
    incrementTimeSettingState                0x080031c1   Thumb Code    18  main.o(i.incrementTimeSettingState)
    incrementYear                            0x080031d5   Thumb Code    28  main.o(i.incrementYear)
    main                                     0x080031f5   Thumb Code   342  main.o(i.main)
    startDisplayDateState                    0x0800335d   Thumb Code    20  main.o(i.startDisplayDateState)
    startDisplayPastTimesState               0x08003375   Thumb Code    20  main.o(i.startDisplayPastTimesState)
    startDisplayTimeState                    0x0800338d   Thumb Code    20  main.o(i.startDisplayTimeState)
    startSetTimeState                        0x080033a5   Thumb Code    22  main.o(i.startSetTimeState)
    updateTimeSetScreen                      0x080033c1   Thumb Code    76  main.o(i.updateTimeSetScreen)
    CapLetterMap                             0x08003414   Data          52  stm32l476g_discovery_glass_lcd.o(.constdata)
    NumberMap                                0x08003448   Data          20  stm32l476g_discovery_glass_lcd.o(.constdata)
    LED_PIN                                  0x0800345c   Data           4  stm32l476g_discovery.o(.constdata)
    JOY_IRQn                                 0x08003460   Data           5  stm32l476g_discovery.o(.constdata)
    JOY_PIN                                  0x08003466   Data          10  stm32l476g_discovery.o(.constdata)
    AHBPrescTable                            0x08003470   Data          16  system_stm32l4xx.o(.constdata)
    MSIRangeTable                            0x08003480   Data          48  system_stm32l4xx.o(.constdata)
    Region$$Table$$Base                      0x080034b0   Number         0  anon$$obj.o(Region$$Table)
    Region$$Table$$Limit                     0x080034d0   Number         0  anon$$obj.o(Region$$Table)
    timeSetState                             0x20000000   Data           1  main.o(.data)
    RTC_INT_TRIGGERED_FLAG                   0x20000001   Data           1  main.o(.data)
    state                                    0x20000002   Data           1  main.o(.data)
    memLocation                              0x20000004   Data           2  main.o(.data)
    yearStr                                  0x20000006   Data           3  main.o(.data)
    hourStr                                  0x20000009   Data           3  main.o(.data)
    monthStr                                 0x2000000c   Data           4  main.o(.data)
    dayStr                                   0x20000010   Data           4  main.o(.data)
    minuteStr                                0x20000014   Data           4  main.o(.data)
    secondStr                                0x20000018   Data           4  main.o(.data)
    RTC_DateStructure                        0x2000001c   Data           4  main.o(.data)
    SEL_Pressed_StartTick                    0x20000020   Data           4  main.o(.data)
    joystickFlags                            0x20000024   Data           6  main.o(.data)
    bLCDGlass_KeyPressed                     0x2000002a   Data           1  stm32l476g_discovery_glass_lcd.o(.data)
    LCDBar                                   0x2000002b   Data           1  stm32l476g_discovery_glass_lcd.o(.data)
    I2c1Timeout                              0x2000002c   Data           4  stm32l476g_discovery.o(.data)
    I2c2Timeout                              0x20000030   Data           4  stm32l476g_discovery.o(.data)
    LED_PORT                                 0x20000034   Data           8  stm32l476g_discovery.o(.data)
    JOY_PORT                                 0x2000003c   Data          20  stm32l476g_discovery.o(.data)
    uwTick                                   0x20000050   Data           4  stm32l4xx_hal.o(.data)
    SystemCoreClock                          0x20000054   Data           4  system_stm32l4xx.o(.data)
    pI2c_Handle                              0x20000058   Data          76  main.o(.bss)
    RTCHandle                                0x200000a4   Data          36  main.o(.bss)
    RTC_TimeStructure                        0x200000c8   Data          20  main.o(.bss)
    lcd_buffer                               0x200000dc   Data          85  main.o(.bss)
    LCDHandle                                0x20000134   Data          60  stm32l476g_discovery_glass_lcd.o(.bss)
    Digit                                    0x20000170   Data          16  stm32l476g_discovery_glass_lcd.o(.bss)
    __initial_sp                             0x20000580   Data           0  startup_stm32l476xx.o(STACK)



==============================================================================

Memory Map of the image

  Image Entry point : 0x0800019d

  Load Region LR_1 (Base: 0x08000000, Size: 0x00003528, Max: 0xffffffff, ABSOLUTE)

    Execution Region ER_RO (Exec base: 0x08000000, Load base: 0x08000000, Size: 0x000034d0, Max: 0xffffffff, ABSOLUTE)

    Exec Addr    Load Addr    Size         Type   Attr      Idx    E Section Name        Object

    0x08000000   0x08000000   0x00000188   Data   RO         3923    RESET               startup_stm32l476xx.o
    0x08000188   0x08000188   0x00000000   Code   RO         3966  * .ARM.Collect$$$$00000000  mc_w.l(entry.o)
    0x08000188   0x08000188   0x00000004   Code   RO         4232    .ARM.Collect$$$$00000001  mc_w.l(entry2.o)
    0x0800018c   0x0800018c   0x00000004   Code   RO         4235    .ARM.Collect$$$$00000004  mc_w.l(entry5.o)
    0x08000190   0x08000190   0x00000000   Code   RO         4237    .ARM.Collect$$$$00000008  mc_w.l(entry7b.o)
    0x08000190   0x08000190   0x00000000   Code   RO         4239    .ARM.Collect$$$$0000000A  mc_w.l(entry8b.o)
    0x08000190   0x08000190   0x00000008   Code   RO         4240    .ARM.Collect$$$$0000000B  mc_w.l(entry9a.o)
    0x08000198   0x08000198   0x00000000   Code   RO         4242    .ARM.Collect$$$$0000000D  mc_w.l(entry10a.o)
    0x08000198   0x08000198   0x00000000   Code   RO         4244    .ARM.Collect$$$$0000000F  mc_w.l(entry11a.o)
    0x08000198   0x08000198   0x00000004   Code   RO         4233    .ARM.Collect$$$$00002712  mc_w.l(entry2.o)
    0x0800019c   0x0800019c   0x00000024   Code   RO         3924  * .text               startup_stm32l476xx.o
    0x080001c0   0x080001c0   0x00000024   Code   RO         3969    .text               mc_w.l(memseta.o)
    0x080001e4   0x080001e4   0x0000002c   Code   RO         4249    .text               mc_w.l(uidiv.o)
    0x08000210   0x08000210   0x00000024   Code   RO         4264    .text               mc_w.l(init.o)
    0x08000234   0x08000234   0x00000030   Code   RO          691    i.BSP_JOY_GetState  stm32l476g_discovery.o
    0x08000264   0x08000264   0x000000b6   Code   RO          692    i.BSP_JOY_Init      stm32l476g_discovery.o
    0x0800031a   0x0800031a   0x00000002   PAD
    0x0800031c   0x0800031c   0x0000000c   Code   RO          572    i.BSP_LCD_GLASS_Clear  stm32l476g_discovery_glass_lcd.o
    0x08000328   0x08000328   0x00000030   Code   RO          579    i.BSP_LCD_GLASS_DisplayString  stm32l476g_discovery_glass_lcd.o
    0x08000358   0x08000358   0x0000004c   Code   RO          580    i.BSP_LCD_GLASS_Init  stm32l476g_discovery_glass_lcd.o
    0x080003a4   0x080003a4   0x000000de   Code   RO          581    i.BSP_LCD_GLASS_ScrollSentence  stm32l476g_discovery_glass_lcd.o
    0x08000482   0x08000482   0x00000002   PAD
    0x08000484   0x08000484   0x00000070   Code   RO          694    i.BSP_LED_Init      stm32l476g_discovery.o
    0x080004f4   0x080004f4   0x00000018   Code   RO          697    i.BSP_LED_Toggle    stm32l476g_discovery.o
    0x0800050c   0x0800050c   0x00000002   Code   RO          365    i.BusFault_Handler  stm32l4xx_it.o
    0x0800050e   0x0800050e   0x00000002   PAD
    0x08000510   0x08000510   0x00000108   Code   RO          582    i.Convert           stm32l476g_discovery_glass_lcd.o
    0x08000618   0x08000618   0x00000002   Code   RO          366    i.DebugMon_Handler  stm32l4xx_it.o
    0x0800061a   0x0800061a   0x00000006   Code   RO          367    i.EXTI0_IRQHandler  stm32l4xx_it.o
    0x08000620   0x08000620   0x00000008   Code   RO          368    i.EXTI15_10_IRQHandler  stm32l4xx_it.o
    0x08000628   0x08000628   0x00000006   Code   RO          369    i.EXTI1_IRQHandler  stm32l4xx_it.o
    0x0800062e   0x0800062e   0x00000006   Code   RO          370    i.EXTI2_IRQHandler  stm32l4xx_it.o
    0x08000634   0x08000634   0x00000006   Code   RO          371    i.EXTI3_IRQHandler  stm32l4xx_it.o
    0x0800063a   0x0800063a   0x00000006   Code   RO          372    i.EXTI9_5_IRQHandler  stm32l4xx_it.o
    0x08000640   0x08000640   0x0000001c   Code   RO          904    i.HAL_Delay         stm32l4xx_hal.o
    0x0800065c   0x0800065c   0x00000034   Code   RO            4    i.HAL_GPIO_EXTI_Callback  main.o
    0x08000690   0x08000690   0x00000018   Code   RO         1235    i.HAL_GPIO_EXTI_IRQHandler  stm32l4xx_hal_gpio.o
    0x080006a8   0x080006a8   0x000001ca   Code   RO         1236    i.HAL_GPIO_Init     stm32l4xx_hal_gpio.o
    0x08000872   0x08000872   0x0000000a   Code   RO         1238    i.HAL_GPIO_ReadPin  stm32l4xx_hal_gpio.o
    0x0800087c   0x0800087c   0x00000008   Code   RO         1239    i.HAL_GPIO_TogglePin  stm32l4xx_hal_gpio.o
    0x08000884   0x08000884   0x0000000a   Code   RO         1240    i.HAL_GPIO_WritePin  stm32l4xx_hal_gpio.o
    0x0800088e   0x0800088e   0x00000002   PAD
    0x08000890   0x08000890   0x0000000c   Code   RO          908    i.HAL_GetTick       stm32l4xx_hal.o
    0x0800089c   0x0800089c   0x00000006   Code   RO         2971    i.HAL_I2C_GetState  stm32l4xx_hal_i2c.o
    0x080008a2   0x080008a2   0x00000002   PAD
    0x080008a4   0x080008a4   0x000000b8   Code   RO         2972    i.HAL_I2C_Init      stm32l4xx_hal_i2c.o
    0x0800095c   0x0800095c   0x00000002   Code   RO          317    i.HAL_I2C_MspInit   stm32l4xx_hal_msp.o
    0x0800095e   0x0800095e   0x00000002   PAD
    0x08000960   0x08000960   0x00000010   Code   RO          912    i.HAL_IncTick       stm32l4xx_hal.o
    0x08000970   0x08000970   0x00000016   Code   RO          913    i.HAL_Init          stm32l4xx_hal.o
    0x08000986   0x08000986   0x00000002   PAD
    0x08000988   0x08000988   0x00000028   Code   RO          914    i.HAL_InitTick      stm32l4xx_hal.o
    0x080009b0   0x080009b0   0x00000080   Code   RO         1299    i.HAL_LCD_Clear     stm32l4xx_hal_lcd.o
    0x08000a30   0x08000a30   0x000000fc   Code   RO         1303    i.HAL_LCD_Init      stm32l4xx_hal_lcd.o
    0x08000b2c   0x08000b2c   0x00000002   Code   RO         1305    i.HAL_LCD_MspInit   stm32l4xx_hal_lcd.o
    0x08000b2e   0x08000b2e   0x00000054   Code   RO         1306    i.HAL_LCD_UpdateDisplayRequest  stm32l4xx_hal_lcd.o
    0x08000b82   0x08000b82   0x00000002   PAD
    0x08000b84   0x08000b84   0x00000088   Code   RO         1307    i.HAL_LCD_Write     stm32l4xx_hal_lcd.o
    0x08000c0c   0x08000c0c   0x00000002   Code   RO          319    i.HAL_MspInit       stm32l4xx_hal_msp.o
    0x08000c0e   0x08000c0e   0x00000016   Code   RO         1113    i.HAL_NVIC_EnableIRQ  stm32l4xx_hal_cortex.o
    0x08000c24   0x08000c24   0x00000040   Code   RO         1119    i.HAL_NVIC_SetPriority  stm32l4xx_hal_cortex.o
    0x08000c64   0x08000c64   0x00000024   Code   RO         1120    i.HAL_NVIC_SetPriorityGrouping  stm32l4xx_hal_cortex.o
    0x08000c88   0x08000c88   0x00000064   Code   RO         1492    i.HAL_PWREx_ControlVoltageScaling  stm32l4xx_hal_pwr_ex.o
    0x08000cec   0x08000cec   0x00000010   Code   RO         1517    i.HAL_PWREx_EnableVddIO2  stm32l4xx_hal_pwr_ex.o
    0x08000cfc   0x08000cfc   0x00000010   Code   RO         1523    i.HAL_PWREx_GetVoltageRange  stm32l4xx_hal_pwr_ex.o
    0x08000d0c   0x08000d0c   0x00000010   Code   RO         1384    i.HAL_PWR_EnableBkUpAccess  stm32l4xx_hal_pwr.o
    0x08000d1c   0x08000d1c   0x000003ae   Code   RO         1853    i.HAL_RCCEx_PeriphCLKConfig  stm32l4xx_hal_rcc_ex.o
    0x080010ca   0x080010ca   0x00000002   PAD
    0x080010cc   0x080010cc   0x00000180   Code   RO         1738    i.HAL_RCC_ClockConfig  stm32l4xx_hal_rcc.o
    0x0800124c   0x0800124c   0x000000fc   Code   RO         1746    i.HAL_RCC_GetSysClockFreq  stm32l4xx_hal_rcc.o
    0x08001348   0x08001348   0x00000480   Code   RO         1749    i.HAL_RCC_OscConfig  stm32l4xx_hal_rcc.o
    0x080017c8   0x080017c8   0x00000002   Code   RO         3580    i.HAL_RTCEx_AlarmBEventCallback  stm32l4xx_hal_rtc_ex.o
    0x080017ca   0x080017ca   0x00000002   Code   RO         3610    i.HAL_RTCEx_Tamper1EventCallback  stm32l4xx_hal_rtc_ex.o
    0x080017cc   0x080017cc   0x00000002   Code   RO         3611    i.HAL_RTCEx_Tamper2EventCallback  stm32l4xx_hal_rtc_ex.o
    0x080017ce   0x080017ce   0x00000002   Code   RO         3612    i.HAL_RTCEx_Tamper3EventCallback  stm32l4xx_hal_rtc_ex.o
    0x080017d0   0x080017d0   0x000000dc   Code   RO         3613    i.HAL_RTCEx_TamperTimeStampIRQHandler  stm32l4xx_hal_rtc_ex.o
    0x080018ac   0x080018ac   0x00000002   Code   RO         3614    i.HAL_RTCEx_TimeStampEventCallback  stm32l4xx_hal_rtc_ex.o
    0x080018ae   0x080018ae   0x00000002   PAD
    0x080018b0   0x080018b0   0x0000000c   Code   RO            5    i.HAL_RTC_AlarmAEventCallback  main.o
    0x080018bc   0x080018bc   0x00000074   Code   RO         3444    i.HAL_RTC_AlarmIRQHandler  stm32l4xx_hal_rtc.o
    0x08001930   0x08001930   0x00000044   Code   RO         3448    i.HAL_RTC_GetDate   stm32l4xx_hal_rtc.o
    0x08001974   0x08001974   0x00000058   Code   RO         3450    i.HAL_RTC_GetTime   stm32l4xx_hal_rtc.o
    0x080019cc   0x080019cc   0x000000b8   Code   RO         3451    i.HAL_RTC_Init      stm32l4xx_hal_rtc.o
    0x08001a84   0x08001a84   0x00000002   Code   RO         3453    i.HAL_RTC_MspInit   stm32l4xx_hal_rtc.o
    0x08001a86   0x08001a86   0x00000002   PAD
    0x08001a88   0x08001a88   0x000001a6   Code   RO         3456    i.HAL_RTC_SetAlarm_IT  stm32l4xx_hal_rtc.o
    0x08001c2e   0x08001c2e   0x00000002   PAD
    0x08001c30   0x08001c30   0x000000d8   Code   RO         3457    i.HAL_RTC_SetDate   stm32l4xx_hal_rtc.o
    0x08001d08   0x08001d08   0x000000f8   Code   RO         3458    i.HAL_RTC_SetTime   stm32l4xx_hal_rtc.o
    0x08001e00   0x08001e00   0x00000036   Code   RO         3459    i.HAL_RTC_WaitForSynchro  stm32l4xx_hal_rtc.o
    0x08001e36   0x08001e36   0x00000028   Code   RO         1124    i.HAL_SYSTICK_Config  stm32l4xx_hal_cortex.o
    0x08001e5e   0x08001e5e   0x00000002   Code   RO          373    i.HardFault_Handler  stm32l4xx_it.o
    0x08001e60   0x08001e60   0x00000044   Code   RO          509    i.I2C_Init          i2c_at24c64.o
    0x08001ea4   0x08001ea4   0x000000ac   Code   RO          510    i.I2C_MspInit       i2c_at24c64.o
    0x08001f50   0x08001f50   0x00000108   Code   RO          584    i.LCD_MspInit       stm32l476g_discovery_glass_lcd.o
    0x08002058   0x08002058   0x00000030   Code   RO         1308    i.LCD_WaitForSynchro  stm32l4xx_hal_lcd.o
    0x08002088   0x08002088   0x00000002   Code   RO          374    i.MemManage_Handler  stm32l4xx_it.o
    0x0800208a   0x0800208a   0x00000002   Code   RO          375    i.NMI_Handler       stm32l4xx_it.o
    0x0800208c   0x0800208c   0x00000020   Code   RO         1126    i.NVIC_SetPriority  stm32l4xx_hal_cortex.o
    0x080020ac   0x080020ac   0x00000002   Code   RO          376    i.PendSV_Handler    stm32l4xx_it.o
    0x080020ae   0x080020ae   0x00000002   PAD
    0x080020b0   0x080020b0   0x00000168   Code   RO         1856    i.RCCEx_PLLSAI1_Config  stm32l4xx_hal_rcc_ex.o
    0x08002218   0x08002218   0x0000013c   Code   RO         1857    i.RCCEx_PLLSAI2_Config  stm32l4xx_hal_rcc_ex.o
    0x08002354   0x08002354   0x0000007c   Code   RO         1750    i.RCC_SetFlashLatencyFromMSIRange  stm32l4xx_hal_rcc.o
    0x080023d0   0x080023d0   0x00000058   Code   RO            6    i.RTC_AlarmAConfig  main.o
    0x08002428   0x08002428   0x0000000c   Code   RO          377    i.RTC_Alarm_IRQHandler  stm32l4xx_it.o
    0x08002434   0x08002434   0x00000012   Code   RO         3460    i.RTC_Bcd2ToByte    stm32l4xx_hal_rtc.o
    0x08002446   0x08002446   0x00000016   Code   RO         3461    i.RTC_ByteToBcd2    stm32l4xx_hal_rtc.o
    0x0800245c   0x0800245c   0x00000168   Code   RO            9    i.RTC_Config        main.o
    0x080025c4   0x080025c4   0x0000003a   Code   RO         3462    i.RTC_EnterInitMode  stm32l4xx_hal_rtc.o
    0x080025fe   0x080025fe   0x00000002   Code   RO          378    i.SVC_Handler       stm32l4xx_it.o
    0x08002600   0x08002600   0x00000004   Code   RO          379    i.SysTick_Handler   stm32l4xx_it.o
    0x08002604   0x08002604   0x0000008c   Code   RO           10    i.SystemClock_Config  main.o
    0x08002690   0x08002690   0x00000044   Code   RO         3932    i.SystemInit        system_stm32l4xx.o
    0x080026d4   0x080026d4   0x0000000c   Code   RO          380    i.TAMP_STAMP_IRQHandler  stm32l4xx_it.o
    0x080026e0   0x080026e0   0x00000002   Code   RO          381    i.TIM3_IRQHandler   stm32l4xx_it.o
    0x080026e2   0x080026e2   0x00000002   Code   RO          382    i.TIM4_IRQHandler   stm32l4xx_it.o
    0x080026e4   0x080026e4   0x00000002   Code   RO          383    i.UsageFault_Handler  stm32l4xx_it.o
    0x080026e6   0x080026e6   0x00000002   PAD
    0x080026e8   0x080026e8   0x00000460   Code   RO          585    i.WriteChar         stm32l476g_discovery_glass_lcd.o
    0x08002b48   0x08002b48   0x00000030   Code   RO         4127    i.__0snprintf$6     mc_w.l(printf6.o)
    0x08002b78   0x08002b78   0x0000000e   Code   RO         4278    i.__scatterload_copy  mc_w.l(handlers.o)
    0x08002b86   0x08002b86   0x00000002   Code   RO         4279    i.__scatterload_null  mc_w.l(handlers.o)
    0x08002b88   0x08002b88   0x0000000e   Code   RO         4280    i.__scatterload_zeroinit  mc_w.l(handlers.o)
    0x08002b96   0x08002b96   0x00000002   PAD
    0x08002b98   0x08002b98   0x000002f6   Code   RO         4133    i._printf_core      mc_w.l(printf6.o)
    0x08002e8e   0x08002e8e   0x00000024   Code   RO         4134    i._printf_post_padding  mc_w.l(printf6.o)
    0x08002eb2   0x08002eb2   0x0000002e   Code   RO         4135    i._printf_pre_padding  mc_w.l(printf6.o)
    0x08002ee0   0x08002ee0   0x00000016   Code   RO         4136    i._snputc           mc_w.l(printf6.o)
    0x08002ef6   0x08002ef6   0x00000010   Code   RO           11    i.bcd_decimal       main.o
    0x08002f06   0x08002f06   0x00000002   PAD
    0x08002f08   0x08002f08   0x00000018   Code   RO           12    i.clearJoystickFlags  main.o
    0x08002f20   0x08002f20   0x00000014   Code   RO           13    i.decimal_bcd       main.o
    0x08002f34   0x08002f34   0x00000058   Code   RO           14    i.displayDate       main.o
    0x08002f8c   0x08002f8c   0x00000078   Code   RO           15    i.displayPastTimes  main.o
    0x08003004   0x08003004   0x00000034   Code   RO           16    i.displaySetTime    main.o
    0x08003038   0x08003038   0x00000050   Code   RO           17    i.displayTime       main.o
    0x08003088   0x08003088   0x0000001a   Code   RO           19    i.getPastTimes      main.o
    0x080030a2   0x080030a2   0x00000002   PAD
    0x080030a4   0x080030a4   0x00000020   Code   RO           20    i.incrementDay      main.o
    0x080030c4   0x080030c4   0x00000020   Code   RO           21    i.incrementHour     main.o
    0x080030e4   0x080030e4   0x00000020   Code   RO           22    i.incrementMinute   main.o
    0x08003104   0x08003104   0x00000020   Code   RO           23    i.incrementMonth    main.o
    0x08003124   0x08003124   0x00000020   Code   RO           24    i.incrementSecond   main.o
    0x08003144   0x08003144   0x0000007c   Code   RO           25    i.incrementTimeSetting  main.o
    0x080031c0   0x080031c0   0x00000012   Code   RO           26    i.incrementTimeSettingState  main.o
    0x080031d2   0x080031d2   0x00000002   PAD
    0x080031d4   0x080031d4   0x00000020   Code   RO           27    i.incrementYear     main.o
    0x080031f4   0x080031f4   0x00000168   Code   RO           28    i.main              main.o
    0x0800335c   0x0800335c   0x00000018   Code   RO           30    i.startDisplayDateState  main.o
    0x08003374   0x08003374   0x00000018   Code   RO           31    i.startDisplayPastTimesState  main.o
    0x0800338c   0x0800338c   0x00000018   Code   RO           32    i.startDisplayTimeState  main.o
    0x080033a4   0x080033a4   0x0000001c   Code   RO           33    i.startSetTimeState  main.o
    0x080033c0   0x080033c0   0x00000054   Code   RO           34    i.updateTimeSetScreen  main.o
    0x08003414   0x08003414   0x00000048   Data   RO          587    .constdata          stm32l476g_discovery_glass_lcd.o
    0x0800345c   0x0800345c   0x00000014   Data   RO          718    .constdata          stm32l476g_discovery.o
    0x08003470   0x08003470   0x00000040   Data   RO         3933    .constdata          system_stm32l4xx.o
    0x080034b0   0x080034b0   0x00000020   Data   RO         4276    Region$$Table       anon$$obj.o


    Execution Region ER_RW (Exec base: 0x20000000, Load base: 0x080034d0, Size: 0x00000058, Max: 0xffffffff, ABSOLUTE)

    Exec Addr    Load Addr    Size         Type   Attr      Idx    E Section Name        Object

    0x20000000   0x080034d0   0x0000002a   Data   RW           37    .data               main.o
    0x2000002a   0x080034fa   0x00000002   Data   RW          588    .data               stm32l476g_discovery_glass_lcd.o
    0x2000002c   0x080034fc   0x00000024   Data   RW          719    .data               stm32l476g_discovery.o
    0x20000050   0x08003520   0x00000004   Data   RW          929    .data               stm32l4xx_hal.o
    0x20000054   0x08003524   0x00000004   Data   RW         3935    .data               system_stm32l4xx.o


    Execution Region ER_ZI (Exec base: 0x20000058, Load base: 0x08003528, Size: 0x00000528, Max: 0xffffffff, ABSOLUTE)

    Exec Addr    Load Addr    Size         Type   Attr      Idx    E Section Name        Object

    0x20000058        -       0x000000d9   Zero   RW           36    .bss                main.o
    0x20000131   0x08003528   0x00000003   PAD
    0x20000134        -       0x0000004c   Zero   RW          586    .bss                stm32l476g_discovery_glass_lcd.o
    0x20000180        -       0x00000400   Zero   RW         3921    STACK               startup_stm32l476xx.o


==============================================================================

Image component sizes


      Code (inc. data)   RO Data    RW Data    ZI Data      Debug   Object Name

       240         18          0          0          0       1631   i2c_at24c64.o
      1956        274          0         42        217     854970   main.o
        36          8        392          0       1024        848   startup_stm32l476xx.o
       366         48         20         36          0       5659   stm32l476g_discovery.o
      2006        106         72          2         76       7667   stm32l476g_discovery_glass_lcd.o
       118         18          0          4          0       4399   stm32l4xx_hal.o
       194         14          0          0          0      30715   stm32l4xx_hal_cortex.o
       510         44          0          0          0       4671   stm32l4xx_hal_gpio.o
       190          6          0          0          0       3670   stm32l4xx_hal_i2c.o
       650          4          0          0          0       5521   stm32l4xx_hal_lcd.o
         4          0          0          0          0       1212   stm32l4xx_hal_msp.o
        16          4          0          0          0        579   stm32l4xx_hal_pwr.o
       132         24          0          0          0       2019   stm32l4xx_hal_pwr_ex.o
      1912         62          0          0          0       5814   stm32l4xx_hal_rcc.o
      1618         40          0          0          0       4356   stm32l4xx_hal_rcc_ex.o
      1496         36          0          0          0      10522   stm32l4xx_hal_rtc.o
       230          8          0          0          0       4844   stm32l4xx_hal_rtc_ex.o
        86         12          0          0          0       8361   stm32l4xx_it.o
        68         12         64          4          0       1301   system_stm32l4xx.o

    ----------------------------------------------------------------------
     11862        738        580         88       1320     958759   Object Totals
         0          0         32          0          0          0   (incl. Generated)
        34          0          0          0          3          0   (incl. Padding)

    ----------------------------------------------------------------------

      Code (inc. data)   RO Data    RW Data    ZI Data      Debug   Library Member Name

         0          0          0          0          0          0   entry.o
         0          0          0          0          0          0   entry10a.o
         0          0          0          0          0          0   entry11a.o
         8          4          0          0          0          0   entry2.o
         4          0          0          0          0          0   entry5.o
         0          0          0          0          0          0   entry7b.o
         0          0          0          0          0          0   entry8b.o
         8          4          0          0          0          0   entry9a.o
        30          0          0          0          0          0   handlers.o
        36          8          0          0          0         68   init.o
        36          0          0          0          0        108   memseta.o
       910          8          0          0          0        420   printf6.o
        44          0          0          0          0         80   uidiv.o

    ----------------------------------------------------------------------
      1078         24          0          0          0        676   Library Totals
         2          0          0          0          0          0   (incl. Padding)

    ----------------------------------------------------------------------

      Code (inc. data)   RO Data    RW Data    ZI Data      Debug   Library Name

      1076         24          0          0          0        676   mc_w.l

    ----------------------------------------------------------------------
      1078         24          0          0          0        676   Library Totals

    ----------------------------------------------------------------------

==============================================================================


      Code (inc. data)   RO Data    RW Data    ZI Data      Debug   

     12940        762        580         88       1320     948679   Grand Totals
     12940        762        580         88       1320     948679   ELF Image Totals
     12940        762        580         88          0          0   ROM Totals

==============================================================================

    Total RO  Size (Code + RO Data)                13520 (  13.20kB)
    Total RW  Size (RW Data + ZI Data)              1408 (   1.38kB)
    Total ROM Size (Code + RO Data + RW Data)      13608 (  13.29kB)

==============================================================================

