Component: ARM Compiler 5.06 update 6 (build 750) Tool: armlink [4d35ed]

==============================================================================

Section Cross References

    main.o(i.HAL_GPIO_EXTI_Callback) refers to main.o(.data) for .data
    main.o(i.HAL_RTC_AlarmAEventCallback) refers to main.o(.data) for .data
    main.o(i.RTC_AlarmAConfig) refers to stm32l4xx_hal_rtc.o(i.HAL_RTC_SetAlarm_IT) for HAL_RTC_SetAlarm_IT
    main.o(i.RTC_AlarmAConfig) refers to stm32l476g_discovery_glass_lcd.o(i.BSP_LCD_GLASS_Clear) for BSP_LCD_GLASS_Clear
    main.o(i.RTC_AlarmAConfig) refers to stm32l476g_discovery_glass_lcd.o(i.BSP_LCD_GLASS_DisplayString) for BSP_LCD_GLASS_DisplayString
    main.o(i.RTC_AlarmAConfig) refers to stm32l4xx_hal_cortex.o(i.HAL_NVIC_EnableIRQ) for HAL_NVIC_EnableIRQ
    main.o(i.RTC_AlarmAConfig) refers to stm32l4xx_hal_cortex.o(i.HAL_NVIC_SetPriority) for HAL_NVIC_SetPriority
    main.o(i.RTC_AlarmAConfig) refers to main.o(.bss) for .bss
    main.o(i.RTC_Config) refers to stm32l4xx_hal_pwr.o(i.HAL_PWR_EnableBkUpAccess) for HAL_PWR_EnableBkUpAccess
    main.o(i.RTC_Config) refers to stm32l4xx_hal_rtc.o(i.HAL_RTC_Init) for HAL_RTC_Init
    main.o(i.RTC_Config) refers to stm32l476g_discovery_glass_lcd.o(i.BSP_LCD_GLASS_Clear) for BSP_LCD_GLASS_Clear
    main.o(i.RTC_Config) refers to stm32l476g_discovery_glass_lcd.o(i.BSP_LCD_GLASS_DisplayString) for BSP_LCD_GLASS_DisplayString
    main.o(i.RTC_Config) refers to stm32l4xx_hal_rtc.o(i.HAL_RTC_SetDate) for HAL_RTC_SetDate
    main.o(i.RTC_Config) refers to stm32l4xx_hal_rtc.o(i.HAL_RTC_SetTime) for HAL_RTC_SetTime
    main.o(i.RTC_Config) refers to stm32l4xx_hal_rtc.o(i.HAL_RTC_WaitForSynchro) for HAL_RTC_WaitForSynchro
    main.o(i.RTC_Config) refers to main.o(.bss) for .bss
    main.o(i.SystemClock_Config) refers to memseta.o(.text) for __aeabi_memclr4
    main.o(i.SystemClock_Config) refers to stm32l4xx_hal_rcc.o(i.HAL_RCC_OscConfig) for HAL_RCC_OscConfig
    main.o(i.SystemClock_Config) refers to stm32l4xx_hal_rcc.o(i.HAL_RCC_ClockConfig) for HAL_RCC_ClockConfig
    main.o(i.SystemClock_Config) refers to stm32l4xx_hal_pwr_ex.o(i.HAL_PWREx_ControlVoltageScaling) for HAL_PWREx_ControlVoltageScaling
    main.o(i.clearJoystickFlags) refers to main.o(.data) for .data
    main.o(i.displayDate) refers to main.o(i.bcd_decimal) for bcd_decimal
    main.o(i.displayDate) refers to printf6.o(i.__0snprintf$6) for __2snprintf
    main.o(i.displayDate) refers to stm32l476g_discovery_glass_lcd.o(i.BSP_LCD_GLASS_ScrollSentence) for BSP_LCD_GLASS_ScrollSentence
    main.o(i.displayDate) refers to main.o(.data) for .data
    main.o(i.displayDate) refers to main.o(.bss) for .bss
    main.o(i.displayPastTimes) refers to stm32l476g_discovery_glass_lcd.o(i.BSP_LCD_GLASS_Clear) for BSP_LCD_GLASS_Clear
    main.o(i.displayPastTimes) refers to main.o(i.getPastTimes) for getPastTimes
    main.o(i.displayPastTimes) refers to printf6.o(i.__0snprintf$6) for __2snprintf
    main.o(i.displayPastTimes) refers to stm32l476g_discovery_glass_lcd.o(i.BSP_LCD_GLASS_ScrollSentence) for BSP_LCD_GLASS_ScrollSentence
    main.o(i.displayPastTimes) refers to main.o(.bss) for .bss
    main.o(i.displaySetTime) refers to stm32l476g_discovery_glass_lcd.o(i.BSP_LCD_GLASS_Clear) for BSP_LCD_GLASS_Clear
    main.o(i.displaySetTime) refers to main.o(i.bcd_decimal) for bcd_decimal
    main.o(i.displaySetTime) refers to printf6.o(i.__0snprintf$6) for __2snprintf
    main.o(i.displaySetTime) refers to stm32l476g_discovery_glass_lcd.o(i.BSP_LCD_GLASS_DisplayString) for BSP_LCD_GLASS_DisplayString
    main.o(i.displaySetTime) refers to main.o(.bss) for .bss
    main.o(i.displayTime) refers to stm32l476g_discovery_glass_lcd.o(i.BSP_LCD_GLASS_Clear) for BSP_LCD_GLASS_Clear
    main.o(i.displayTime) refers to main.o(i.bcd_decimal) for bcd_decimal
    main.o(i.displayTime) refers to printf6.o(i.__0snprintf$6) for __2snprintf
    main.o(i.displayTime) refers to stm32l476g_discovery_glass_lcd.o(i.BSP_LCD_GLASS_DisplayString) for BSP_LCD_GLASS_DisplayString
    main.o(i.displayTime) refers to main.o(.bss) for .bss
    main.o(i.getPastTimes) refers to i2c_at24c64.o(i.I2C_ByteRead) for I2C_ByteRead
    main.o(i.getPastTimes) refers to main.o(.data) for .data
    main.o(i.getPastTimes) refers to main.o(.bss) for .bss
    main.o(i.incrementDay) refers to main.o(i.bcd_decimal) for bcd_decimal
    main.o(i.incrementDay) refers to main.o(i.decimal_bcd) for decimal_bcd
    main.o(i.incrementDay) refers to main.o(.data) for .data
    main.o(i.incrementHour) refers to main.o(i.bcd_decimal) for bcd_decimal
    main.o(i.incrementHour) refers to main.o(i.decimal_bcd) for decimal_bcd
    main.o(i.incrementHour) refers to main.o(.bss) for .bss
    main.o(i.incrementMinute) refers to main.o(i.bcd_decimal) for bcd_decimal
    main.o(i.incrementMinute) refers to main.o(i.decimal_bcd) for decimal_bcd
    main.o(i.incrementMinute) refers to main.o(.bss) for .bss
[...]
    Removing stm32l4xx_hal_i2c_ex.o(.rrx_text), (6 bytes).
    Removing stm32l4xx_hal_i2c_ex.o(i.HAL_I2CEx_ConfigAnalogFilter), (86 bytes).
    Removing stm32l4xx_hal_i2c_ex.o(i.HAL_I2CEx_ConfigDigitalFilter), (82 bytes).
    Removing stm32l4xx_hal_i2c_ex.o(i.HAL_I2CEx_DisableFastModePlus), (40 bytes).
    Removing stm32l4xx_hal_i2c_ex.o(i.HAL_I2CEx_DisableWakeUp), (78 bytes).
    Removing stm32l4xx_hal_i2c_ex.o(i.HAL_I2CEx_EnableFastModePlus), (40 bytes).
    Removing stm32l4xx_hal_i2c_ex.o(i.HAL_I2CEx_EnableWakeUp), (78 bytes).
    Removing stm32l4xx_hal_rtc.o(.rev16_text), (4 bytes).
    Removing stm32l4xx_hal_rtc.o(.revsh_text), (4 bytes).
    Removing stm32l4xx_hal_rtc.o(.rrx_text), (6 bytes).
    Removing stm32l4xx_hal_rtc.o(i.HAL_RTC_AlarmAEventCallback), (2 bytes).
    Removing stm32l4xx_hal_rtc.o(i.HAL_RTC_DeInit), (224 bytes).
    Removing stm32l4xx_hal_rtc.o(i.HAL_RTC_DeactivateAlarm), (186 bytes).
    Removing stm32l4xx_hal_rtc.o(i.HAL_RTC_GetAlarm), (126 bytes).
    Removing stm32l4xx_hal_rtc.o(i.HAL_RTC_GetState), (6 bytes).
    Removing stm32l4xx_hal_rtc.o(i.HAL_RTC_MspDeInit), (2 bytes).
    Removing stm32l4xx_hal_rtc.o(i.HAL_RTC_PollForAlarmAEvent), (70 bytes).
    Removing stm32l4xx_hal_rtc.o(i.HAL_RTC_SetAlarm), (368 bytes).
    Removing stm32l4xx_hal_rtc_ex.o(.rev16_text), (4 bytes).
    Removing stm32l4xx_hal_rtc_ex.o(.revsh_text), (4 bytes).
    Removing stm32l4xx_hal_rtc_ex.o(.rrx_text), (6 bytes).
    Removing stm32l4xx_hal_rtc_ex.o(i.HAL_RTCEx_BKUPRead), (10 bytes).
    Removing stm32l4xx_hal_rtc_ex.o(i.HAL_RTCEx_BKUPWrite), (10 bytes).
    Removing stm32l4xx_hal_rtc_ex.o(i.HAL_RTCEx_DeactivateCalibrationOutPut), (66 bytes).
    Removing stm32l4xx_hal_rtc_ex.o(i.HAL_RTCEx_DeactivateInternalTimeStamp), (66 bytes).
    Removing stm32l4xx_hal_rtc_ex.o(i.HAL_RTCEx_DeactivateRefClock), (110 bytes).
    Removing stm32l4xx_hal_rtc_ex.o(i.HAL_RTCEx_DeactivateTamper), (104 bytes).
    Removing stm32l4xx_hal_rtc_ex.o(i.HAL_RTCEx_DeactivateTimeStamp), (80 bytes).
    Removing stm32l4xx_hal_rtc_ex.o(i.HAL_RTCEx_DeactivateWakeUpTimer), (138 bytes).
    Removing stm32l4xx_hal_rtc_ex.o(i.HAL_RTCEx_DisableBypassShadow), (66 bytes).
    Removing stm32l4xx_hal_rtc_ex.o(i.HAL_RTCEx_EnableBypassShadow), (66 bytes).
    Removing stm32l4xx_hal_rtc_ex.o(i.HAL_RTCEx_GetTimeStamp), (168 bytes).
    Removing stm32l4xx_hal_rtc_ex.o(i.HAL_RTCEx_GetWakeUpTimer), (8 bytes).
    Removing stm32l4xx_hal_rtc_ex.o(i.HAL_RTCEx_PollForAlarmBEvent), (70 bytes).
    Removing stm32l4xx_hal_rtc_ex.o(i.HAL_RTCEx_PollForTamper1Event), (70 bytes).
    Removing stm32l4xx_hal_rtc_ex.o(i.HAL_RTCEx_PollForTamper2Event), (70 bytes).
    Removing stm32l4xx_hal_rtc_ex.o(i.HAL_RTCEx_PollForTamper3Event), (72 bytes).
    Removing stm32l4xx_hal_rtc_ex.o(i.HAL_RTCEx_PollForTimeStampEvent), (84 bytes).
    Removing stm32l4xx_hal_rtc_ex.o(i.HAL_RTCEx_PollForWakeUpTimerEvent), (70 bytes).
    Removing stm32l4xx_hal_rtc_ex.o(i.HAL_RTCEx_SetCalibrationOutPut), (86 bytes).
    Removing stm32l4xx_hal_rtc_ex.o(i.HAL_RTCEx_SetInternalTimeStamp), (66 bytes).
    Removing stm32l4xx_hal_rtc_ex.o(i.HAL_RTCEx_SetRefClock), (110 bytes).
    Removing stm32l4xx_hal_rtc_ex.o(i.HAL_RTCEx_SetSmoothCalib), (152 bytes).
    Removing stm32l4xx_hal_rtc_ex.o(i.HAL_RTCEx_SetSynchroShift), (174 bytes).
    Removing stm32l4xx_hal_rtc_ex.o(i.HAL_RTCEx_SetTamper), (196 bytes).
    Removing stm32l4xx_hal_rtc_ex.o(i.HAL_RTCEx_SetTamper_IT), (228 bytes).
    Removing stm32l4xx_hal_rtc_ex.o(i.HAL_RTCEx_SetTimeStamp), (82 bytes).
    Removing stm32l4xx_hal_rtc_ex.o(i.HAL_RTCEx_SetTimeStamp_IT), (120 bytes).
    Removing stm32l4xx_hal_rtc_ex.o(i.HAL_RTCEx_SetWakeUpTimer), (208 bytes).
    Removing stm32l4xx_hal_rtc_ex.o(i.HAL_RTCEx_SetWakeUpTimer_IT), (262 bytes).
    Removing stm32l4xx_hal_rtc_ex.o(i.HAL_RTCEx_WakeUpTimerEventCallback), (2 bytes).
    Removing stm32l4xx_hal_rtc_ex.o(i.HAL_RTCEx_WakeUpTimerIRQHandler), (52 bytes).
    Removing buttons_stm32l476g-eval.o(.rev16_text), (4 bytes).
    Removing buttons_stm32l476g-eval.o(.revsh_text), (4 bytes).
    Removing buttons_stm32l476g-eval.o(.rrx_text), (6 bytes).
    Removing buttons_stm32l476g-eval.o(i.Buttons_GetCount), (4 bytes).
    Removing buttons_stm32l476g-eval.o(i.Buttons_GetState), (20 bytes).
    Removing buttons_stm32l476g-eval.o(i.Buttons_Initialize), (64 bytes).
    Removing buttons_stm32l476g-eval.o(i.Buttons_Uninitialize), (20 bytes).
    Removing led_stm32l476g-eval.o(.rev16_text), (4 bytes).
    Removing led_stm32l476g-eval.o(.revsh_text), (4 bytes).
    Removing led_stm32l476g-eval.o(.rrx_text), (6 bytes).
    Removing led_stm32l476g-eval.o(i.LED_GetCount), (4 bytes).
    Removing led_stm32l476g-eval.o(i.LED_Initialize), (80 bytes).
    Removing led_stm32l476g-eval.o(i.LED_Off), (28 bytes).
    Removing led_stm32l476g-eval.o(i.LED_On), (28 bytes).
    Removing led_stm32l476g-eval.o(i.LED_SetOut), (26 bytes).
    Removing led_stm32l476g-eval.o(i.LED_Uninitialize), (4 bytes).
    Removing led_stm32l476g-eval.o(.constdata), (4 bytes).
    Removing startup_stm32l476xx.o(HEAP), (512 bytes).
    Removing system_stm32l4xx.o(.rev16_text), (4 bytes).
    Removing system_stm32l4xx.o(.revsh_text), (4 bytes).
    Removing system_stm32l4xx.o(.rrx_text), (6 bytes).
    Removing system_stm32l4xx.o(i.SystemCoreClockUpdate), (168 bytes).
    Removing system_stm32l4xx.o(.constdata), (8 bytes).
    Removing dadd.o(.text), (350 bytes).
    Removing dmul.o(.text), (234 bytes).
    Removing ddiv.o(.text), (222 bytes).
    Removing dfixul.o(.text), (48 bytes).
    Removing cdrcmple.o(.text), (48 bytes).
    Removing depilogue.o(.text), (186 bytes).

524 unused section(s) (total 37179 bytes) removed from the image.

==============================================================================

Image Symbol Table

    Local Symbols

    Symbol Name                              Value     Ov Type        Size  Object(Section)

    ../clib/microlib/division.c              0x00000000   Number         0  uidiv.o ABSOLUTE
    ../clib/microlib/division.c              0x00000000   Number         0  uldiv.o ABSOLUTE
    ../clib/microlib/init/entry.s            0x00000000   Number         0  entry.o ABSOLUTE
    ../clib/microlib/init/entry.s            0x00000000   Number         0  entry7a.o ABSOLUTE
    ../clib/microlib/init/entry.s            0x00000000   Number         0  entry11a.o ABSOLUTE
    ../clib/microlib/init/entry.s            0x00000000   Number         0  entry5.o ABSOLUTE
    ../clib/microlib/init/entry.s            0x00000000   Number         0  entry2.o ABSOLUTE
    ../clib/microlib/init/entry.s            0x00000000   Number         0  entry8a.o ABSOLUTE
    ../clib/microlib/init/entry.s            0x00000000   Number         0  entry7b.o ABSOLUTE
    ../clib/microlib/init/entry.s            0x00000000   Number         0  entry8b.o ABSOLUTE
    ../clib/microlib/init/entry.s            0x00000000   Number         0  entry9a.o ABSOLUTE
    ../clib/microlib/init/entry.s            0x00000000   Number         0  entry10a.o ABSOLUTE
    ../clib/microlib/init/entry.s            0x00000000   Number         0  entry9b.o ABSOLUTE
    ../clib/microlib/init/entry.s            0x00000000   Number         0  entry10b.o ABSOLUTE
    ../clib/microlib/init/entry.s            0x00000000   Number         0  entry11b.o ABSOLUTE
    ../clib/microlib/longlong.c              0x00000000   Number         0  llushr.o ABSOLUTE
    ../clib/microlib/longlong.c              0x00000000   Number         0  llshl.o ABSOLUTE
    ../clib/microlib/longlong.c              0x00000000   Number         0  llsshr.o ABSOLUTE
    ../clib/microlib/printf/printf.c         0x00000000   Number         0  printfa.o ABSOLUTE
    ../clib/microlib/printf/printf.c         0x00000000   Number         0  printf8.o ABSOLUTE
    ../clib/microlib/printf/printf.c         0x00000000   Number         0  printf7.o ABSOLUTE
    ../clib/microlib/printf/printf.c         0x00000000   Number         0  printf6.o ABSOLUTE
    ../clib/microlib/printf/printf.c         0x00000000   Number         0  printf5.o ABSOLUTE
    ../clib/microlib/printf/printf.c         0x00000000   Number         0  printf3.o ABSOLUTE
    ../clib/microlib/printf/printf.c         0x00000000   Number         0  printf2.o ABSOLUTE
    ../clib/microlib/printf/printf.c         0x00000000   Number         0  printf4.o ABSOLUTE
    ../clib/microlib/printf/printf.c         0x00000000   Number         0  printfb.o ABSOLUTE
    ../clib/microlib/printf/printf.c         0x00000000   Number         0  printf0.o ABSOLUTE
    ../clib/microlib/printf/printf.c         0x00000000   Number         0  printf1.o ABSOLUTE
    ../clib/microlib/printf/stubs.s          0x00000000   Number         0  stubs.o ABSOLUTE
    ../clib/microlib/stdio/fputc.c           0x00000000   Number         0  fputc.o ABSOLUTE
    ../clib/microlib/stdio/semi.s            0x00000000   Number         0  semi.o ABSOLUTE
    ../clib/microlib/stdio/streams.c         0x00000000   Number         0  stdout.o ABSOLUTE
    ../clib/microlib/string/memset.c         0x00000000   Number         0  memseta.o ABSOLUTE
    ../clib/microlib/stubs.s                 0x00000000   Number         0  iusesemip.o ABSOLUTE
    ../clib/microlib/stubs.s                 0x00000000   Number         0  iusefp.o ABSOLUTE
    ../fplib/microlib/fpadd.c                0x00000000   Number         0  dadd.o ABSOLUTE
    ../fplib/microlib/fpdiv.c                0x00000000   Number         0  ddiv.o ABSOLUTE
    ../fplib/microlib/fpepilogue.c           0x00000000   Number         0  depilogue.o ABSOLUTE
    ../fplib/microlib/fpfix.c                0x00000000   Number         0  dfixul.o ABSOLUTE
    ../fplib/microlib/fpmul.c                0x00000000   Number         0  dmul.o ABSOLUTE
    ..\STM32Cube_FW_L4_V1.8.0\Drivers\BSP\STM32L476G-Discovery\stm32l476g_discovery.c 0x00000000   Number         0  stm32l476g_discovery.o ABSOLUTE
    ..\STM32Cube_FW_L4_V1.8.0\Drivers\BSP\STM32L476G-Discovery\stm32l476g_discovery_glass_lcd.c 0x00000000   Number         0  stm32l476g_discovery_glass_lcd.o ABSOLUTE
    ..\STM32Cube_FW_L4_V1.8.0\Drivers\STM32L4xx_HAL_Driver\Src\stm32l4xx_hal.c 0x00000000   Number         0  stm32l4xx_hal.o ABSOLUTE
    ..\STM32Cube_FW_L4_V1.8.0\Drivers\STM32L4xx_HAL_Driver\Src\stm32l4xx_hal_cortex.c 0x00000000   Number         0  stm32l4xx_hal_cortex.o ABSOLUTE
    ..\STM32Cube_FW_L4_V1.8.0\Drivers\STM32L4xx_HAL_Driver\Src\stm32l4xx_hal_dma.c 0x00000000   Number         0  stm32l4xx_hal_dma.o ABSOLUTE
    ..\STM32Cube_FW_L4_V1.8.0\Drivers\STM32L4xx_HAL_Driver\Src\stm32l4xx_hal_gpio.c 0x00000000   Number         0  stm32l4xx_hal_gpio.o ABSOLUTE
    ..\STM32Cube_FW_L4_V1.8.0\Drivers\STM32L4xx_HAL_Driver\Src\stm32l4xx_hal_i2c.c 0x00000000   Number         0  stm32l4xx_hal_i2c.o ABSOLUTE
    ..\STM32Cube_FW_L4_V1.8.0\Drivers\STM32L4xx_HAL_Driver\Src\stm32l4xx_hal_i2c_ex.c 0x00000000   Number         0  stm32l4xx_hal_i2c_ex.o ABSOLUTE
    ..\STM32Cube_FW_L4_V1.8.0\Drivers\STM32L4xx_HAL_Driver\Src\stm32l4xx_hal_lcd.c 0x00000000   Number         0  stm32l4xx_hal_lcd.o ABSOLUTE
    ..\STM32Cube_FW_L4_V1.8.0\Drivers\STM32L4xx_HAL_Driver\Src\stm32l4xx_hal_pwr.c 0x00000000   Number         0  stm32l4xx_hal_pwr.o ABSOLUTE
    ..\STM32Cube_FW_L4_V1.8.0\Drivers\STM32L4xx_HAL_Driver\Src\stm32l4xx_hal_pwr_ex.c 0x00000000   Number         0  stm32l4xx_hal_pwr_ex.o ABSOLUTE
    ..\STM32Cube_FW_L4_V1.8.0\Drivers\STM32L4xx_HAL_Driver\Src\stm32l4xx_hal_rcc.c 0x00000000   Number         0  stm32l4xx_hal_rcc.o ABSOLUTE
    ..\STM32Cube_FW_L4_V1.8.0\Drivers\STM32L4xx_HAL_Driver\Src\stm32l4xx_hal_rcc_ex.c 0x00000000   Number         0  stm32l4xx_hal_rcc_ex.o ABSOLUTE
    ..\STM32Cube_FW_L4_V1.8.0\Drivers\STM32L4xx_HAL_Driver\Src\stm32l4xx_hal_rtc.c 0x00000000   Number         0  stm32l4xx_hal_rtc.o ABSOLUTE
    ..\STM32Cube_FW_L4_V1.8.0\Drivers\STM32L4xx_HAL_Driver\Src\stm32l4xx_hal_rtc_ex.c 0x00000000   Number         0  stm32l4xx_hal_rtc_ex.o ABSOLUTE
    ..\STM32Cube_FW_L4_V1.8.0\Drivers\STM32L4xx_HAL_Driver\Src\stm32l4xx_hal_tim.c 0x00000000   Number         0  stm32l4xx_hal_tim.o ABSOLUTE
    ..\STM32Cube_FW_L4_V1.8.0\Drivers\STM32L4xx_HAL_Driver\Src\stm32l4xx_hal_tim_ex.c 0x00000000   Number         0  stm32l4xx_hal_tim_ex.o ABSOLUTE
    ..\\STM32Cube_FW_L4_V1.8.0\\Drivers\\BSP\\STM32L476G-Discovery\\stm32l476g_discovery.c 0x00000000   Number         0  stm32l476g_discovery.o ABSOLUTE
    ..\\STM32Cube_FW_L4_V1.8.0\\Drivers\\BSP\\STM32L476G-Discovery\\stm32l476g_discovery_glass_lcd.c 0x00000000   Number         0  stm32l476g_discovery_glass_lcd.o ABSOLUTE
    ..\\STM32Cube_FW_L4_V1.8.0\\Drivers\\STM32L4xx_HAL_Driver\\Src\\stm32l4xx_hal.c 0x00000000   Number         0  stm32l4xx_hal.o ABSOLUTE
    ..\\STM32Cube_FW_L4_V1.8.0\\Drivers\\STM32L4xx_HAL_Driver\\Src\\stm32l4xx_hal_cortex.c 0x00000000   Number         0  stm32l4xx_hal_cortex.o ABSOLUTE
    ..\\STM32Cube_FW_L4_V1.8.0\\Drivers\\STM32L4xx_HAL_Driver\\Src\\stm32l4xx_hal_dma.c 0x00000000   Number         0  stm32l4xx_hal_dma.o ABSOLUTE
    ..\\STM32Cube_FW_L4_V1.8.0\\Drivers\\STM32L4xx_HAL_Driver\\Src\\stm32l4xx_hal_gpio.c 0x00000000   Number         0  stm32l4xx_hal_gpio.o ABSOLUTE
    ..\\STM32Cube_FW_L4_V1.8.0\\Drivers\\STM32L4xx_HAL_Driver\\Src\\stm32l4xx_hal_i2c.c 0x00000000   Number         0  stm32l4xx_hal_i2c.o ABSOLUTE
    ..\\STM32Cube_FW_L4_V1.8.0\\Drivers\\STM32L4xx_HAL_Driver\\Src\\stm32l4xx_hal_i2c_ex.c 0x00000000   Number         0  stm32l4xx_hal_i2c_ex.o ABSOLUTE
    ..\\STM32Cube_FW_L4_V1.8.0\\Drivers\\STM32L4xx_HAL_Driver\\Src\\stm32l4xx_hal_lcd.c 0x00000000   Number         0  stm32l4xx_hal_lcd.o ABSOLUTE
    ..\\STM32Cube_FW_L4_V1.8.0\\Drivers\\STM32L4xx_HAL_Driver\\Src\\stm32l4xx_hal_pwr.c 0x00000000   Number         0  stm32l4xx_hal_pwr.o ABSOLUTE
    ..\\STM32Cube_FW_L4_V1.8.0\\Drivers\\STM32L4xx_HAL_Driver\\Src\\stm32l4xx_hal_pwr_ex.c 0x00000000   Number         0  stm32l4xx_hal_pwr_ex.o ABSOLUTE
    ..\\STM32Cube_FW_L4_V1.8.0\\Drivers\\STM32L4xx_HAL_Driver\\Src\\stm32l4xx_hal_rcc.c 0x00000000   Number         0  stm32l4xx_hal_rcc.o ABSOLUTE
    ..\\STM32Cube_FW_L4_V1.8.0\\Drivers\\STM32L4xx_HAL_Driver\\Src\\stm32l4xx_hal_rcc_ex.c 0x00000000   Number         0  stm32l4xx_hal_rcc_ex.o ABSOLUTE
    ..\\STM32Cube_FW_L4_V1.8.0\\Drivers\\STM32L4xx_HAL_Driver\\Src\\stm32l4xx_hal_rtc.c 0x00000000   Number         0  stm32l4xx_hal_rtc.o ABSOLUTE
    ..\\STM32Cube_FW_L4_V1.8.0\\Drivers\\STM32L4xx_HAL_Driver\\Src\\stm32l4xx_hal_rtc_ex.c 0x00000000   Number         0  stm32l4xx_hal_rtc_ex.o ABSOLUTE
    ..\\STM32Cube_FW_L4_V1.8.0\\Drivers\\STM32L4xx_HAL_Driver\\Src\\stm32l4xx_hal_tim.c 0x00000000   Number         0  stm32l4xx_hal_tim.o ABSOLUTE
    ..\\STM32Cube_FW_L4_V1.8.0\\Drivers\\STM32L4xx_HAL_Driver\\Src\\stm32l4xx_hal_tim_ex.c 0x00000000   Number         0  stm32l4xx_hal_tim_ex.o ABSOLUTE
    C:\Users\Adam\AppData\Local\Arm\Packs\Keil\STM32L4xx_DFP\1.4.0\Boards\ST\STM32L476G-EVAL\Common\Buttons_STM32L476G-EVAL.c 0x00000000   Number         0  buttons_stm32l476g-eval.o ABSOLUTE
    C:\Users\Adam\AppData\Local\Arm\Packs\Keil\STM32L4xx_DFP\1.4.0\Boards\ST\STM32L476G-EVAL\Common\LED_STM32L476G-EVAL.c 0x00000000   Number         0  led_stm32l476g-eval.o ABSOLUTE
    C:\\Users\\Adam\\AppData\\Local\\Arm\\Packs\\Keil\\STM32L4xx_DFP\\1.4.0\\Boards\\ST\\STM32L476G-EVAL\\Common\\Buttons_STM32L476G-EVAL.c 0x00000000   Number         0  buttons_stm32l476g-eval.o ABSOLUTE
    C:\\Users\\Adam\\AppData\\Local\\Arm\\Packs\\Keil\\STM32L4xx_DFP\\1.4.0\\Boards\\ST\\STM32L476G-EVAL\\Common\\LED_STM32L476G-EVAL.c 0x00000000   Number         0  led_stm32l476g-eval.o ABSOLUTE
    RTE\Device\STM32L476VGTx\startup_stm32l476xx.s 0x00000000   Number         0  startup_stm32l476xx.o ABSOLUTE
    RTE\Device\STM32L476VGTx\system_stm32l4xx.c 0x00000000   Number         0  system_stm32l4xx.o ABSOLUTE
    RTE\\Device\\STM32L476VGTx\\system_stm32l4xx.c 0x00000000   Number         0  system_stm32l4xx.o ABSOLUTE
    cdrcmple.s                               0x00000000   Number         0  cdrcmple.o ABSOLUTE
    dc.s                                     0x00000000   Number         0  dc.o ABSOLUTE
    handlers.s                               0x00000000   Number         0  handlers.o ABSOLUTE
    init.s                                   0x00000000   Number         0  init.o ABSOLUTE
    src\\i2c_at24c64.c                       0x00000000   Number         0  i2c_at24c64.o ABSOLUTE
    src\\main.c                              0x00000000   Number         0  main.o ABSOLUTE
    src\\stm32l4xx_hal_msp.c                 0x00000000   Number         0  stm32l4xx_hal_msp.o ABSOLUTE
    src\\stm32l4xx_it.c                      0x00000000   Number         0  stm32l4xx_it.o ABSOLUTE
    src\i2c_at24c64.c                        0x00000000   Number         0  i2c_at24c64.o ABSOLUTE
    src\main.c                               0x00000000   Number         0  main.o ABSOLUTE
    src\stm32l4xx_hal_msp.c                  0x00000000   Number         0  stm32l4xx_hal_msp.o ABSOLUTE
    src\stm32l4xx_it.c                       0x00000000   Number         0  stm32l4xx_it.o ABSOLUTE
    RESET                                    0x08000000   Section      392  startup_stm32l476xx.o(RESET)
    .ARM.Collect$$$$00000000                 0x08000188   Section        0  entry.o(.ARM.Collect$$$$00000000)
    .ARM.Collect$$$$00000001                 0x08000188   Section        4  entry2.o(.ARM.Collect$$$$00000001)
    .ARM.Collect$$$$00000004                 0x0800018c   Section        4  entry5.o(.ARM.Collect$$$$00000004)
    .ARM.Collect$$$$00000008                 0x08000190   Section        0  entry7b.o(.ARM.Collect$$$$00000008)
    .ARM.Collect$$$$0000000A                 0x08000190   Section        0  entry8b.o(.ARM.Collect$$$$0000000A)
    .ARM.Collect$$$$0000000B                 0x08000190   Section        8  entry9a.o(.ARM.Collect$$$$0000000B)
    .ARM.Collect$$$$0000000D                 0x08000198   Section        0  entry10a.o(.ARM.Collect$$$$0000000D)
    .ARM.Collect$$$$0000000F                 0x08000198   Section        0  entry11a.o(.ARM.Collect$$$$0000000F)
    .ARM.Collect$$$$00002712                 0x08000198   Section        4  entry2.o(.ARM.Collect$$$$00002712)
    __lit__00000000                          0x08000198   Data           4  entry2.o(.ARM.Collect$$$$00002712)
    .text                                    0x0800019c   Section       36  startup_stm32l476xx.o(.text)
    $v0                                      0x0800019c   Number         0  startup_stm32l476xx.o(.text)
    .text                                    0x080001c0   Section        0  memseta.o(.text)
    .text                                    0x080001e4   Section        0  uidiv.o(.text)
    .text                                    0x08000210   Section       36  init.o(.text)
    i.BSP_JOY_GetState                       0x08000234   Section        0  stm32l476g_discovery.o(i.BSP_JOY_GetState)
    i.BSP_JOY_Init                           0x08000264   Section        0  stm32l476g_discovery.o(i.BSP_JOY_Init)
    i.BSP_LCD_GLASS_Clear                    0x0800031c   Section        0  stm32l476g_discovery_glass_lcd.o(i.BSP_LCD_GLASS_Clear)
    i.BSP_LCD_GLASS_DisplayString            0x08000328   Section        0  stm32l476g_discovery_glass_lcd.o(i.BSP_LCD_GLASS_DisplayString)
    i.BSP_LCD_GLASS_Init                     0x08000358   Section        0  stm32l476g_discovery_glass_lcd.o(i.BSP_LCD_GLASS_Init)
    i.BSP_LCD_GLASS_ScrollSentence           0x080003a4   Section        0  stm32l476g_discovery_glass_lcd.o(i.BSP_LCD_GLASS_ScrollSentence)
    i.BSP_LED_Init                           0x08000484   Section        0  stm32l476g_discovery.o(i.BSP_LED_Init)
    i.BSP_LED_Toggle                         0x080004f4   Section        0  stm32l476g_discovery.o(i.BSP_LED_Toggle)
    i.BusFault_Handler                       0x0800050c   Section        0  stm32l4xx_it.o(i.BusFault_Handler)
    i.Convert                                0x08000510   Section        0  stm32l476g_discovery_glass_lcd.o(i.Convert)
    Convert                                  0x08000511   Thumb Code   254  stm32l476g_discovery_glass_lcd.o(i.Convert)
    i.DebugMon_Handler                       0x08000618   Section        0  stm32l4xx_it.o(i.DebugMon_Handler)
    i.EXTI0_IRQHandler                       0x0800061a   Section        0  stm32l4xx_it.o(i.EXTI0_IRQHandler)
    i.EXTI15_10_IRQHandler                   0x08000620   Section        0  stm32l4xx_it.o(i.EXTI15_10_IRQHandler)
    i.EXTI1_IRQHandler                       0x08000628   Section        0  stm32l4xx_it.o(i.EXTI1_IRQHandler)
    i.EXTI2_IRQHandler                       0x0800062e   Section        0  stm32l4xx_it.o(i.EXTI2_IRQHandler)
    i.EXTI3_IRQHandler                       0x08000634   Section        0  stm32l4xx_it.o(i.EXTI3_IRQHandler)
    i.EXTI9_5_IRQHandler                     0x0800063a   Section        0  stm32l4xx_it.o(i.EXTI9_5_IRQHandler)
    i.HAL_Delay                              0x08000640   Section        0  stm32l4xx_hal.o(i.HAL_Delay)
    i.HAL_GPIO_EXTI_Callback                 0x0800065c   Section        0  main.o(i.HAL_GPIO_EXTI_Callback)
    i.HAL_GPIO_EXTI_IRQHandler               0x08000690   Section        0  stm32l4xx_hal_gpio.o(i.HAL_GPIO_EXTI_IRQHandler)
    i.HAL_GPIO_Init                          0x080006a8   Section        0  stm32l4xx_hal_gpio.o(i.HAL_GPIO_Init)
    i.HAL_GPIO_ReadPin                       0x08000872   Section        0  stm32l4xx_hal_gpio.o(i.HAL_GPIO_ReadPin)
    i.HAL_GPIO_TogglePin                     0x0800087c   Section        0  stm32l4xx_hal_gpio.o(i.HAL_GPIO_TogglePin)
    i.HAL_GPIO_WritePin                      0x08000884   Section        0  stm32l4xx_hal_gpio.o(i.HAL_GPIO_WritePin)
    i.HAL_GetTick                            0x08000890   Section        0  stm32l4xx_hal.o(i.HAL_GetTick)
    i.HAL_I2C_DeInit                         0x0800089c   Section        0  stm32l4xx_hal_i2c.o(i.HAL_I2C_DeInit)
    i.HAL_I2C_GetState                       0x080008ce   Section        0  stm32l4xx_hal_i2c.o(i.HAL_I2C_GetState)
    i.HAL_I2C_Init                           0x080008d4   Section        0  stm32l4xx_hal_i2c.o(i.HAL_I2C_Init)
    i.HAL_I2C_Mem_Read                       0x0800098c   Section        0  stm32l4xx_hal_i2c.o(i.HAL_I2C_Mem_Read)
    i.HAL_I2C_Mem_Write                      0x08000b00   Section        0  stm32l4xx_hal_i2c.o(i.HAL_I2C_Mem_Write)
    i.HAL_I2C_MspDeInit                      0x08000c6e   Section        0  stm32l4xx_hal_i2c.o(i.HAL_I2C_MspDeInit)
    i.HAL_I2C_MspInit                        0x08000c70   Section        0  stm32l4xx_hal_msp.o(i.HAL_I2C_MspInit)
    i.HAL_IncTick                            0x08000c74   Section        0  stm32l4xx_hal.o(i.HAL_IncTick)
    i.HAL_Init                               0x08000c84   Section        0  stm32l4xx_hal.o(i.HAL_Init)
    i.HAL_InitTick                           0x08000c9c   Section        0  stm32l4xx_hal.o(i.HAL_InitTick)
    i.HAL_LCD_Clear                          0x08000cc4   Section        0  stm32l4xx_hal_lcd.o(i.HAL_LCD_Clear)
    i.HAL_LCD_Init                           0x08000d44   Section        0  stm32l4xx_hal_lcd.o(i.HAL_LCD_Init)
    i.HAL_LCD_MspInit                        0x08000e40   Section        0  stm32l4xx_hal_lcd.o(i.HAL_LCD_MspInit)
    i.HAL_LCD_UpdateDisplayRequest           0x08000e42   Section        0  stm32l4xx_hal_lcd.o(i.HAL_LCD_UpdateDisplayRequest)
    i.HAL_LCD_Write                          0x08000e98   Section        0  stm32l4xx_hal_lcd.o(i.HAL_LCD_Write)
    i.HAL_MspInit                            0x08000f20   Section        0  stm32l4xx_hal_msp.o(i.HAL_MspInit)
    i.HAL_NVIC_EnableIRQ                     0x08000f22   Section        0  stm32l4xx_hal_cortex.o(i.HAL_NVIC_EnableIRQ)
    i.HAL_NVIC_SetPriority                   0x08000f38   Section        0  stm32l4xx_hal_cortex.o(i.HAL_NVIC_SetPriority)
    i.HAL_NVIC_SetPriorityGrouping           0x08000f78   Section        0  stm32l4xx_hal_cortex.o(i.HAL_NVIC_SetPriorityGrouping)
    i.HAL_PWREx_ControlVoltageScaling        0x08000f9c   Section        0  stm32l4xx_hal_pwr_ex.o(i.HAL_PWREx_ControlVoltageScaling)
    i.HAL_PWREx_EnableVddIO2                 0x08001000   Section        0  stm32l4xx_hal_pwr_ex.o(i.HAL_PWREx_EnableVddIO2)
    i.HAL_PWREx_GetVoltageRange              0x08001010   Section        0  stm32l4xx_hal_pwr_ex.o(i.HAL_PWREx_GetVoltageRange)
    i.HAL_PWR_EnableBkUpAccess               0x08001020   Section        0  stm32l4xx_hal_pwr.o(i.HAL_PWR_EnableBkUpAccess)
    i.HAL_RCCEx_PeriphCLKConfig              0x08001030   Section        0  stm32l4xx_hal_rcc_ex.o(i.HAL_RCCEx_PeriphCLKConfig)
    i.HAL_RCC_ClockConfig                    0x080013e0   Section        0  stm32l4xx_hal_rcc.o(i.HAL_RCC_ClockConfig)
    i.HAL_RCC_GetSysClockFreq                0x08001560   Section        0  stm32l4xx_hal_rcc.o(i.HAL_RCC_GetSysClockFreq)
    i.HAL_RCC_OscConfig                      0x0800165c   Section        0  stm32l4xx_hal_rcc.o(i.HAL_RCC_OscConfig)
    i.HAL_RTCEx_AlarmBEventCallback          0x08001adc   Section        0  stm32l4xx_hal_rtc_ex.o(i.HAL_RTCEx_AlarmBEventCallback)
    i.HAL_RTCEx_Tamper1EventCallback         0x08001ade   Section        0  stm32l4xx_hal_rtc_ex.o(i.HAL_RTCEx_Tamper1EventCallback)
    i.HAL_RTCEx_Tamper2EventCallback         0x08001ae0   Section        0  stm32l4xx_hal_rtc_ex.o(i.HAL_RTCEx_Tamper2EventCallback)
    i.HAL_RTCEx_Tamper3EventCallback         0x08001ae2   Section        0  stm32l4xx_hal_rtc_ex.o(i.HAL_RTCEx_Tamper3EventCallback)
    i.HAL_RTCEx_TamperTimeStampIRQHandler    0x08001ae4   Section        0  stm32l4xx_hal_rtc_ex.o(i.HAL_RTCEx_TamperTimeStampIRQHandler)
    i.HAL_RTCEx_TimeStampEventCallback       0x08001bc0   Section        0  stm32l4xx_hal_rtc_ex.o(i.HAL_RTCEx_TimeStampEventCallback)
    i.HAL_RTC_AlarmAEventCallback            0x08001bc4   Section        0  main.o(i.HAL_RTC_AlarmAEventCallback)
    i.HAL_RTC_AlarmIRQHandler                0x08001bd0   Section        0  stm32l4xx_hal_rtc.o(i.HAL_RTC_AlarmIRQHandler)
    i.HAL_RTC_GetDate                        0x08001c44   Section        0  stm32l4xx_hal_rtc.o(i.HAL_RTC_GetDate)
    i.HAL_RTC_GetTime                        0x08001c88   Section        0  stm32l4xx_hal_rtc.o(i.HAL_RTC_GetTime)
    i.HAL_RTC_Init                           0x08001ce0   Section        0  stm32l4xx_hal_rtc.o(i.HAL_RTC_Init)
    i.HAL_RTC_MspInit                        0x08001d98   Section        0  stm32l4xx_hal_rtc.o(i.HAL_RTC_MspInit)
    i.HAL_RTC_SetAlarm_IT                    0x08001d9c   Section        0  stm32l4xx_hal_rtc.o(i.HAL_RTC_SetAlarm_IT)
    i.HAL_RTC_SetDate                        0x08001f44   Section        0  stm32l4xx_hal_rtc.o(i.HAL_RTC_SetDate)
    i.HAL_RTC_SetTime                        0x0800201c   Section        0  stm32l4xx_hal_rtc.o(i.HAL_RTC_SetTime)
    i.HAL_RTC_WaitForSynchro                 0x08002114   Section        0  stm32l4xx_hal_rtc.o(i.HAL_RTC_WaitForSynchro)
    i.HAL_SYSTICK_Config                     0x0800214a   Section        0  stm32l4xx_hal_cortex.o(i.HAL_SYSTICK_Config)
    i.HardFault_Handler                      0x08002172   Section        0  stm32l4xx_it.o(i.HardFault_Handler)
    i.I2C_ByteRead                           0x08002174   Section        0  i2c_at24c64.o(i.I2C_ByteRead)
    i.I2C_ByteWrite                          0x080021a4   Section        0  i2c_at24c64.o(i.I2C_ByteWrite)
    i.I2C_Error                              0x080021f4   Section        0  i2c_at24c64.o(i.I2C_Error)
    i.I2C_Flush_TXDR                         0x08002206   Section        0  stm32l4xx_hal_i2c.o(i.I2C_Flush_TXDR)
    I2C_Flush_TXDR                           0x08002207   Thumb Code    34  stm32l4xx_hal_i2c.o(i.I2C_Flush_TXDR)
    i.I2C_Init                               0x08002228   Section        0  i2c_at24c64.o(i.I2C_Init)
    i.I2C_IsAcknowledgeFailed                0x0800226c   Section        0  stm32l4xx_hal_i2c.o(i.I2C_IsAcknowledgeFailed)
    I2C_IsAcknowledgeFailed                  0x0800226d   Thumb Code   118  stm32l4xx_hal_i2c.o(i.I2C_IsAcknowledgeFailed)
    i.I2C_MspInit                            0x080022e8   Section        0  i2c_at24c64.o(i.I2C_MspInit)
    I2C_MspInit                              0x080022e9   Thumb Code   164  i2c_at24c64.o(i.I2C_MspInit)
    i.I2C_RequestMemoryRead                  0x08002394   Section        0  stm32l4xx_hal_i2c.o(i.I2C_RequestMemoryRead)
    I2C_RequestMemoryRead                    0x08002395   Thumb Code   110  stm32l4xx_hal_i2c.o(i.I2C_RequestMemoryRead)
    i.I2C_RequestMemoryWrite                 0x08002402   Section        0  stm32l4xx_hal_i2c.o(i.I2C_RequestMemoryWrite)
    I2C_RequestMemoryWrite                   0x08002403   Thumb Code   110  stm32l4xx_hal_i2c.o(i.I2C_RequestMemoryWrite)
    i.I2C_TransferConfig                     0x08002470   Section        0  stm32l4xx_hal_i2c.o(i.I2C_TransferConfig)
    I2C_TransferConfig                       0x08002471   Thumb Code    30  stm32l4xx_hal_i2c.o(i.I2C_TransferConfig)
    i.I2C_WaitOnFlagUntilTimeout             0x08002494   Section        0  stm32l4xx_hal_i2c.o(i.I2C_WaitOnFlagUntilTimeout)
    I2C_WaitOnFlagUntilTimeout               0x08002495   Thumb Code    82  stm32l4xx_hal_i2c.o(i.I2C_WaitOnFlagUntilTimeout)
    i.I2C_WaitOnSTOPFlagUntilTimeout         0x080024e6   Section        0  stm32l4xx_hal_i2c.o(i.I2C_WaitOnSTOPFlagUntilTimeout)
    I2C_WaitOnSTOPFlagUntilTimeout           0x080024e7   Thumb Code    78  stm32l4xx_hal_i2c.o(i.I2C_WaitOnSTOPFlagUntilTimeout)
    i.I2C_WaitOnTXISFlagUntilTimeout         0x08002534   Section        0  stm32l4xx_hal_i2c.o(i.I2C_WaitOnTXISFlagUntilTimeout)
    I2C_WaitOnTXISFlagUntilTimeout           0x08002535   Thumb Code    82  stm32l4xx_hal_i2c.o(i.I2C_WaitOnTXISFlagUntilTimeout)
    i.LCD_MspInit                            0x08002588   Section        0  stm32l476g_discovery_glass_lcd.o(i.LCD_MspInit)
    LCD_MspInit                              0x08002589   Thumb Code   246  stm32l476g_discovery_glass_lcd.o(i.LCD_MspInit)
    i.LCD_WaitForSynchro                     0x08002690   Section        0  stm32l4xx_hal_lcd.o(i.LCD_WaitForSynchro)
    i.MemManage_Handler                      0x080026c0   Section        0  stm32l4xx_it.o(i.MemManage_Handler)
    i.NMI_Handler                            0x080026c2   Section        0  stm32l4xx_it.o(i.NMI_Handler)
    i.NVIC_SetPriority                       0x080026c4   Section        0  stm32l4xx_hal_cortex.o(i.NVIC_SetPriority)
    NVIC_SetPriority                         0x080026c5   Thumb Code    32  stm32l4xx_hal_cortex.o(i.NVIC_SetPriority)
    i.PendSV_Handler                         0x080026e4   Section        0  stm32l4xx_it.o(i.PendSV_Handler)
    i.RCCEx_PLLSAI1_Config                   0x080026e8   Section        0  stm32l4xx_hal_rcc_ex.o(i.RCCEx_PLLSAI1_Config)
    RCCEx_PLLSAI1_Config                     0x080026e9   Thumb Code   342  stm32l4xx_hal_rcc_ex.o(i.RCCEx_PLLSAI1_Config)
    i.RCCEx_PLLSAI2_Config                   0x08002850   Section        0  stm32l4xx_hal_rcc_ex.o(i.RCCEx_PLLSAI2_Config)
    RCCEx_PLLSAI2_Config                     0x08002851   Thumb Code   302  stm32l4xx_hal_rcc_ex.o(i.RCCEx_PLLSAI2_Config)
    i.RCC_SetFlashLatencyFromMSIRange        0x0800298c   Section        0  stm32l4xx_hal_rcc.o(i.RCC_SetFlashLatencyFromMSIRange)
    RCC_SetFlashLatencyFromMSIRange          0x0800298d   Thumb Code   116  stm32l4xx_hal_rcc.o(i.RCC_SetFlashLatencyFromMSIRange)
    i.RTC_AlarmAConfig                       0x08002a08   Section        0  main.o(i.RTC_AlarmAConfig)
    i.RTC_Alarm_IRQHandler                   0x08002a60   Section        0  stm32l4xx_it.o(i.RTC_Alarm_IRQHandler)
    i.RTC_Bcd2ToByte                         0x08002a6c   Section        0  stm32l4xx_hal_rtc.o(i.RTC_Bcd2ToByte)
    i.RTC_ByteToBcd2                         0x08002a7e   Section        0  stm32l4xx_hal_rtc.o(i.RTC_ByteToBcd2)
    i.RTC_Config                             0x08002a94   Section        0  main.o(i.RTC_Config)
    i.RTC_EnterInitMode                      0x08002bfc   Section        0  stm32l4xx_hal_rtc.o(i.RTC_EnterInitMode)
    i.SVC_Handler                            0x08002c36   Section        0  stm32l4xx_it.o(i.SVC_Handler)
    i.SysTick_Handler                        0x08002c38   Section        0  stm32l4xx_it.o(i.SysTick_Handler)
    i.SystemClock_Config                     0x08002c3c   Section        0  main.o(i.SystemClock_Config)
    SystemClock_Config                       0x08002c3d   Thumb Code   136  main.o(i.SystemClock_Config)
    i.SystemInit                             0x08002cc8   Section        0  system_stm32l4xx.o(i.SystemInit)
    i.TAMP_STAMP_IRQHandler                  0x08002d0c   Section        0  stm32l4xx_it.o(i.TAMP_STAMP_IRQHandler)
    i.TIM3_IRQHandler                        0x08002d18   Section        0  stm32l4xx_it.o(i.TIM3_IRQHandler)
    i.TIM4_IRQHandler                        0x08002d1a   Section        0  stm32l4xx_it.o(i.TIM4_IRQHandler)
    i.UsageFault_Handler                     0x08002d1c   Section        0  stm32l4xx_it.o(i.UsageFault_Handler)
    i.WriteChar                              0x08002d20   Section        0  stm32l476g_discovery_glass_lcd.o(i.WriteChar)
    WriteChar                                0x08002d21   Thumb Code  1114  stm32l476g_discovery_glass_lcd.o(i.WriteChar)
    i.__0snprintf$6                          0x08003180   Section        0  printf6.o(i.__0snprintf$6)
    i.__scatterload_copy                     0x080031b0   Section       14  handlers.o(i.__scatterload_copy)
    i.__scatterload_null                     0x080031be   Section        2  handlers.o(i.__scatterload_null)
    i.__scatterload_zeroinit                 0x080031c0   Section       14  handlers.o(i.__scatterload_zeroinit)
    i._printf_core                           0x080031d0   Section        0  printf6.o(i._printf_core)
    _printf_core                             0x080031d1   Thumb Code   748  printf6.o(i._printf_core)
    i._printf_post_padding                   0x080034c6   Section        0  printf6.o(i._printf_post_padding)
    _printf_post_padding                     0x080034c7   Thumb Code    36  printf6.o(i._printf_post_padding)
    i._printf_pre_padding                    0x080034ea   Section        0  printf6.o(i._printf_pre_padding)
    _printf_pre_padding                      0x080034eb   Thumb Code    46  printf6.o(i._printf_pre_padding)
    i._snputc                                0x08003518   Section        0  printf6.o(i._snputc)
    _snputc                                  0x08003519   Thumb Code    22  printf6.o(i._snputc)
    i.bcd_decimal                            0x0800352e   Section        0  main.o(i.bcd_decimal)
    bcd_decimal                              0x0800352f   Thumb Code    16  main.o(i.bcd_decimal)
    i.clearJoystickFlags                     0x08003540   Section        0  main.o(i.clearJoystickFlags)
    i.decimal_bcd                            0x08003558   Section        0  main.o(i.decimal_bcd)
    decimal_bcd                              0x08003559   Thumb Code    20  main.o(i.decimal_bcd)
    i.displayDate                            0x0800356c   Section        0  main.o(i.displayDate)
    i.displayPastTimes                       0x080035c4   Section        0  main.o(i.displayPastTimes)
    i.displaySetTime                         0x08003638   Section        0  main.o(i.displaySetTime)
    i.displayTime                            0x0800366c   Section        0  main.o(i.displayTime)
    i.getPastTimes                           0x080036bc   Section        0  main.o(i.getPastTimes)
    i.incrementDay                           0x0800372c   Section        0  main.o(i.incrementDay)
    i.incrementHour                          0x0800374c   Section        0  main.o(i.incrementHour)
    i.incrementMinute                        0x0800376c   Section        0  main.o(i.incrementMinute)
    i.incrementMonth                         0x0800378c   Section        0  main.o(i.incrementMonth)
    i.incrementSecond                        0x080037ac   Section        0  main.o(i.incrementSecond)
    i.incrementTimeSetting                   0x080037cc   Section        0  main.o(i.incrementTimeSetting)
    i.incrementTimeSettingState              0x08003848   Section        0  main.o(i.incrementTimeSettingState)
    i.incrementYear                          0x0800385c   Section        0  main.o(i.incrementYear)
    i.main                                   0x0800387c   Section        0  main.o(i.main)
    i.saveCurrentTime                        0x080039e0   Section        0  main.o(i.saveCurrentTime)
    i.startDisplayDateState                  0x08003ab0   Section        0  main.o(i.startDisplayDateState)
    i.startDisplayPastTimesState             0x08003ac8   Section        0  main.o(i.startDisplayPastTimesState)
    i.startDisplayTimeState                  0x08003ae0   Section        0  main.o(i.startDisplayTimeState)
    i.startSetTimeState                      0x08003af8   Section        0  main.o(i.startSetTimeState)
    i.updateTimeSetScreen                    0x08003b14   Section        0  main.o(i.updateTimeSetScreen)
    .constdata                               0x08003b68   Section       72  stm32l476g_discovery_glass_lcd.o(.constdata)
    .constdata                               0x08003bb0   Section       20  stm32l476g_discovery.o(.constdata)
    .constdata                               0x08003bc4   Section       64  system_stm32l4xx.o(.constdata)
    .data                                    0x20000000   Section       42  main.o(.data)
    .data                                    0x2000002a   Section        1  i2c_at24c64.o(.data)
    .data                                    0x2000002b   Section        2  stm32l476g_discovery_glass_lcd.o(.data)
    .data                                    0x20000030   Section       36  stm32l476g_discovery.o(.data)
    .data                                    0x20000054   Section        4  stm32l4xx_hal.o(.data)
    .data                                    0x20000058   Section        4  system_stm32l4xx.o(.data)
    .bss                                     0x2000005c   Section      217  main.o(.bss)
    .bss                                     0x20000138   Section       76  stm32l476g_discovery_glass_lcd.o(.bss)
    STACK                                    0x20000188   Section     1024  startup_stm32l476xx.o(STACK)

    Global Symbols

    Symbol Name                              Value     Ov Type        Size  Object(Section)

    BuildAttributes$$THM_ISAv4$E$P$D$K$B$S$7EM$VFPi3$EXTD16$VFPS$VFMA$PE$A:L22UL41UL21$X:L11$S22US41US21$IEEE1$IW$USESV6$~STKCKD$USESV7$~SHL$OSPACE$ROPI$EBA8$MICROLIB$REQ8$PRES8$EABIv2 0x00000000   Number         0  anon$$obj.o ABSOLUTE
    __ARM_use_no_argv                        0x00000000   Number         0  main.o ABSOLUTE
    _printf_a                                0x00000000   Number         0  stubs.o ABSOLUTE
    _printf_c                                0x00000000   Number         0  stubs.o ABSOLUTE
    _printf_charcount                        0x00000000   Number         0  stubs.o ABSOLUTE
    _printf_d                                0x00000000   Number         0  stubs.o ABSOLUTE
    _printf_e                                0x00000000   Number         0  stubs.o ABSOLUTE
    _printf_f                                0x00000000   Number         0  stubs.o ABSOLUTE
    _printf_flags                            0x00000000   Number         0  stubs.o ABSOLUTE
    _printf_fp_dec                           0x00000000   Number         0  stubs.o ABSOLUTE
    _printf_fp_hex                           0x00000000   Number         0  stubs.o ABSOLUTE
    _printf_g                                0x00000000   Number         0  stubs.o ABSOLUTE
    _printf_i                                0x00000000   Number         0  stubs.o ABSOLUTE
    _printf_int_dec                          0x00000000   Number         0  stubs.o ABSOLUTE
    _printf_l                                0x00000000   Number         0  stubs.o ABSOLUTE
    _printf_lc                               0x00000000   Number         0  stubs.o ABSOLUTE
    _printf_ll                               0x00000000   Number         0  stubs.o ABSOLUTE
    _printf_lld                              0x00000000   Number         0  stubs.o ABSOLUTE
    _printf_lli                              0x00000000   Number         0  stubs.o ABSOLUTE
    _printf_llo                              0x00000000   Number         0  stubs.o ABSOLUTE
    _printf_llu                              0x00000000   Number         0  stubs.o ABSOLUTE
    _printf_llx                              0x00000000   Number         0  stubs.o ABSOLUTE
    _printf_longlong_dec                     0x00000000   Number         0  stubs.o ABSOLUTE
    _printf_longlong_hex                     0x00000000   Number         0  stubs.o ABSOLUTE
    _printf_longlong_oct                     0x00000000   Number         0  stubs.o ABSOLUTE
    _printf_ls                               0x00000000   Number         0  stubs.o ABSOLUTE
    _printf_mbtowc                           0x00000000   Number         0  stubs.o ABSOLUTE
    _printf_n                                0x00000000   Number         0  stubs.o ABSOLUTE
    _printf_o                                0x00000000   Number         0  stubs.o ABSOLUTE
    _printf_p                                0x00000000   Number         0  stubs.o ABSOLUTE
    _printf_percent                          0x00000000   Number         0  stubs.o ABSOLUTE
    _printf_pre_padding                      0x00000000   Number         0  stubs.o ABSOLUTE
    _printf_return_value                     0x00000000   Number         0  stubs.o ABSOLUTE
    _printf_s                                0x00000000   Number         0  stubs.o ABSOLUTE
    _printf_sizespec                         0x00000000   Number         0  stubs.o ABSOLUTE
    _printf_str                              0x00000000   Number         0  stubs.o ABSOLUTE
    _printf_truncate_signed                  0x00000000   Number         0  stubs.o ABSOLUTE
    _printf_truncate_unsigned                0x00000000   Number         0  stubs.o ABSOLUTE
    _printf_u                                0x00000000   Number         0  stubs.o ABSOLUTE
    _printf_wc                               0x00000000   Number         0  stubs.o ABSOLUTE
    _printf_wctomb                           0x00000000   Number         0  stubs.o ABSOLUTE
    _printf_widthprec                        0x00000000   Number         0  stubs.o ABSOLUTE
    _printf_x                                0x00000000   Number         0  stubs.o ABSOLUTE
    __cpp_initialize__aeabi_                  - Undefined Weak Reference
    __cxa_finalize                            - Undefined Weak Reference
    __decompress                              - Undefined Weak Reference
    _clock_init                               - Undefined Weak Reference
    _microlib_exit                            - Undefined Weak Reference
    __Vectors_Size                           0x00000188   Number         0  startup_stm32l476xx.o ABSOLUTE
    __Vectors                                0x08000000   Data           4  startup_stm32l476xx.o(RESET)
    __Vectors_End                            0x08000188   Data           0  startup_stm32l476xx.o(RESET)
    __main                                   0x08000189   Thumb Code     0  entry.o(.ARM.Collect$$$$00000000)
    _main_stk                                0x08000189   Thumb Code     0  entry2.o(.ARM.Collect$$$$00000001)
    _main_scatterload                        0x0800018d   Thumb Code     0  entry5.o(.ARM.Collect$$$$00000004)
    __main_after_scatterload                 0x08000191   Thumb Code     0  entry5.o(.ARM.Collect$$$$00000004)
    _main_clock                              0x08000191   Thumb Code     0  entry7b.o(.ARM.Collect$$$$00000008)
    _main_cpp_init                           0x08000191   Thumb Code     0  entry8b.o(.ARM.Collect$$$$0000000A)
    _main_init                               0x08000191   Thumb Code     0  entry9a.o(.ARM.Collect$$$$0000000B)
    __rt_final_cpp                           0x08000199   Thumb Code     0  entry10a.o(.ARM.Collect$$$$0000000D)
    __rt_final_exit                          0x08000199   Thumb Code     0  entry11a.o(.ARM.Collect$$$$0000000F)
    Reset_Handler                            0x0800019d   Thumb Code     8  startup_stm32l476xx.o(.text)
    ADC1_2_IRQHandler                        0x080001b7   Thumb Code     0  startup_stm32l476xx.o(.text)
    ADC3_IRQHandler                          0x080001b7   Thumb Code     0  startup_stm32l476xx.o(.text)
    CAN1_RX0_IRQHandler                      0x080001b7   Thumb Code     0  startup_stm32l476xx.o(.text)
    CAN1_RX1_IRQHandler                      0x080001b7   Thumb Code     0  startup_stm32l476xx.o(.text)
    CAN1_SCE_IRQHandler                      0x080001b7   Thumb Code     0  startup_stm32l476xx.o(.text)
    CAN1_TX_IRQHandler                       0x080001b7   Thumb Code     0  startup_stm32l476xx.o(.text)
    COMP_IRQHandler                          0x080001b7   Thumb Code     0  startup_stm32l476xx.o(.text)
    DFSDM1_FLT0_IRQHandler                   0x080001b7   Thumb Code     0  startup_stm32l476xx.o(.text)
    DFSDM1_FLT1_IRQHandler                   0x080001b7   Thumb Code     0  startup_stm32l476xx.o(.text)
    DFSDM1_FLT2_IRQHandler                   0x080001b7   Thumb Code     0  startup_stm32l476xx.o(.text)
    DFSDM1_FLT3_IRQHandler                   0x080001b7   Thumb Code     0  startup_stm32l476xx.o(.text)
    DMA1_Channel1_IRQHandler                 0x080001b7   Thumb Code     0  startup_stm32l476xx.o(.text)
    DMA1_Channel2_IRQHandler                 0x080001b7   Thumb Code     0  startup_stm32l476xx.o(.text)
    DMA1_Channel3_IRQHandler                 0x080001b7   Thumb Code     0  startup_stm32l476xx.o(.text)
    DMA1_Channel4_IRQHandler                 0x080001b7   Thumb Code     0  startup_stm32l476xx.o(.text)
    DMA1_Channel5_IRQHandler                 0x080001b7   Thumb Code     0  startup_stm32l476xx.o(.text)
    DMA1_Channel6_IRQHandler                 0x080001b7   Thumb Code     0  startup_stm32l476xx.o(.text)
    DMA1_Channel7_IRQHandler                 0x080001b7   Thumb Code     0  startup_stm32l476xx.o(.text)
    DMA2_Channel1_IRQHandler                 0x080001b7   Thumb Code     0  startup_stm32l476xx.o(.text)
    DMA2_Channel2_IRQHandler                 0x080001b7   Thumb Code     0  startup_stm32l476xx.o(.text)
    DMA2_Channel3_IRQHandler                 0x080001b7   Thumb Code     0  startup_stm32l476xx.o(.text)
    DMA2_Channel4_IRQHandler                 0x080001b7   Thumb Code     0  startup_stm32l476xx.o(.text)
    DMA2_Channel5_IRQHandler                 0x080001b7   Thumb Code     0  startup_stm32l476xx.o(.text)
    DMA2_Channel6_IRQHandler                 0x080001b7   Thumb Code     0  startup_stm32l476xx.o(.text)
    DMA2_Channel7_IRQHandler                 0x080001b7   Thumb Code     0  startup_stm32l476xx.o(.text)
    EXTI4_IRQHandler                         0x080001b7   Thumb Code     0  startup_stm32l476xx.o(.text)
    FLASH_IRQHandler                         0x080001b7   Thumb Code     0  startup_stm32l476xx.o(.text)
    FMC_IRQHandler                           0x080001b7   Thumb Code     0  startup_stm32l476xx.o(.text)
    FPU_IRQHandler                           0x080001b7   Thumb Code     0  startup_stm32l476xx.o(.text)
    I2C1_ER_IRQHandler                       0x080001b7   Thumb Code     0  startup_stm32l476xx.o(.text)
    I2C1_EV_IRQHandler                       0x080001b7   Thumb Code     0  startup_stm32l476xx.o(.text)
    I2C2_ER_IRQHandler                       0x080001b7   Thumb Code     0  startup_stm32l476xx.o(.text)
    I2C2_EV_IRQHandler                       0x080001b7   Thumb Code     0  startup_stm32l476xx.o(.text)
    I2C3_ER_IRQHandler                       0x080001b7   Thumb Code     0  startup_stm32l476xx.o(.text)
    I2C3_EV_IRQHandler                       0x080001b7   Thumb Code     0  startup_stm32l476xx.o(.text)
    LCD_IRQHandler                           0x080001b7   Thumb Code     0  startup_stm32l476xx.o(.text)
    LPTIM1_IRQHandler                        0x080001b7   Thumb Code     0  startup_stm32l476xx.o(.text)
    LPTIM2_IRQHandler                        0x080001b7   Thumb Code     0  startup_stm32l476xx.o(.text)
    LPUART1_IRQHandler                       0x080001b7   Thumb Code     0  startup_stm32l476xx.o(.text)
    OTG_FS_IRQHandler                        0x080001b7   Thumb Code     0  startup_stm32l476xx.o(.text)
    PVD_PVM_IRQHandler                       0x080001b7   Thumb Code     0  startup_stm32l476xx.o(.text)
    QUADSPI_IRQHandler                       0x080001b7   Thumb Code     0  startup_stm32l476xx.o(.text)
    RCC_IRQHandler                           0x080001b7   Thumb Code     0  startup_stm32l476xx.o(.text)
    RNG_IRQHandler                           0x080001b7   Thumb Code     0  startup_stm32l476xx.o(.text)
    RTC_WKUP_IRQHandler                      0x080001b7   Thumb Code     0  startup_stm32l476xx.o(.text)
    SAI1_IRQHandler                          0x080001b7   Thumb Code     0  startup_stm32l476xx.o(.text)
    SAI2_IRQHandler                          0x080001b7   Thumb Code     0  startup_stm32l476xx.o(.text)
    SDMMC1_IRQHandler                        0x080001b7   Thumb Code     0  startup_stm32l476xx.o(.text)
    SPI1_IRQHandler                          0x080001b7   Thumb Code     0  startup_stm32l476xx.o(.text)
    SPI2_IRQHandler                          0x080001b7   Thumb Code     0  startup_stm32l476xx.o(.text)
    SPI3_IRQHandler                          0x080001b7   Thumb Code     0  startup_stm32l476xx.o(.text)
    SWPMI1_IRQHandler                        0x080001b7   Thumb Code     0  startup_stm32l476xx.o(.text)
    TIM1_BRK_TIM15_IRQHandler                0x080001b7   Thumb Code     0  startup_stm32l476xx.o(.text)
    TIM1_CC_IRQHandler                       0x080001b7   Thumb Code     0  startup_stm32l476xx.o(.text)
    TIM1_TRG_COM_TIM17_IRQHandler            0x080001b7   Thumb Code     0  startup_stm32l476xx.o(.text)
    TIM1_UP_TIM16_IRQHandler                 0x080001b7   Thumb Code     0  startup_stm32l476xx.o(.text)
    TIM2_IRQHandler                          0x080001b7   Thumb Code     0  startup_stm32l476xx.o(.text)
    TIM5_IRQHandler                          0x080001b7   Thumb Code     0  startup_stm32l476xx.o(.text)
    TIM6_DAC_IRQHandler                      0x080001b7   Thumb Code     0  startup_stm32l476xx.o(.text)
    TIM7_IRQHandler                          0x080001b7   Thumb Code     0  startup_stm32l476xx.o(.text)
    TIM8_BRK_IRQHandler                      0x080001b7   Thumb Code     0  startup_stm32l476xx.o(.text)
    TIM8_CC_IRQHandler                       0x080001b7   Thumb Code     0  startup_stm32l476xx.o(.text)
    TIM8_TRG_COM_IRQHandler                  0x080001b7   Thumb Code     0  startup_stm32l476xx.o(.text)
    TIM8_UP_IRQHandler                       0x080001b7   Thumb Code     0  startup_stm32l476xx.o(.text)
    TSC_IRQHandler                           0x080001b7   Thumb Code     0  startup_stm32l476xx.o(.text)
    UART4_IRQHandler                         0x080001b7   Thumb Code     0  startup_stm32l476xx.o(.text)
    UART5_IRQHandler                         0x080001b7   Thumb Code     0  startup_stm32l476xx.o(.text)
    USART1_IRQHandler                        0x080001b7   Thumb Code     0  startup_stm32l476xx.o(.text)
    USART2_IRQHandler                        0x080001b7   Thumb Code     0  startup_stm32l476xx.o(.text)
    USART3_IRQHandler                        0x080001b7   Thumb Code     0  startup_stm32l476xx.o(.text)
    WWDG_IRQHandler                          0x080001b7   Thumb Code     0  startup_stm32l476xx.o(.text)
    __aeabi_memset                           0x080001c1   Thumb Code    14  memseta.o(.text)
    __aeabi_memset4                          0x080001c1   Thumb Code     0  memseta.o(.text)
    __aeabi_memset8                          0x080001c1   Thumb Code     0  memseta.o(.text)
    __aeabi_memclr                           0x080001cf   Thumb Code     4  memseta.o(.text)
    __aeabi_memclr4                          0x080001cf   Thumb Code     0  memseta.o(.text)
    __aeabi_memclr8                          0x080001cf   Thumb Code     0  memseta.o(.text)
    _memset$wrapper                          0x080001d3   Thumb Code    18  memseta.o(.text)
    __aeabi_uidiv                            0x080001e5   Thumb Code     0  uidiv.o(.text)
    __aeabi_uidivmod                         0x080001e5   Thumb Code    44  uidiv.o(.text)
    __scatterload                            0x08000211   Thumb Code    28  init.o(.text)
    __scatterload_rt2                        0x08000211   Thumb Code     0  init.o(.text)
    BSP_JOY_GetState                         0x08000235   Thumb Code    40  stm32l476g_discovery.o(i.BSP_JOY_GetState)
    BSP_JOY_Init                             0x08000265   Thumb Code   158  stm32l476g_discovery.o(i.BSP_JOY_Init)
    BSP_LCD_GLASS_Clear                      0x0800031d   Thumb Code     6  stm32l476g_discovery_glass_lcd.o(i.BSP_LCD_GLASS_Clear)
    BSP_LCD_GLASS_DisplayString              0x08000329   Thumb Code    44  stm32l476g_discovery_glass_lcd.o(i.BSP_LCD_GLASS_DisplayString)
    BSP_LCD_GLASS_Init                       0x08000359   Thumb Code    68  stm32l476g_discovery_glass_lcd.o(i.BSP_LCD_GLASS_Init)
    BSP_LCD_GLASS_ScrollSentence             0x080003a5   Thumb Code   208  stm32l476g_discovery_glass_lcd.o(i.BSP_LCD_GLASS_ScrollSentence)
    BSP_LED_Init                             0x08000485   Thumb Code    98  stm32l476g_discovery.o(i.BSP_LED_Init)
    BSP_LED_Toggle                           0x080004f5   Thumb Code    16  stm32l476g_discovery.o(i.BSP_LED_Toggle)
    BusFault_Handler                         0x0800050d   Thumb Code     2  stm32l4xx_it.o(i.BusFault_Handler)
    DebugMon_Handler                         0x08000619   Thumb Code     2  stm32l4xx_it.o(i.DebugMon_Handler)
    EXTI0_IRQHandler                         0x0800061b   Thumb Code     6  stm32l4xx_it.o(i.EXTI0_IRQHandler)
    EXTI15_10_IRQHandler                     0x08000621   Thumb Code     8  stm32l4xx_it.o(i.EXTI15_10_IRQHandler)
    EXTI1_IRQHandler                         0x08000629   Thumb Code     6  stm32l4xx_it.o(i.EXTI1_IRQHandler)
    EXTI2_IRQHandler                         0x0800062f   Thumb Code     6  stm32l4xx_it.o(i.EXTI2_IRQHandler)
    EXTI3_IRQHandler                         0x08000635   Thumb Code     6  stm32l4xx_it.o(i.EXTI3_IRQHandler)
    EXTI9_5_IRQHandler                       0x0800063b   Thumb Code     6  stm32l4xx_it.o(i.EXTI9_5_IRQHandler)
    HAL_Delay                                0x08000641   Thumb Code    28  stm32l4xx_hal.o(i.HAL_Delay)
    HAL_GPIO_EXTI_Callback                   0x0800065d   Thumb Code    46  main.o(i.HAL_GPIO_EXTI_Callback)
    HAL_GPIO_EXTI_IRQHandler                 0x08000691   Thumb Code    18  stm32l4xx_hal_gpio.o(i.HAL_GPIO_EXTI_IRQHandler)
    HAL_GPIO_Init                            0x080006a9   Thumb Code   414  stm32l4xx_hal_gpio.o(i.HAL_GPIO_Init)
    HAL_GPIO_ReadPin                         0x08000873   Thumb Code    10  stm32l4xx_hal_gpio.o(i.HAL_GPIO_ReadPin)
    HAL_GPIO_TogglePin                       0x0800087d   Thumb Code     8  stm32l4xx_hal_gpio.o(i.HAL_GPIO_TogglePin)
    HAL_GPIO_WritePin                        0x08000885   Thumb Code    10  stm32l4xx_hal_gpio.o(i.HAL_GPIO_WritePin)
    HAL_GetTick                              0x08000891   Thumb Code     6  stm32l4xx_hal.o(i.HAL_GetTick)
    HAL_I2C_DeInit                           0x0800089d   Thumb Code    50  stm32l4xx_hal_i2c.o(i.HAL_I2C_DeInit)
    HAL_I2C_GetState                         0x080008cf   Thumb Code     6  stm32l4xx_hal_i2c.o(i.HAL_I2C_GetState)
    HAL_I2C_Init                             0x080008d5   Thumb Code   178  stm32l4xx_hal_i2c.o(i.HAL_I2C_Init)
    HAL_I2C_Mem_Read                         0x0800098d   Thumb Code   360  stm32l4xx_hal_i2c.o(i.HAL_I2C_Mem_Read)
    HAL_I2C_Mem_Write                        0x08000b01   Thumb Code   354  stm32l4xx_hal_i2c.o(i.HAL_I2C_Mem_Write)
    HAL_I2C_MspDeInit                        0x08000c6f   Thumb Code     2  stm32l4xx_hal_i2c.o(i.HAL_I2C_MspDeInit)
    HAL_I2C_MspInit                          0x08000c71   Thumb Code     2  stm32l4xx_hal_msp.o(i.HAL_I2C_MspInit)
    HAL_IncTick                              0x08000c75   Thumb Code    10  stm32l4xx_hal.o(i.HAL_IncTick)
    HAL_Init                                 0x08000c85   Thumb Code    22  stm32l4xx_hal.o(i.HAL_Init)
    HAL_InitTick                             0x08000c9d   Thumb Code    34  stm32l4xx_hal.o(i.HAL_InitTick)
    HAL_LCD_Clear                            0x08000cc5   Thumb Code   128  stm32l4xx_hal_lcd.o(i.HAL_LCD_Clear)
    HAL_LCD_Init                             0x08000d45   Thumb Code   248  stm32l4xx_hal_lcd.o(i.HAL_LCD_Init)
    HAL_LCD_MspInit                          0x08000e41   Thumb Code     2  stm32l4xx_hal_lcd.o(i.HAL_LCD_MspInit)
    HAL_LCD_UpdateDisplayRequest             0x08000e43   Thumb Code    84  stm32l4xx_hal_lcd.o(i.HAL_LCD_UpdateDisplayRequest)
    HAL_LCD_Write                            0x08000e99   Thumb Code   136  stm32l4xx_hal_lcd.o(i.HAL_LCD_Write)
    HAL_MspInit                              0x08000f21   Thumb Code     2  stm32l4xx_hal_msp.o(i.HAL_MspInit)
    HAL_NVIC_EnableIRQ                       0x08000f23   Thumb Code    22  stm32l4xx_hal_cortex.o(i.HAL_NVIC_EnableIRQ)
    HAL_NVIC_SetPriority                     0x08000f39   Thumb Code    60  stm32l4xx_hal_cortex.o(i.HAL_NVIC_SetPriority)
    HAL_NVIC_SetPriorityGrouping             0x08000f79   Thumb Code    26  stm32l4xx_hal_cortex.o(i.HAL_NVIC_SetPriorityGrouping)
    HAL_PWREx_ControlVoltageScaling          0x08000f9d   Thumb Code    86  stm32l4xx_hal_pwr_ex.o(i.HAL_PWREx_ControlVoltageScaling)
    HAL_PWREx_EnableVddIO2                   0x08001001   Thumb Code    12  stm32l4xx_hal_pwr_ex.o(i.HAL_PWREx_EnableVddIO2)
    HAL_PWREx_GetVoltageRange                0x08001011   Thumb Code    10  stm32l4xx_hal_pwr_ex.o(i.HAL_PWREx_GetVoltageRange)
    HAL_PWR_EnableBkUpAccess                 0x08001021   Thumb Code    12  stm32l4xx_hal_pwr.o(i.HAL_PWR_EnableBkUpAccess)
    HAL_RCCEx_PeriphCLKConfig                0x08001031   Thumb Code   928  stm32l4xx_hal_rcc_ex.o(i.HAL_RCCEx_PeriphCLKConfig)
    HAL_RCC_ClockConfig                      0x080013e1   Thumb Code   368  stm32l4xx_hal_rcc.o(i.HAL_RCC_ClockConfig)
    HAL_RCC_GetSysClockFreq                  0x08001561   Thumb Code   238  stm32l4xx_hal_rcc.o(i.HAL_RCC_GetSysClockFreq)
    HAL_RCC_OscConfig                        0x0800165d   Thumb Code  1152  stm32l4xx_hal_rcc.o(i.HAL_RCC_OscConfig)
    HAL_RTCEx_AlarmBEventCallback            0x08001add   Thumb Code     2  stm32l4xx_hal_rtc_ex.o(i.HAL_RTCEx_AlarmBEventCallback)
    HAL_RTCEx_Tamper1EventCallback           0x08001adf   Thumb Code     2  stm32l4xx_hal_rtc_ex.o(i.HAL_RTCEx_Tamper1EventCallback)
    HAL_RTCEx_Tamper2EventCallback           0x08001ae1   Thumb Code     2  stm32l4xx_hal_rtc_ex.o(i.HAL_RTCEx_Tamper2EventCallback)
    HAL_RTCEx_Tamper3EventCallback           0x08001ae3   Thumb Code     2  stm32l4xx_hal_rtc_ex.o(i.HAL_RTCEx_Tamper3EventCallback)
    HAL_RTCEx_TamperTimeStampIRQHandler      0x08001ae5   Thumb Code   212  stm32l4xx_hal_rtc_ex.o(i.HAL_RTCEx_TamperTimeStampIRQHandler)
    HAL_RTCEx_TimeStampEventCallback         0x08001bc1   Thumb Code     2  stm32l4xx_hal_rtc_ex.o(i.HAL_RTCEx_TimeStampEventCallback)
    HAL_RTC_AlarmAEventCallback              0x08001bc5   Thumb Code     8  main.o(i.HAL_RTC_AlarmAEventCallback)
    HAL_RTC_AlarmIRQHandler                  0x08001bd1   Thumb Code   110  stm32l4xx_hal_rtc.o(i.HAL_RTC_AlarmIRQHandler)
    HAL_RTC_GetDate                          0x08001c45   Thumb Code    62  stm32l4xx_hal_rtc.o(i.HAL_RTC_GetDate)
    HAL_RTC_GetTime                          0x08001c89   Thumb Code    82  stm32l4xx_hal_rtc.o(i.HAL_RTC_GetTime)
    HAL_RTC_Init                             0x08001ce1   Thumb Code   180  stm32l4xx_hal_rtc.o(i.HAL_RTC_Init)
    HAL_RTC_MspInit                          0x08001d99   Thumb Code     2  stm32l4xx_hal_rtc.o(i.HAL_RTC_MspInit)
    HAL_RTC_SetAlarm_IT                      0x08001d9d   Thumb Code   410  stm32l4xx_hal_rtc.o(i.HAL_RTC_SetAlarm_IT)
    HAL_RTC_SetDate                          0x08001f45   Thumb Code   212  stm32l4xx_hal_rtc.o(i.HAL_RTC_SetDate)
    HAL_RTC_SetTime                          0x0800201d   Thumb Code   244  stm32l4xx_hal_rtc.o(i.HAL_RTC_SetTime)
    HAL_RTC_WaitForSynchro                   0x08002115   Thumb Code    54  stm32l4xx_hal_rtc.o(i.HAL_RTC_WaitForSynchro)
    HAL_SYSTICK_Config                       0x0800214b   Thumb Code    40  stm32l4xx_hal_cortex.o(i.HAL_SYSTICK_Config)
    HardFault_Handler                        0x08002173   Thumb Code     2  stm32l4xx_it.o(i.HardFault_Handler)
    I2C_ByteRead                             0x08002175   Thumb Code    46  i2c_at24c64.o(i.I2C_ByteRead)
    I2C_ByteWrite                            0x080021a5   Thumb Code    74  i2c_at24c64.o(i.I2C_ByteWrite)
    I2C_Error                                0x080021f5   Thumb Code    18  i2c_at24c64.o(i.I2C_Error)
    I2C_Init                                 0x08002229   Thumb Code    58  i2c_at24c64.o(i.I2C_Init)
    LCD_WaitForSynchro                       0x08002691   Thumb Code    48  stm32l4xx_hal_lcd.o(i.LCD_WaitForSynchro)
    MemManage_Handler                        0x080026c1   Thumb Code     2  stm32l4xx_it.o(i.MemManage_Handler)
    NMI_Handler                              0x080026c3   Thumb Code     2  stm32l4xx_it.o(i.NMI_Handler)
    PendSV_Handler                           0x080026e5   Thumb Code     2  stm32l4xx_it.o(i.PendSV_Handler)
    RTC_AlarmAConfig                         0x08002a09   Thumb Code    74  main.o(i.RTC_AlarmAConfig)
    RTC_Alarm_IRQHandler                     0x08002a61   Thumb Code     6  stm32l4xx_it.o(i.RTC_Alarm_IRQHandler)
    RTC_Bcd2ToByte                           0x08002a6d   Thumb Code    18  stm32l4xx_hal_rtc.o(i.RTC_Bcd2ToByte)
    RTC_ByteToBcd2                           0x08002a7f   Thumb Code    22  stm32l4xx_hal_rtc.o(i.RTC_ByteToBcd2)
    RTC_Config                               0x08002a95   Thumb Code   322  main.o(i.RTC_Config)
    RTC_EnterInitMode                        0x08002bfd   Thumb Code    58  stm32l4xx_hal_rtc.o(i.RTC_EnterInitMode)
    SVC_Handler                              0x08002c37   Thumb Code     2  stm32l4xx_it.o(i.SVC_Handler)
    SysTick_Handler                          0x08002c39   Thumb Code     4  stm32l4xx_it.o(i.SysTick_Handler)
    SystemInit                               0x08002cc9   Thumb Code    56  system_stm32l4xx.o(i.SystemInit)
    TAMP_STAMP_IRQHandler                    0x08002d0d   Thumb Code     6  stm32l4xx_it.o(i.TAMP_STAMP_IRQHandler)
    TIM3_IRQHandler                          0x08002d19   Thumb Code     2  stm32l4xx_it.o(i.TIM3_IRQHandler)
    TIM4_IRQHandler                          0x08002d1b   Thumb Code     2  stm32l4xx_it.o(i.TIM4_IRQHandler)
    UsageFault_Handler                       0x08002d1d   Thumb Code     2  stm32l4xx_it.o(i.UsageFault_Handler)
    __0snprintf$6                            0x08003181   Thumb Code    44  printf6.o(i.__0snprintf$6)
    __1snprintf$6                            0x08003181   Thumb Code     0  printf6.o(i.__0snprintf$6)
    __2snprintf                              0x08003181   Thumb Code     0  printf6.o(i.__0snprintf$6)
    __scatterload_copy                       0x080031b1   Thumb Code    14  handlers.o(i.__scatterload_copy)
    __scatterload_null                       0x080031bf   Thumb Code     2  handlers.o(i.__scatterload_null)
    __scatterload_zeroinit                   0x080031c1   Thumb Code    14  handlers.o(i.__scatterload_zeroinit)
    clearJoystickFlags                       0x08003541   Thumb Code    18  main.o(i.clearJoystickFlags)
    displayDate                              0x0800356d   Thumb Code    60  main.o(i.displayDate)
    displayPastTimes                         0x080035c5   Thumb Code    76  main.o(i.displayPastTimes)
    displaySetTime                           0x08003639   Thumb Code    40  main.o(i.displaySetTime)
    displayTime                              0x0800366d   Thumb Code    60  main.o(i.displayTime)
    getPastTimes                             0x080036bd   Thumb Code   102  main.o(i.getPastTimes)
    incrementDay                             0x0800372d   Thumb Code    28  main.o(i.incrementDay)
    incrementHour                            0x0800374d   Thumb Code    28  main.o(i.incrementHour)
    incrementMinute                          0x0800376d   Thumb Code    28  main.o(i.incrementMinute)
    incrementMonth                           0x0800378d   Thumb Code    28  main.o(i.incrementMonth)
    incrementSecond                          0x080037ad   Thumb Code    28  main.o(i.incrementSecond)
    incrementTimeSetting                     0x080037cd   Thumb Code   116  main.o(i.incrementTimeSetting)
    incrementTimeSettingState                0x08003849   Thumb Code    18  main.o(i.incrementTimeSettingState)
    incrementYear                            0x0800385d   Thumb Code    28  main.o(i.incrementYear)
    main                                     0x0800387d   Thumb Code   338  main.o(i.main)
    saveCurrentTime                          0x080039e1   Thumb Code   198  main.o(i.saveCurrentTime)
    startDisplayDateState                    0x08003ab1   Thumb Code    20  main.o(i.startDisplayDateState)
    startDisplayPastTimesState               0x08003ac9   Thumb Code    20  main.o(i.startDisplayPastTimesState)
    startDisplayTimeState                    0x08003ae1   Thumb Code    20  main.o(i.startDisplayTimeState)
    startSetTimeState                        0x08003af9   Thumb Code    22  main.o(i.startSetTimeState)
    updateTimeSetScreen                      0x08003b15   Thumb Code    76  main.o(i.updateTimeSetScreen)
    CapLetterMap                             0x08003b68   Data          52  stm32l476g_discovery_glass_lcd.o(.constdata)
    NumberMap                                0x08003b9c   Data          20  stm32l476g_discovery_glass_lcd.o(.constdata)
    LED_PIN                                  0x08003bb0   Data           4  stm32l476g_discovery.o(.constdata)
    JOY_IRQn                                 0x08003bb4   Data           5  stm32l476g_discovery.o(.constdata)
    JOY_PIN                                  0x08003bba   Data          10  stm32l476g_discovery.o(.constdata)
    AHBPrescTable                            0x08003bc4   Data          16  system_stm32l4xx.o(.constdata)
    MSIRangeTable                            0x08003bd4   Data          48  system_stm32l4xx.o(.constdata)
    Region$$Table$$Base                      0x08003c04   Number         0  anon$$obj.o(Region$$Table)
    Region$$Table$$Limit                     0x08003c24   Number         0  anon$$obj.o(Region$$Table)
    timeSetState                             0x20000000   Data           1  main.o(.data)
    RTC_INT_TRIGGERED_FLAG                   0x20000001   Data           1  main.o(.data)
    state                                    0x20000002   Data           1  main.o(.data)
    memLocation                              0x20000004   Data           2  main.o(.data)
    yearStr                                  0x20000006   Data           3  main.o(.data)
    hourStr                                  0x20000009   Data           3  main.o(.data)
    monthStr                                 0x2000000c   Data           4  main.o(.data)
    dayStr                                   0x20000010   Data           4  main.o(.data)
    minuteStr                                0x20000014   Data           4  main.o(.data)
    secondStr                                0x20000018   Data           4  main.o(.data)
    RTC_DateStructure                        0x2000001c   Data           4  main.o(.data)
    SEL_Pressed_StartTick                    0x20000020   Data           4  main.o(.data)
    joystickFlags                            0x20000024   Data           6  main.o(.data)
    status                                   0x2000002a   Data           1  i2c_at24c64.o(.data)
    bLCDGlass_KeyPressed                     0x2000002b   Data           1  stm32l476g_discovery_glass_lcd.o(.data)
    LCDBar                                   0x2000002c   Data           1  stm32l476g_discovery_glass_lcd.o(.data)
    I2c1Timeout                              0x20000030   Data           4  stm32l476g_discovery.o(.data)
    I2c2Timeout                              0x20000034   Data           4  stm32l476g_discovery.o(.data)
    LED_PORT                                 0x20000038   Data           8  stm32l476g_discovery.o(.data)
    JOY_PORT                                 0x20000040   Data          20  stm32l476g_discovery.o(.data)
    uwTick                                   0x20000054   Data           4  stm32l4xx_hal.o(.data)
    SystemCoreClock                          0x20000058   Data           4  system_stm32l4xx.o(.data)
    pI2c_Handle                              0x2000005c   Data          76  main.o(.bss)
    RTCHandle                                0x200000a8   Data          36  main.o(.bss)
    RTC_TimeStructure                        0x200000cc   Data          20  main.o(.bss)
    lcd_buffer                               0x200000e0   Data          85  main.o(.bss)
    LCDHandle                                0x20000138   Data          60  stm32l476g_discovery_glass_lcd.o(.bss)
    Digit                                    0x20000174   Data          16  stm32l476g_discovery_glass_lcd.o(.bss)
    __initial_sp                             0x20000588   Data           0  startup_stm32l476xx.o(STACK)



==============================================================================

Memory Map of the image

  Image Entry point : 0x0800019d

  Load Region LR_1 (Base: 0x08000000, Size: 0x00003c80, Max: 0xffffffff, ABSOLUTE)

    Execution Region ER_RO (Exec base: 0x08000000, Load base: 0x08000000, Size: 0x00003c24, Max: 0xffffffff, ABSOLUTE)

    Exec Addr    Load Addr    Size         Type   Attr      Idx    E Section Name        Object

    0x08000000   0x08000000   0x00000188   Data   RO         3917    RESET               startup_stm32l476xx.o
    0x08000188   0x08000188   0x00000000   Code   RO         3960  * .ARM.Collect$$$$00000000  mc_w.l(entry.o)
    0x08000188   0x08000188   0x00000004   Code   RO         4226    .ARM.Collect$$$$00000001  mc_w.l(entry2.o)
    0x0800018c   0x0800018c   0x00000004   Code   RO         4229    .ARM.Collect$$$$00000004  mc_w.l(entry5.o)
    0x08000190   0x08000190   0x00000000   Code   RO         4231    .ARM.Collect$$$$00000008  mc_w.l(entry7b.o)
    0x08000190   0x08000190   0x00000000   Code   RO         4233    .ARM.Collect$$$$0000000A  mc_w.l(entry8b.o)
    0x08000190   0x08000190   0x00000008   Code   RO         4234    .ARM.Collect$$$$0000000B  mc_w.l(entry9a.o)
    0x08000198   0x08000198   0x00000000   Code   RO         4236    .ARM.Collect$$$$0000000D  mc_w.l(entry10a.o)
    0x08000198   0x08000198   0x00000000   Code   RO         4238    .ARM.Collect$$$$0000000F  mc_w.l(entry11a.o)
    0x08000198   0x08000198   0x00000004   Code   RO         4227    .ARM.Collect$$$$00002712  mc_w.l(entry2.o)
    0x0800019c   0x0800019c   0x00000024   Code   RO         3918  * .text               startup_stm32l476xx.o
    0x080001c0   0x080001c0   0x00000024   Code   RO         3963    .text               mc_w.l(memseta.o)
    0x080001e4   0x080001e4   0x0000002c   Code   RO         4243    .text               mc_w.l(uidiv.o)
    0x08000210   0x08000210   0x00000024   Code   RO         4258    .text               mc_w.l(init.o)
    0x08000234   0x08000234   0x00000030   Code   RO          685    i.BSP_JOY_GetState  stm32l476g_discovery.o
    0x08000264   0x08000264   0x000000b6   Code   RO          686    i.BSP_JOY_Init      stm32l476g_discovery.o
    0x0800031a   0x0800031a   0x00000002   PAD
    0x0800031c   0x0800031c   0x0000000c   Code   RO          566    i.BSP_LCD_GLASS_Clear  stm32l476g_discovery_glass_lcd.o
    0x08000328   0x08000328   0x00000030   Code   RO          573    i.BSP_LCD_GLASS_DisplayString  stm32l476g_discovery_glass_lcd.o
    0x08000358   0x08000358   0x0000004c   Code   RO          574    i.BSP_LCD_GLASS_Init  stm32l476g_discovery_glass_lcd.o
    0x080003a4   0x080003a4   0x000000de   Code   RO          575    i.BSP_LCD_GLASS_ScrollSentence  stm32l476g_discovery_glass_lcd.o
    0x08000482   0x08000482   0x00000002   PAD
    0x08000484   0x08000484   0x00000070   Code   RO          688    i.BSP_LED_Init      stm32l476g_discovery.o
    0x080004f4   0x080004f4   0x00000018   Code   RO          691    i.BSP_LED_Toggle    stm32l476g_discovery.o
    0x0800050c   0x0800050c   0x00000002   Code   RO          359    i.BusFault_Handler  stm32l4xx_it.o
    0x0800050e   0x0800050e   0x00000002   PAD
    0x08000510   0x08000510   0x00000108   Code   RO          576    i.Convert           stm32l476g_discovery_glass_lcd.o
    0x08000618   0x08000618   0x00000002   Code   RO          360    i.DebugMon_Handler  stm32l4xx_it.o
    0x0800061a   0x0800061a   0x00000006   Code   RO          361    i.EXTI0_IRQHandler  stm32l4xx_it.o
    0x08000620   0x08000620   0x00000008   Code   RO          362    i.EXTI15_10_IRQHandler  stm32l4xx_it.o
    0x08000628   0x08000628   0x00000006   Code   RO          363    i.EXTI1_IRQHandler  stm32l4xx_it.o
    0x0800062e   0x0800062e   0x00000006   Code   RO          364    i.EXTI2_IRQHandler  stm32l4xx_it.o
    0x08000634   0x08000634   0x00000006   Code   RO          365    i.EXTI3_IRQHandler  stm32l4xx_it.o
    0x0800063a   0x0800063a   0x00000006   Code   RO          366    i.EXTI9_5_IRQHandler  stm32l4xx_it.o
    0x08000640   0x08000640   0x0000001c   Code   RO          898    i.HAL_Delay         stm32l4xx_hal.o
    0x0800065c   0x0800065c   0x00000034   Code   RO            4    i.HAL_GPIO_EXTI_Callback  main.o
    0x08000690   0x08000690   0x00000018   Code   RO         1229    i.HAL_GPIO_EXTI_IRQHandler  stm32l4xx_hal_gpio.o
    0x080006a8   0x080006a8   0x000001ca   Code   RO         1230    i.HAL_GPIO_Init     stm32l4xx_hal_gpio.o
    0x08000872   0x08000872   0x0000000a   Code   RO         1232    i.HAL_GPIO_ReadPin  stm32l4xx_hal_gpio.o
    0x0800087c   0x0800087c   0x00000008   Code   RO         1233    i.HAL_GPIO_TogglePin  stm32l4xx_hal_gpio.o
    0x08000884   0x08000884   0x0000000a   Code   RO         1234    i.HAL_GPIO_WritePin  stm32l4xx_hal_gpio.o
    0x0800088e   0x0800088e   0x00000002   PAD
    0x08000890   0x08000890   0x0000000c   Code   RO          902    i.HAL_GetTick       stm32l4xx_hal.o
    0x0800089c   0x0800089c   0x00000032   Code   RO         2957    i.HAL_I2C_DeInit    stm32l4xx_hal_i2c.o
    0x080008ce   0x080008ce   0x00000006   Code   RO         2965    i.HAL_I2C_GetState  stm32l4xx_hal_i2c.o
    0x080008d4   0x080008d4   0x000000b8   Code   RO         2966    i.HAL_I2C_Init      stm32l4xx_hal_i2c.o
    0x0800098c   0x0800098c   0x00000172   Code   RO         2982    i.HAL_I2C_Mem_Read  stm32l4xx_hal_i2c.o
    0x08000afe   0x08000afe   0x00000002   PAD
    0x08000b00   0x08000b00   0x0000016e   Code   RO         2985    i.HAL_I2C_Mem_Write  stm32l4xx_hal_i2c.o
    0x08000c6e   0x08000c6e   0x00000002   Code   RO         2988    i.HAL_I2C_MspDeInit  stm32l4xx_hal_i2c.o
    0x08000c70   0x08000c70   0x00000002   Code   RO          311    i.HAL_I2C_MspInit   stm32l4xx_hal_msp.o
    0x08000c72   0x08000c72   0x00000002   PAD
    0x08000c74   0x08000c74   0x00000010   Code   RO          906    i.HAL_IncTick       stm32l4xx_hal.o
    0x08000c84   0x08000c84   0x00000016   Code   RO          907    i.HAL_Init          stm32l4xx_hal.o
    0x08000c9a   0x08000c9a   0x00000002   PAD
    0x08000c9c   0x08000c9c   0x00000028   Code   RO          908    i.HAL_InitTick      stm32l4xx_hal.o
    0x08000cc4   0x08000cc4   0x00000080   Code   RO         1293    i.HAL_LCD_Clear     stm32l4xx_hal_lcd.o
    0x08000d44   0x08000d44   0x000000fc   Code   RO         1297    i.HAL_LCD_Init      stm32l4xx_hal_lcd.o
    0x08000e40   0x08000e40   0x00000002   Code   RO         1299    i.HAL_LCD_MspInit   stm32l4xx_hal_lcd.o
    0x08000e42   0x08000e42   0x00000054   Code   RO         1300    i.HAL_LCD_UpdateDisplayRequest  stm32l4xx_hal_lcd.o
    0x08000e96   0x08000e96   0x00000002   PAD
    0x08000e98   0x08000e98   0x00000088   Code   RO         1301    i.HAL_LCD_Write     stm32l4xx_hal_lcd.o
    0x08000f20   0x08000f20   0x00000002   Code   RO          313    i.HAL_MspInit       stm32l4xx_hal_msp.o
    0x08000f22   0x08000f22   0x00000016   Code   RO         1107    i.HAL_NVIC_EnableIRQ  stm32l4xx_hal_cortex.o
    0x08000f38   0x08000f38   0x00000040   Code   RO         1113    i.HAL_NVIC_SetPriority  stm32l4xx_hal_cortex.o
    0x08000f78   0x08000f78   0x00000024   Code   RO         1114    i.HAL_NVIC_SetPriorityGrouping  stm32l4xx_hal_cortex.o
    0x08000f9c   0x08000f9c   0x00000064   Code   RO         1486    i.HAL_PWREx_ControlVoltageScaling  stm32l4xx_hal_pwr_ex.o
    0x08001000   0x08001000   0x00000010   Code   RO         1511    i.HAL_PWREx_EnableVddIO2  stm32l4xx_hal_pwr_ex.o
    0x08001010   0x08001010   0x00000010   Code   RO         1517    i.HAL_PWREx_GetVoltageRange  stm32l4xx_hal_pwr_ex.o
    0x08001020   0x08001020   0x00000010   Code   RO         1378    i.HAL_PWR_EnableBkUpAccess  stm32l4xx_hal_pwr.o
    0x08001030   0x08001030   0x000003ae   Code   RO         1847    i.HAL_RCCEx_PeriphCLKConfig  stm32l4xx_hal_rcc_ex.o
    0x080013de   0x080013de   0x00000002   PAD
    0x080013e0   0x080013e0   0x00000180   Code   RO         1732    i.HAL_RCC_ClockConfig  stm32l4xx_hal_rcc.o
    0x08001560   0x08001560   0x000000fc   Code   RO         1740    i.HAL_RCC_GetSysClockFreq  stm32l4xx_hal_rcc.o
    0x0800165c   0x0800165c   0x00000480   Code   RO         1743    i.HAL_RCC_OscConfig  stm32l4xx_hal_rcc.o
    0x08001adc   0x08001adc   0x00000002   Code   RO         3574    i.HAL_RTCEx_AlarmBEventCallback  stm32l4xx_hal_rtc_ex.o
    0x08001ade   0x08001ade   0x00000002   Code   RO         3604    i.HAL_RTCEx_Tamper1EventCallback  stm32l4xx_hal_rtc_ex.o
    0x08001ae0   0x08001ae0   0x00000002   Code   RO         3605    i.HAL_RTCEx_Tamper2EventCallback  stm32l4xx_hal_rtc_ex.o
    0x08001ae2   0x08001ae2   0x00000002   Code   RO         3606    i.HAL_RTCEx_Tamper3EventCallback  stm32l4xx_hal_rtc_ex.o
    0x08001ae4   0x08001ae4   0x000000dc   Code   RO         3607    i.HAL_RTCEx_TamperTimeStampIRQHandler  stm32l4xx_hal_rtc_ex.o
    0x08001bc0   0x08001bc0   0x00000002   Code   RO         3608    i.HAL_RTCEx_TimeStampEventCallback  stm32l4xx_hal_rtc_ex.o
    0x08001bc2   0x08001bc2   0x00000002   PAD
    0x08001bc4   0x08001bc4   0x0000000c   Code   RO            5    i.HAL_RTC_AlarmAEventCallback  main.o
    0x08001bd0   0x08001bd0   0x00000074   Code   RO         3438    i.HAL_RTC_AlarmIRQHandler  stm32l4xx_hal_rtc.o
    0x08001c44   0x08001c44   0x00000044   Code   RO         3442    i.HAL_RTC_GetDate   stm32l4xx_hal_rtc.o
    0x08001c88   0x08001c88   0x00000058   Code   RO         3444    i.HAL_RTC_GetTime   stm32l4xx_hal_rtc.o
    0x08001ce0   0x08001ce0   0x000000b8   Code   RO         3445    i.HAL_RTC_Init      stm32l4xx_hal_rtc.o
    0x08001d98   0x08001d98   0x00000002   Code   RO         3447    i.HAL_RTC_MspInit   stm32l4xx_hal_rtc.o
    0x08001d9a   0x08001d9a   0x00000002   PAD
    0x08001d9c   0x08001d9c   0x000001a6   Code   RO         3450    i.HAL_RTC_SetAlarm_IT  stm32l4xx_hal_rtc.o
    0x08001f42   0x08001f42   0x00000002   PAD
    0x08001f44   0x08001f44   0x000000d8   Code   RO         3451    i.HAL_RTC_SetDate   stm32l4xx_hal_rtc.o
    0x0800201c   0x0800201c   0x000000f8   Code   RO         3452    i.HAL_RTC_SetTime   stm32l4xx_hal_rtc.o
    0x08002114   0x08002114   0x00000036   Code   RO         3453    i.HAL_RTC_WaitForSynchro  stm32l4xx_hal_rtc.o
    0x0800214a   0x0800214a   0x00000028   Code   RO         1118    i.HAL_SYSTICK_Config  stm32l4xx_hal_cortex.o
    0x08002172   0x08002172   0x00000002   Code   RO          367    i.HardFault_Handler  stm32l4xx_it.o
    0x08002174   0x08002174   0x0000002e   Code   RO          500    i.I2C_ByteRead      i2c_at24c64.o
    0x080021a2   0x080021a2   0x00000002   PAD
    0x080021a4   0x080021a4   0x00000050   Code   RO          501    i.I2C_ByteWrite     i2c_at24c64.o
    0x080021f4   0x080021f4   0x00000012   Code   RO          502    i.I2C_Error         i2c_at24c64.o
    0x08002206   0x08002206   0x00000022   Code   RO         3008    i.I2C_Flush_TXDR    stm32l4xx_hal_i2c.o
    0x08002228   0x08002228   0x00000044   Code   RO          503    i.I2C_Init          i2c_at24c64.o
    0x0800226c   0x0800226c   0x0000007c   Code   RO         3016    i.I2C_IsAcknowledgeFailed  stm32l4xx_hal_i2c.o
    0x080022e8   0x080022e8   0x000000ac   Code   RO          504    i.I2C_MspInit       i2c_at24c64.o
    0x08002394   0x08002394   0x0000006e   Code   RO         3019    i.I2C_RequestMemoryRead  stm32l4xx_hal_i2c.o
    0x08002402   0x08002402   0x0000006e   Code   RO         3020    i.I2C_RequestMemoryWrite  stm32l4xx_hal_i2c.o
    0x08002470   0x08002470   0x00000024   Code   RO         3023    i.I2C_TransferConfig  stm32l4xx_hal_i2c.o
    0x08002494   0x08002494   0x00000052   Code   RO         3024    i.I2C_WaitOnFlagUntilTimeout  stm32l4xx_hal_i2c.o
    0x080024e6   0x080024e6   0x0000004e   Code   RO         3026    i.I2C_WaitOnSTOPFlagUntilTimeout  stm32l4xx_hal_i2c.o
    0x08002534   0x08002534   0x00000052   Code   RO         3027    i.I2C_WaitOnTXISFlagUntilTimeout  stm32l4xx_hal_i2c.o
    0x08002586   0x08002586   0x00000002   PAD
    0x08002588   0x08002588   0x00000108   Code   RO          578    i.LCD_MspInit       stm32l476g_discovery_glass_lcd.o
    0x08002690   0x08002690   0x00000030   Code   RO         1302    i.LCD_WaitForSynchro  stm32l4xx_hal_lcd.o
    0x080026c0   0x080026c0   0x00000002   Code   RO          368    i.MemManage_Handler  stm32l4xx_it.o
    0x080026c2   0x080026c2   0x00000002   Code   RO          369    i.NMI_Handler       stm32l4xx_it.o
    0x080026c4   0x080026c4   0x00000020   Code   RO         1120    i.NVIC_SetPriority  stm32l4xx_hal_cortex.o
    0x080026e4   0x080026e4   0x00000002   Code   RO          370    i.PendSV_Handler    stm32l4xx_it.o
    0x080026e6   0x080026e6   0x00000002   PAD
    0x080026e8   0x080026e8   0x00000168   Code   RO         1850    i.RCCEx_PLLSAI1_Config  stm32l4xx_hal_rcc_ex.o
    0x08002850   0x08002850   0x0000013c   Code   RO         1851    i.RCCEx_PLLSAI2_Config  stm32l4xx_hal_rcc_ex.o
    0x0800298c   0x0800298c   0x0000007c   Code   RO         1744    i.RCC_SetFlashLatencyFromMSIRange  stm32l4xx_hal_rcc.o
    0x08002a08   0x08002a08   0x00000058   Code   RO            6    i.RTC_AlarmAConfig  main.o
    0x08002a60   0x08002a60   0x0000000c   Code   RO          371    i.RTC_Alarm_IRQHandler  stm32l4xx_it.o
    0x08002a6c   0x08002a6c   0x00000012   Code   RO         3454    i.RTC_Bcd2ToByte    stm32l4xx_hal_rtc.o
    0x08002a7e   0x08002a7e   0x00000016   Code   RO         3455    i.RTC_ByteToBcd2    stm32l4xx_hal_rtc.o
    0x08002a94   0x08002a94   0x00000168   Code   RO            9    i.RTC_Config        main.o
    0x08002bfc   0x08002bfc   0x0000003a   Code   RO         3456    i.RTC_EnterInitMode  stm32l4xx_hal_rtc.o
    0x08002c36   0x08002c36   0x00000002   Code   RO          372    i.SVC_Handler       stm32l4xx_it.o
    0x08002c38   0x08002c38   0x00000004   Code   RO          373    i.SysTick_Handler   stm32l4xx_it.o
    0x08002c3c   0x08002c3c   0x0000008c   Code   RO           10    i.SystemClock_Config  main.o
    0x08002cc8   0x08002cc8   0x00000044   Code   RO         3926    i.SystemInit        system_stm32l4xx.o
    0x08002d0c   0x08002d0c   0x0000000c   Code   RO          374    i.TAMP_STAMP_IRQHandler  stm32l4xx_it.o
    0x08002d18   0x08002d18   0x00000002   Code   RO          375    i.TIM3_IRQHandler   stm32l4xx_it.o
    0x08002d1a   0x08002d1a   0x00000002   Code   RO          376    i.TIM4_IRQHandler   stm32l4xx_it.o
    0x08002d1c   0x08002d1c   0x00000002   Code   RO          377    i.UsageFault_Handler  stm32l4xx_it.o
    0x08002d1e   0x08002d1e   0x00000002   PAD
    0x08002d20   0x08002d20   0x00000460   Code   RO          579    i.WriteChar         stm32l476g_discovery_glass_lcd.o
    0x08003180   0x08003180   0x00000030   Code   RO         4121    i.__0snprintf$6     mc_w.l(printf6.o)
    0x080031b0   0x080031b0   0x0000000e   Code   RO         4272    i.__scatterload_copy  mc_w.l(handlers.o)
    0x080031be   0x080031be   0x00000002   Code   RO         4273    i.__scatterload_null  mc_w.l(handlers.o)
    0x080031c0   0x080031c0   0x0000000e   Code   RO         4274    i.__scatterload_zeroinit  mc_w.l(handlers.o)
    0x080031ce   0x080031ce   0x00000002   PAD
    0x080031d0   0x080031d0   0x000002f6   Code   RO         4127    i._printf_core      mc_w.l(printf6.o)
    0x080034c6   0x080034c6   0x00000024   Code   RO         4128    i._printf_post_padding  mc_w.l(printf6.o)
    0x080034ea   0x080034ea   0x0000002e   Code   RO         4129    i._printf_pre_padding  mc_w.l(printf6.o)
    0x08003518   0x08003518   0x00000016   Code   RO         4130    i._snputc           mc_w.l(printf6.o)
    0x0800352e   0x0800352e   0x00000010   Code   RO           11    i.bcd_decimal       main.o
    0x0800353e   0x0800353e   0x00000002   PAD
    0x08003540   0x08003540   0x00000018   Code   RO           12    i.clearJoystickFlags  main.o
    0x08003558   0x08003558   0x00000014   Code   RO           13    i.decimal_bcd       main.o
    0x0800356c   0x0800356c   0x00000058   Code   RO           14    i.displayDate       main.o
    0x080035c4   0x080035c4   0x00000074   Code   RO           15    i.displayPastTimes  main.o
    0x08003638   0x08003638   0x00000034   Code   RO           16    i.displaySetTime    main.o
    0x0800366c   0x0800366c   0x00000050   Code   RO           17    i.displayTime       main.o
    0x080036bc   0x080036bc   0x00000070   Code   RO           18    i.getPastTimes      main.o
    0x0800372c   0x0800372c   0x00000020   Code   RO           19    i.incrementDay      main.o
    0x0800374c   0x0800374c   0x00000020   Code   RO           20    i.incrementHour     main.o
    0x0800376c   0x0800376c   0x00000020   Code   RO           21    i.incrementMinute   main.o
    0x0800378c   0x0800378c   0x00000020   Code   RO           22    i.incrementMonth    main.o
    0x080037ac   0x080037ac   0x00000020   Code   RO           23    i.incrementSecond   main.o
    0x080037cc   0x080037cc   0x0000007c   Code   RO           24    i.incrementTimeSetting  main.o
    0x08003848   0x08003848   0x00000012   Code   RO           25    i.incrementTimeSettingState  main.o
    0x0800385a   0x0800385a   0x00000002   PAD
    0x0800385c   0x0800385c   0x00000020   Code   RO           26    i.incrementYear     main.o
    0x0800387c   0x0800387c   0x00000164   Code   RO           27    i.main              main.o
    0x080039e0   0x080039e0   0x000000d0   Code   RO           28    i.saveCurrentTime   main.o
    0x08003ab0   0x08003ab0   0x00000018   Code   RO           29    i.startDisplayDateState  main.o
    0x08003ac8   0x08003ac8   0x00000018   Code   RO           30    i.startDisplayPastTimesState  main.o
    0x08003ae0   0x08003ae0   0x00000018   Code   RO           31    i.startDisplayTimeState  main.o
    0x08003af8   0x08003af8   0x0000001c   Code   RO           32    i.startSetTimeState  main.o
    0x08003b14   0x08003b14   0x00000054   Code   RO           33    i.updateTimeSetScreen  main.o
    0x08003b68   0x08003b68   0x00000048   Data   RO          581    .constdata          stm32l476g_discovery_glass_lcd.o
    0x08003bb0   0x08003bb0   0x00000014   Data   RO          712    .constdata          stm32l476g_discovery.o
    0x08003bc4   0x08003bc4   0x00000040   Data   RO         3927    .constdata          system_stm32l4xx.o
    0x08003c04   0x08003c04   0x00000020   Data   RO         4270    Region$$Table       anon$$obj.o


    Execution Region ER_RW (Exec base: 0x20000000, Load base: 0x08003c24, Size: 0x0000005c, Max: 0xffffffff, ABSOLUTE)

    Exec Addr    Load Addr    Size         Type   Attr      Idx    E Section Name        Object

    0x20000000   0x08003c24   0x0000002a   Data   RW           35    .data               main.o
    0x2000002a   0x08003c4e   0x00000001   Data   RW          506    .data               i2c_at24c64.o
    0x2000002b   0x08003c4f   0x00000002   Data   RW          582    .data               stm32l476g_discovery_glass_lcd.o
    0x2000002d   0x08003c51   0x00000003   PAD
    0x20000030   0x08003c54   0x00000024   Data   RW          713    .data               stm32l476g_discovery.o
    0x20000054   0x08003c78   0x00000004   Data   RW          923    .data               stm32l4xx_hal.o
    0x20000058   0x08003c7c   0x00000004   Data   RW         3929    .data               system_stm32l4xx.o


    Execution Region ER_ZI (Exec base: 0x2000005c, Load base: 0x08003c80, Size: 0x0000052c, Max: 0xffffffff, ABSOLUTE)

    Exec Addr    Load Addr    Size         Type   Attr      Idx    E Section Name        Object

    0x2000005c        -       0x000000d9   Zero   RW           34    .bss                main.o
    0x20000135   0x08003c80   0x00000003   PAD
    0x20000138        -       0x0000004c   Zero   RW          580    .bss                stm32l476g_discovery_glass_lcd.o
    0x20000184   0x08003c80   0x00000004   PAD
    0x20000188        -       0x00000400   Zero   RW         3915    STACK               startup_stm32l476xx.o


==============================================================================

Image component sizes


      Code (inc. data)   RO Data    RW Data    ZI Data      Debug   Object Name

       384         24          0          1          0       3763   i2c_at24c64.o
      2242        290          0         42        217     855736   main.o
        36          8        392          0       1024        848   startup_stm32l476xx.o
       366         48         20         36          0       5659   stm32l476g_discovery.o
      2006        106         72          2         76       7667   stm32l476g_discovery_glass_lcd.o
       118         18          0          4          0       4399   stm32l4xx_hal.o
       194         14          0          0          0      30715   stm32l4xx_hal_cortex.o
       510         44          0          0          0       4671   stm32l4xx_hal_gpio.o
      1634         28          0          0          0      14430   stm32l4xx_hal_i2c.o
       650          4          0          0          0       5521   stm32l4xx_hal_lcd.o
         4          0          0          0          0       1212   stm32l4xx_hal_msp.o
        16          4          0          0          0        579   stm32l4xx_hal_pwr.o
       132         24          0          0          0       2019   stm32l4xx_hal_pwr_ex.o
      1912         62          0          0          0       5814   stm32l4xx_hal_rcc.o
      1618         40          0          0          0       4356   stm32l4xx_hal_rcc_ex.o
      1496         36          0          0          0      10522   stm32l4xx_hal_rtc.o
       230          8          0          0          0       4844   stm32l4xx_hal_rtc_ex.o
        86         12          0          0          0       8361   stm32l4xx_it.o
        68         12         64          4          0       1301   system_stm32l4xx.o

    ----------------------------------------------------------------------
     13738        782        580         92       1324     972417   Object Totals
         0          0         32          0          0          0   (incl. Generated)
        36          0          0          3          7          0   (incl. Padding)

    ----------------------------------------------------------------------

      Code (inc. data)   RO Data    RW Data    ZI Data      Debug   Library Member Name

         0          0          0          0          0          0   entry.o
         0          0          0          0          0          0   entry10a.o
         0          0          0          0          0          0   entry11a.o
         8          4          0          0          0          0   entry2.o
         4          0          0          0          0          0   entry5.o
         0          0          0          0          0          0   entry7b.o
         0          0          0          0          0          0   entry8b.o
         8          4          0          0          0          0   entry9a.o
        30          0          0          0          0          0   handlers.o
        36          8          0          0          0         68   init.o
        36          0          0          0          0        108   memseta.o
       910          8          0          0          0        420   printf6.o
        44          0          0          0          0         80   uidiv.o

    ----------------------------------------------------------------------
      1078         24          0          0          0        676   Library Totals
         2          0          0          0          0          0   (incl. Padding)

    ----------------------------------------------------------------------

      Code (inc. data)   RO Data    RW Data    ZI Data      Debug   Library Name

      1076         24          0          0          0        676   mc_w.l

    ----------------------------------------------------------------------
      1078         24          0          0          0        676   Library Totals

    ----------------------------------------------------------------------

==============================================================================


      Code (inc. data)   RO Data    RW Data    ZI Data      Debug   

     14816        806        580         92       1324     960737   Grand Totals
     14816        806        580         92       1324     960737   ELF Image Totals
     14816        806        580         92          0          0   ROM Totals

==============================================================================

    Total RO  Size (Code + RO Data)                15396 (  15.04kB)
    Total RW  Size (RW Data + ZI Data)              1416 (   1.38kB)
    Total ROM Size (Code + RO Data + RW Data)      15488 (  15.13kB)

==============================================================================

