<html>
<body>
<pre>
<h1>µVision Build Log</h1>
<h2>Tool Versions:</h2>
IDE-Version: µVision V5.28.0.0
Copyright (C) 2019 ARM Ltd and ARM Germany GmbH. All rights reserved.
License Information: Joe Leonardo, fds], LIC=----
 
Tool Versions:
Toolchain:       MDK-Lite  Version: 5.28.0.0
Toolchain Path:  C:\Keil_v5\ARM\ARMCC\Bin
C Compiler:      Armcc.exe V5.06 update 6 (build 750)
Assembler:       Armasm.exe V5.06 update 6 (build 750)
Linker/Locator:  ArmLink.exe V5.06 update 6 (build 750)
Library Manager: ArmAr.exe V5.06 update 6 (build 750)
Hex Converter:   FromElf.exe V5.06 update 6 (build 750)
CPU DLL:         SARMCM3.DLL V5.28.0.0
Dialog DLL:      DCM.DLL V1.17.3.0
Target DLL:      STLink\ST-LINKIII-KEIL_SWO.dll V3.0.6.0
Dialog DLL:      TCM.DLL V1.36.2.0
 
<h2>Project:</h2>
C:\Users\Adam\Programming\3TA4\Lab5\lab5.uvprojx
Project File Date:  11/23/2019

<h2>Output:</h2>
*** Using Compiler 'V5.06 update 6 (build 750)', folder: 'C:\Keil_v5\ARM\ARMCC\Bin'
Build target 'src'
compiling main.c...
src\main.c(179): warning:  #111-D: statement is unreachable
          break;
src\main.c(182): warning:  #111-D: statement is unreachable
    return 0;
src\main.c(301): warning:  #940-D: missing return statement at end of non-void function "getNextIndex" 
  }
src\main.c(89): warning:  #177-D: function "EXTILine14_Config"  was declared but never referenced
  static void EXTILine14_Config(void); 
src\main.c: 4 warnings, 0 errors
linking...
Program Size: Code=9108 RO-data=580 RW-data=72 ZI-data=1160  
FromELF: creating hex file...
".\Objects\lab5.axf" - 0 Error(s), 4 Warning(s).

<h2>Software Packages used:</h2>

Package Vendor: ARM
                http://www.keil.com/pack/ARM.CMSIS.5.6.0.pack
                ARM.CMSIS.5.6.0
                CMSIS (Cortex Microcontroller Software Interface Standard)
   * Component: CORE Version: 5.3.0

Package Vendor: Keil
                http://www.keil.com/pack/Keil.MDK-Middleware.7.9.0.pack
                Keil.MDK-Middleware.7.9.0
                Middleware for Keil MDK-Professional and MDK-Plus
   * Component: Buttons Version: 1.0.0
   * Component: LED Version: 1.0.0

Package Vendor: Keil
                http://www.keil.com/pack/Keil.STM32L4xx_DFP.1.4.0.pack
                Keil.STM32L4xx_DFP.1.4.0
                STMicroelectronics STM32L4 Series Device Support, Drivers and Examples
   * Component: Buttons Version: 1.0.0
   * Component: LED Version: 1.0.0
   * Component: Startup Version: 1.2.0

<h2>Collection of Component include folders:</h2>
  .\RTE\_src
  C:\Users\Adam\AppData\Local\Arm\Packs\ARM\CMSIS\5.6.0\CMSIS\Core\Include
  C:\Users\Adam\AppData\Local\Arm\Packs\Keil\MDK-Middleware\7.9.0\Board
  C:\Users\Adam\AppData\Local\Arm\Packs\Keil\STM32L4xx_DFP\1.4.0\Device\Include

<h2>Collection of Component Files used:</h2>

   * Component: ::Board Support:Buttons:1.0.0 (API)
      Include file:  Board\Board_Buttons.h

   * Component: ::Board Support:LED:1.0.0 (API)
      Include file:  Board\Board_LED.h

   * Component: ARM::CMSIS:CORE:5.3.0

   * Component: Keil.STM32L476G-EVAL::Board Support:Buttons:1.0.0
      Source file:   Boards\ST\STM32L476G-EVAL\Common\Buttons_STM32L476G-EVAL.c

   * Component: Keil.STM32L476G-EVAL::Board Support:LED:1.0.0
      Source file:   Boards\ST\STM32L476G-EVAL\Common\LED_STM32L476G-EVAL.c

   * Component: Keil::Device:Startup:1.2.0
      Source file:   Device\Source\ARM\startup_stm32l476xx.s
      Source file:   Device\Source\system_stm32l4xx.c
Build Time Elapsed:  00:00:03
</pre>
</body>
</html>
