<html>
<body>
<pre>
<h1>µVision Build Log</h1>
<h2>Tool Versions:</h2>
IDE-Version: µVision V5.23.0.0
Copyright (C) 2017 ARM Ltd and ARM Germany GmbH. All rights reserved.
License Information: Joe Doer, ON Semiconductor, LIC=----
 
Tool Versions:
Toolchain:       MDK-Lite  Version: 5.23
Toolchain Path:  C:\Keil_v5\ARM\ARMCC\Bin
C Compiler:      Armcc.exe V5.06 update 4 (build 422)
Assembler:       Armasm.exe V5.06 update 4 (build 422)
Linker/Locator:  ArmLink.exe V5.06 update 4 (build 422)
Library Manager: ArmAr.exe V5.06 update 4 (build 422)
Hex Converter:   FromElf.exe V5.06 update 4 (build 422)
CPU DLL:         SARMCM3.DLL V5.23
Dialog DLL:      DCM.DLL V1.15.0.0
Target DLL:      STLink\ST-LINKIII-KEIL_SWO.dll V2.0.18.0
Dialog DLL:      TCM.DLL V1.27.0.0
 
<h2>Project:</h2>
C:\Users\Adam\Programming\3TA4\Lab4\lab4.uvprojx
Project File Date:  11/11/2019

<h2>Output:</h2>
*** Using Compiler 'V5.06 update 4 (build 422)', folder: 'C:\Keil_v5\ARM\ARMCC\Bin'
Build target 'src'
compiling stm32l4xx_hal_msp.c...
compiling stm32l4xx_it.c...
compiling main.c...
src\main.c(367): warning:  #177-D: variable "AnalogWDGConfig"  was declared but never referenced
    ADC_AnalogWDGConfTypeDef AnalogWDGConfig;
src\main.c: 1 warning, 0 errors
compiling stm32l4xx_hal.c...
compiling stm32l476g_discovery.c...
compiling stm32l476g_discovery_glass_lcd.c...
compiling stm32l4xx_hal_cortex.c...
compiling stm32l4xx_hal_lcd.c...
compiling stm32l4xx_hal_gpio.c...
compiling stm32l4xx_hal_pwr_ex.c...
compiling stm32l4xx_hal_pwr.c...
compiling stm32l4xx_hal_rcc.c...
compiling stm32l4xx_hal_tim_ex.c...
compiling stm32l4xx_hal_rcc_ex.c...
compiling stm32l4xx_hal_tim.c...
compiling stm32l4xx_hal_dma.c...
compiling stm32l4xx_hal_i2c_ex.c...
compiling stm32l4xx_hal_i2c.c...
compiling Buttons_STM32L476G-EVAL.c...
compiling stm32l4xx_hal_adc_ex.c...
assembling startup_stm32l476xx.s...
compiling stm32l4xx_hal_adc.c...
compiling LED_STM32L476G-EVAL.c...
compiling system_stm32l4xx.c...
linking...
Program Size: Code=19280 RO-data=580 RW-data=68 ZI-data=1516  
FromELF: creating hex file...
".\Objects\lab4.axf" - 0 Error(s), 1 Warning(s).

<h2>Software Packages used:</h2>

Package Vendor: ARM
                http://www.keil.com/pack/ARM.CMSIS.5.6.0.pack
                ARM::CMSIS:CORE:5.3.0
                CMSIS (Cortex Microcontroller Software Interface Standard)
   * Component: CORE Version: 5.3.0

Package Vendor: Keil
                http://www.keil.com/pack/Keil.MDK-Middleware.7.9.0.pack
                ::Board Support:LED:1.0.0 (API)
                Middleware for Keil MDK-Professional and MDK-Plus
   * Component: LED Version: 1.0.0
   * Component: Buttons Version: 1.0.0

Package Vendor: Keil
                http://www.keil.com/pack/Keil.STM32L4xx_DFP.1.4.0.pack
                Keil::Device:Startup:1.2.0
                STMicroelectronics STM32L4 Series Device Support, Drivers and Examples
   * Component: Startup Version: 1.2.0
   * Component: LED Version: 1.0.0
   * Component: Buttons Version: 1.0.0

<h2>Collection of Component include folders:</h2>
  .\RTE\_src
  C:\Keil_v5\ARM\PACK\ARM\CMSIS\5.6.0\CMSIS\Core\Include
  C:\Keil_v5\ARM\PACK\Keil\MDK-Middleware\7.9.0\Board
  C:\Keil_v5\ARM\PACK\Keil\STM32L4xx_DFP\1.4.0\Device\Include

<h2>Collection of Component Files used:</h2>

   * Component: ARM::CMSIS:CORE:5.3.0

   * Component: ::Board Support:LED:1.0.0 (API)
      Include file:  Board\Board_LED.h

   * Component: ::Board Support:Buttons:1.0.0 (API)
      Include file:  Board\Board_Buttons.h

   * Component: Keil::Device:Startup:1.2.0
      Source file:   Device\Source\system_stm32l4xx.c
      Source file:   Device\Source\ARM\startup_stm32l476xx.s

   * Component: Keil.STM32L476G-EVAL::Board Support:LED:1.0.0
      Source file:   Boards\ST\STM32L476G-EVAL\Common\LED_STM32L476G-EVAL.c

   * Component: Keil.STM32L476G-EVAL::Board Support:Buttons:1.0.0
      Source file:   Boards\ST\STM32L476G-EVAL\Common\Buttons_STM32L476G-EVAL.c
Build Time Elapsed:  00:02:25
</pre>
</body>
</html>
