<!doctype html public "-//w3c//dtd html 4.0 transitional//en">
<html><head>
<title>Static Call Graph - [.\Objects\lab3.axf]</title></head>
<body><HR>
<H1>Static Call Graph for image .\Objects\lab3.axf</H1><HR>
<BR><P>#&#060CALLGRAPH&#062# ARM Linker, 5060750: Last Updated: Mon Oct 28 03:02:44 2019
<BR><P>
<H3>Maximum Stack Usage =        312 bytes + Unknown(Cycles, Untraceable Function Pointers)</H3><H3>
Call chain for Maximum Stack Depth:</H3>
main &rArr; BSP_LCD_GLASS_Init &rArr; LCD_MspInit &rArr; HAL_RCCEx_PeriphCLKConfig &rArr; RCCEx_PLLSAI2_Config
<P>
<H3>
Mutually Recursive functions
</H3> <LI><a href="#[1c]">ADC1_2_IRQHandler</a>&nbsp;&nbsp;&nbsp;&rArr;&nbsp;&nbsp;&nbsp;<a href="#[1c]">ADC1_2_IRQHandler</a><BR>
 <LI><a href="#[4]">BusFault_Handler</a>&nbsp;&nbsp;&nbsp;&rArr;&nbsp;&nbsp;&nbsp;<a href="#[4]">BusFault_Handler</a><BR>
 <LI><a href="#[2]">HardFault_Handler</a>&nbsp;&nbsp;&nbsp;&rArr;&nbsp;&nbsp;&nbsp;<a href="#[2]">HardFault_Handler</a><BR>
 <LI><a href="#[3]">MemManage_Handler</a>&nbsp;&nbsp;&nbsp;&rArr;&nbsp;&nbsp;&nbsp;<a href="#[3]">MemManage_Handler</a><BR>
 <LI><a href="#[5]">UsageFault_Handler</a>&nbsp;&nbsp;&nbsp;&rArr;&nbsp;&nbsp;&nbsp;<a href="#[5]">UsageFault_Handler</a><BR>
</UL>
<P>
<H3>
Function Pointers
</H3><UL>
 <LI><a href="#[1c]">ADC1_2_IRQHandler</a> from startup_stm32l476xx.o(.text) referenced from startup_stm32l476xx.o(RESET)
 <LI><a href="#[39]">ADC3_IRQHandler</a> from startup_stm32l476xx.o(.text) referenced from startup_stm32l476xx.o(RESET)
 <LI><a href="#[4]">BusFault_Handler</a> from stm32l4xx_it.o(i.BusFault_Handler) referenced from startup_stm32l476xx.o(RESET)
 <LI><a href="#[1e]">CAN1_RX0_IRQHandler</a> from startup_stm32l476xx.o(.text) referenced from startup_stm32l476xx.o(RESET)
 <LI><a href="#[1f]">CAN1_RX1_IRQHandler</a> from startup_stm32l476xx.o(.text) referenced from startup_stm32l476xx.o(RESET)
 <LI><a href="#[20]">CAN1_SCE_IRQHandler</a> from startup_stm32l476xx.o(.text) referenced from startup_stm32l476xx.o(RESET)
 <LI><a href="#[1d]">CAN1_TX_IRQHandler</a> from startup_stm32l476xx.o(.text) referenced from startup_stm32l476xx.o(RESET)
 <LI><a href="#[4a]">COMP_IRQHandler</a> from startup_stm32l476xx.o(.text) referenced from startup_stm32l476xx.o(RESET)
 <LI><a href="#[47]">DFSDM1_FLT0_IRQHandler</a> from startup_stm32l476xx.o(.text) referenced from startup_stm32l476xx.o(RESET)
 <LI><a href="#[48]">DFSDM1_FLT1_IRQHandler</a> from startup_stm32l476xx.o(.text) referenced from startup_stm32l476xx.o(RESET)
 <LI><a href="#[49]">DFSDM1_FLT2_IRQHandler</a> from startup_stm32l476xx.o(.text) referenced from startup_stm32l476xx.o(RESET)
 <LI><a href="#[34]">DFSDM1_FLT3_IRQHandler</a> from startup_stm32l476xx.o(.text) referenced from startup_stm32l476xx.o(RESET)
 <LI><a href="#[15]">DMA1_Channel1_IRQHandler</a> from startup_stm32l476xx.o(.text) referenced from startup_stm32l476xx.o(RESET)
 <LI><a href="#[16]">DMA1_Channel2_IRQHandler</a> from startup_stm32l476xx.o(.text) referenced from startup_stm32l476xx.o(RESET)
 <LI><a href="#[17]">DMA1_Channel3_IRQHandler</a> from startup_stm32l476xx.o(.text) referenced from startup_stm32l476xx.o(RESET)
 <LI><a href="#[18]">DMA1_Channel4_IRQHandler</a> from startup_stm32l476xx.o(.text) referenced from startup_stm32l476xx.o(RESET)
 <LI><a href="#[19]">DMA1_Channel5_IRQHandler</a> from startup_stm32l476xx.o(.text) referenced from startup_stm32l476xx.o(RESET)
 <LI><a href="#[1a]">DMA1_Channel6_IRQHandler</a> from startup_stm32l476xx.o(.text) referenced from startup_stm32l476xx.o(RESET)
 <LI><a href="#[1b]">DMA1_Channel7_IRQHandler</a> from startup_stm32l476xx.o(.text) referenced from startup_stm32l476xx.o(RESET)
 <LI><a href="#[42]">DMA2_Channel1_IRQHandler</a> from startup_stm32l476xx.o(.text) referenced from startup_stm32l476xx.o(RESET)
 <LI><a href="#[43]">DMA2_Channel2_IRQHandler</a> from startup_stm32l476xx.o(.text) referenced from startup_stm32l476xx.o(RESET)
 <LI><a href="#[44]">DMA2_Channel3_IRQHandler</a> from startup_stm32l476xx.o(.text) referenced from startup_stm32l476xx.o(RESET)
 <LI><a href="#[45]">DMA2_Channel4_IRQHandler</a> from startup_stm32l476xx.o(.text) referenced from startup_stm32l476xx.o(RESET)
 <LI><a href="#[46]">DMA2_Channel5_IRQHandler</a> from startup_stm32l476xx.o(.text) referenced from startup_stm32l476xx.o(RESET)
 <LI><a href="#[4e]">DMA2_Channel6_IRQHandler</a> from startup_stm32l476xx.o(.text) referenced from startup_stm32l476xx.o(RESET)
 <LI><a href="#[4f]">DMA2_Channel7_IRQHandler</a> from startup_stm32l476xx.o(.text) referenced from startup_stm32l476xx.o(RESET)
 <LI><a href="#[7]">DebugMon_Handler</a> from stm32l4xx_it.o(i.DebugMon_Handler) referenced from startup_stm32l476xx.o(RESET)
 <LI><a href="#[10]">EXTI0_IRQHandler</a> from stm32l4xx_it.o(i.EXTI0_IRQHandler) referenced from startup_stm32l476xx.o(RESET)
 <LI><a href="#[32]">EXTI15_10_IRQHandler</a> from stm32l4xx_it.o(i.EXTI15_10_IRQHandler) referenced from startup_stm32l476xx.o(RESET)
 <LI><a href="#[11]">EXTI1_IRQHandler</a> from stm32l4xx_it.o(i.EXTI1_IRQHandler) referenced from startup_stm32l476xx.o(RESET)
 <LI><a href="#[12]">EXTI2_IRQHandler</a> from stm32l4xx_it.o(i.EXTI2_IRQHandler) referenced from startup_stm32l476xx.o(RESET)
 <LI><a href="#[13]">EXTI3_IRQHandler</a> from stm32l4xx_it.o(i.EXTI3_IRQHandler) referenced from startup_stm32l476xx.o(RESET)
 <LI><a href="#[14]">EXTI4_IRQHandler</a> from startup_stm32l476xx.o(.text) referenced from startup_stm32l476xx.o(RESET)
 <LI><a href="#[21]">EXTI9_5_IRQHandler</a> from stm32l4xx_it.o(i.EXTI9_5_IRQHandler) referenced from startup_stm32l476xx.o(RESET)
 <LI><a href="#[e]">FLASH_IRQHandler</a> from startup_stm32l476xx.o(.text) referenced from startup_stm32l476xx.o(RESET)
 <LI><a href="#[3a]">FMC_IRQHandler</a> from startup_stm32l476xx.o(.text) referenced from startup_stm32l476xx.o(RESET)
 <LI><a href="#[5a]">FPU_IRQHandler</a> from startup_stm32l476xx.o(.text) referenced from startup_stm32l476xx.o(RESET)
 <LI><a href="#[2]">HardFault_Handler</a> from stm32l4xx_it.o(i.HardFault_Handler) referenced from startup_stm32l476xx.o(RESET)
 <LI><a href="#[2a]">I2C1_ER_IRQHandler</a> from startup_stm32l476xx.o(.text) referenced from startup_stm32l476xx.o(RESET)
 <LI><a href="#[29]">I2C1_EV_IRQHandler</a> from startup_stm32l476xx.o(.text) referenced from startup_stm32l476xx.o(RESET)
 <LI><a href="#[2c]">I2C2_ER_IRQHandler</a> from startup_stm32l476xx.o(.text) referenced from startup_stm32l476xx.o(RESET)
 <LI><a href="#[2b]">I2C2_EV_IRQHandler</a> from startup_stm32l476xx.o(.text) referenced from startup_stm32l476xx.o(RESET)
 <LI><a href="#[53]">I2C3_ER_IRQHandler</a> from startup_stm32l476xx.o(.text) referenced from startup_stm32l476xx.o(RESET)
 <LI><a href="#[52]">I2C3_EV_IRQHandler</a> from startup_stm32l476xx.o(.text) referenced from startup_stm32l476xx.o(RESET)
 <LI><a href="#[58]">LCD_IRQHandler</a> from startup_stm32l476xx.o(.text) referenced from startup_stm32l476xx.o(RESET)
 <LI><a href="#[4b]">LPTIM1_IRQHandler</a> from startup_stm32l476xx.o(.text) referenced from startup_stm32l476xx.o(RESET)
 <LI><a href="#[4c]">LPTIM2_IRQHandler</a> from startup_stm32l476xx.o(.text) referenced from startup_stm32l476xx.o(RESET)
 <LI><a href="#[50]">LPUART1_IRQHandler</a> from startup_stm32l476xx.o(.text) referenced from startup_stm32l476xx.o(RESET)
 <LI><a href="#[3]">MemManage_Handler</a> from stm32l4xx_it.o(i.MemManage_Handler) referenced from startup_stm32l476xx.o(RESET)
 <LI><a href="#[1]">NMI_Handler</a> from stm32l4xx_it.o(i.NMI_Handler) referenced from startup_stm32l476xx.o(RESET)
 <LI><a href="#[4d]">OTG_FS_IRQHandler</a> from startup_stm32l476xx.o(.text) referenced from startup_stm32l476xx.o(RESET)
 <LI><a href="#[b]">PVD_PVM_IRQHandler</a> from startup_stm32l476xx.o(.text) referenced from startup_stm32l476xx.o(RESET)
 <LI><a href="#[8]">PendSV_Handler</a> from stm32l4xx_it.o(i.PendSV_Handler) referenced from startup_stm32l476xx.o(RESET)
 <LI><a href="#[51]">QUADSPI_IRQHandler</a> from startup_stm32l476xx.o(.text) referenced from startup_stm32l476xx.o(RESET)
 <LI><a href="#[f]">RCC_IRQHandler</a> from startup_stm32l476xx.o(.text) referenced from startup_stm32l476xx.o(RESET)
 <LI><a href="#[59]">RNG_IRQHandler</a> from startup_stm32l476xx.o(.text) referenced from startup_stm32l476xx.o(RESET)
 <LI><a href="#[33]">RTC_Alarm_IRQHandler</a> from stm32l4xx_it.o(i.RTC_Alarm_IRQHandler) referenced from startup_stm32l476xx.o(RESET)
 <LI><a href="#[d]">RTC_WKUP_IRQHandler</a> from startup_stm32l476xx.o(.text) referenced from startup_stm32l476xx.o(RESET)
 <LI><a href="#[5f]">Reset_Handler</a> from startup_stm32l476xx.o(.text) referenced from startup_stm32l476xx.o(RESET)
 <LI><a href="#[54]">SAI1_IRQHandler</a> from startup_stm32l476xx.o(.text) referenced from startup_stm32l476xx.o(RESET)
 <LI><a href="#[55]">SAI2_IRQHandler</a> from startup_stm32l476xx.o(.text) referenced from startup_stm32l476xx.o(RESET)
 <LI><a href="#[3b]">SDMMC1_IRQHandler</a> from startup_stm32l476xx.o(.text) referenced from startup_stm32l476xx.o(RESET)
 <LI><a href="#[2d]">SPI1_IRQHandler</a> from startup_stm32l476xx.o(.text) referenced from startup_stm32l476xx.o(RESET)
 <LI><a href="#[2e]">SPI2_IRQHandler</a> from startup_stm32l476xx.o(.text) referenced from startup_stm32l476xx.o(RESET)
 <LI><a href="#[3d]">SPI3_IRQHandler</a> from startup_stm32l476xx.o(.text) referenced from startup_stm32l476xx.o(RESET)
 <LI><a href="#[6]">SVC_Handler</a> from stm32l4xx_it.o(i.SVC_Handler) referenced from startup_stm32l476xx.o(RESET)
 <LI><a href="#[56]">SWPMI1_IRQHandler</a> from startup_stm32l476xx.o(.text) referenced from startup_stm32l476xx.o(RESET)
 <LI><a href="#[9]">SysTick_Handler</a> from stm32l4xx_it.o(i.SysTick_Handler) referenced from startup_stm32l476xx.o(RESET)
 <LI><a href="#[5c]">SystemInit</a> from system_stm32l4xx.o(i.SystemInit) referenced from startup_stm32l476xx.o(.text)
 <LI><a href="#[c]">TAMP_STAMP_IRQHandler</a> from stm32l4xx_it.o(i.TAMP_STAMP_IRQHandler) referenced from startup_stm32l476xx.o(RESET)
 <LI><a href="#[22]">TIM1_BRK_TIM15_IRQHandler</a> from startup_stm32l476xx.o(.text) referenced from startup_stm32l476xx.o(RESET)
 <LI><a href="#[25]">TIM1_CC_IRQHandler</a> from startup_stm32l476xx.o(.text) referenced from startup_stm32l476xx.o(RESET)
 <LI><a href="#[24]">TIM1_TRG_COM_TIM17_IRQHandler</a> from startup_stm32l476xx.o(.text) referenced from startup_stm32l476xx.o(RESET)
 <LI><a href="#[23]">TIM1_UP_TIM16_IRQHandler</a> from startup_stm32l476xx.o(.text) referenced from startup_stm32l476xx.o(RESET)
 <LI><a href="#[26]">TIM2_IRQHandler</a> from startup_stm32l476xx.o(.text) referenced from startup_stm32l476xx.o(RESET)
 <LI><a href="#[27]">TIM3_IRQHandler</a> from stm32l4xx_it.o(i.TIM3_IRQHandler) referenced from startup_stm32l476xx.o(RESET)
 <LI><a href="#[28]">TIM4_IRQHandler</a> from stm32l4xx_it.o(i.TIM4_IRQHandler) referenced from startup_stm32l476xx.o(RESET)
 <LI><a href="#[3c]">TIM5_IRQHandler</a> from startup_stm32l476xx.o(.text) referenced from startup_stm32l476xx.o(RESET)
 <LI><a href="#[40]">TIM6_DAC_IRQHandler</a> from startup_stm32l476xx.o(.text) referenced from startup_stm32l476xx.o(RESET)
 <LI><a href="#[41]">TIM7_IRQHandler</a> from startup_stm32l476xx.o(.text) referenced from startup_stm32l476xx.o(RESET)
 <LI><a href="#[35]">TIM8_BRK_IRQHandler</a> from startup_stm32l476xx.o(.text) referenced from startup_stm32l476xx.o(RESET)
 <LI><a href="#[38]">TIM8_CC_IRQHandler</a> from startup_stm32l476xx.o(.text) referenced from startup_stm32l476xx.o(RESET)
 <LI><a href="#[37]">TIM8_TRG_COM_IRQHandler</a> from startup_stm32l476xx.o(.text) referenced from startup_stm32l476xx.o(RESET)
 <LI><a href="#[36]">TIM8_UP_IRQHandler</a> from startup_stm32l476xx.o(.text) referenced from startup_stm32l476xx.o(RESET)
 <LI><a href="#[57]">TSC_IRQHandler</a> from startup_stm32l476xx.o(.text) referenced from startup_stm32l476xx.o(RESET)
 <LI><a href="#[3e]">UART4_IRQHandler</a> from startup_stm32l476xx.o(.text) referenced from startup_stm32l476xx.o(RESET)
 <LI><a href="#[3f]">UART5_IRQHandler</a> from startup_stm32l476xx.o(.text) referenced from startup_stm32l476xx.o(RESET)
 <LI><a href="#[2f]">USART1_IRQHandler</a> from startup_stm32l476xx.o(.text) referenced from startup_stm32l476xx.o(RESET)
 <LI><a href="#[30]">USART2_IRQHandler</a> from startup_stm32l476xx.o(.text) referenced from startup_stm32l476xx.o(RESET)
 <LI><a href="#[31]">USART3_IRQHandler</a> from startup_stm32l476xx.o(.text) referenced from startup_stm32l476xx.o(RESET)
 <LI><a href="#[5]">UsageFault_Handler</a> from stm32l4xx_it.o(i.UsageFault_Handler) referenced from startup_stm32l476xx.o(RESET)
 <LI><a href="#[a]">WWDG_IRQHandler</a> from startup_stm32l476xx.o(.text) referenced from startup_stm32l476xx.o(RESET)
 <LI><a href="#[5d]">__main</a> from entry.o(.ARM.Collect$$$$00000000) referenced from startup_stm32l476xx.o(.text)
 <LI><a href="#[5e]">_snputc</a> from printf6.o(i._snputc) referenced from printf6.o(i.__0snprintf$6)
 <LI><a href="#[5b]">main</a> from main.o(i.main) referenced from entry9a.o(.ARM.Collect$$$$0000000B)
</UL>
<P>
<H3>
Global Symbols
</H3>
<P><STRONG><a name="[5d]"></a>__main</STRONG> (Thumb, 0 bytes, Stack size unknown bytes, entry.o(.ARM.Collect$$$$00000000))
<BR>[Address Reference Count : 1]<UL><LI> startup_stm32l476xx.o(.text)
</UL>
<P><STRONG><a name="[ca]"></a>_main_stk</STRONG> (Thumb, 0 bytes, Stack size unknown bytes, entry2.o(.ARM.Collect$$$$00000001))

<P><STRONG><a name="[60]"></a>_main_scatterload</STRONG> (Thumb, 0 bytes, Stack size unknown bytes, entry5.o(.ARM.Collect$$$$00000004))
<BR><BR>[Calls]<UL><LI><a href="#[61]">&gt;&gt;</a>&nbsp;&nbsp;&nbsp;__scatterload
</UL>

<P><STRONG><a name="[65]"></a>__main_after_scatterload</STRONG> (Thumb, 0 bytes, Stack size unknown bytes, entry5.o(.ARM.Collect$$$$00000004))
<BR><BR>[Called By]<UL><LI><a href="#[61]">&gt;&gt;</a>&nbsp;&nbsp;&nbsp;__scatterload
</UL>

<P><STRONG><a name="[cb]"></a>_main_clock</STRONG> (Thumb, 0 bytes, Stack size unknown bytes, entry7b.o(.ARM.Collect$$$$00000008))

<P><STRONG><a name="[cc]"></a>_main_cpp_init</STRONG> (Thumb, 0 bytes, Stack size unknown bytes, entry8b.o(.ARM.Collect$$$$0000000A))

<P><STRONG><a name="[cd]"></a>_main_init</STRONG> (Thumb, 0 bytes, Stack size unknown bytes, entry9a.o(.ARM.Collect$$$$0000000B))

<P><STRONG><a name="[ce]"></a>__rt_final_cpp</STRONG> (Thumb, 0 bytes, Stack size unknown bytes, entry10a.o(.ARM.Collect$$$$0000000D))

<P><STRONG><a name="[cf]"></a>__rt_final_exit</STRONG> (Thumb, 0 bytes, Stack size unknown bytes, entry11a.o(.ARM.Collect$$$$0000000F))

<P><STRONG><a name="[5f]"></a>Reset_Handler</STRONG> (Thumb, 8 bytes, Stack size 0 bytes, startup_stm32l476xx.o(.text))

<P><STRONG><a name="[1c]"></a>ADC1_2_IRQHandler</STRONG> (Thumb, 0 bytes, Stack size 0 bytes, startup_stm32l476xx.o(.text))
<BR><BR>[Calls]<UL><LI><a href="#[1c]">&gt;&gt;</a>&nbsp;&nbsp;&nbsp;ADC1_2_IRQHandler
</UL>
<BR>[Called By]<UL><LI><a href="#[1c]">&gt;&gt;</a>&nbsp;&nbsp;&nbsp;ADC1_2_IRQHandler
</UL>
<BR>[Address Reference Count : 1]<UL><LI> startup_stm32l476xx.o(RESET)
</UL>
<P><STRONG><a name="[39]"></a>ADC3_IRQHandler</STRONG> (Thumb, 0 bytes, Stack size 0 bytes, startup_stm32l476xx.o(.text))
<BR>[Address Reference Count : 1]<UL><LI> startup_stm32l476xx.o(RESET)
</UL>
<P><STRONG><a name="[1e]"></a>CAN1_RX0_IRQHandler</STRONG> (Thumb, 0 bytes, Stack size 0 bytes, startup_stm32l476xx.o(.text))
<BR>[Address Reference Count : 1]<UL><LI> startup_stm32l476xx.o(RESET)
</UL>
<P><STRONG><a name="[1f]"></a>CAN1_RX1_IRQHandler</STRONG> (Thumb, 0 bytes, Stack size 0 bytes, startup_stm32l476xx.o(.text))
<BR>[Address Reference Count : 1]<UL><LI> startup_stm32l476xx.o(RESET)
</UL>
<P><STRONG><a name="[20]"></a>CAN1_SCE_IRQHandler</STRONG> (Thumb, 0 bytes, Stack size 0 bytes, startup_stm32l476xx.o(.text))
<BR>[Address Reference Count : 1]<UL><LI> startup_stm32l476xx.o(RESET)
</UL>
<P><STRONG><a name="[1d]"></a>CAN1_TX_IRQHandler</STRONG> (Thumb, 0 bytes, Stack size 0 bytes, startup_stm32l476xx.o(.text))
<BR>[Address Reference Count : 1]<UL><LI> startup_stm32l476xx.o(RESET)
</UL>
<P><STRONG><a name="[4a]"></a>COMP_IRQHandler</STRONG> (Thumb, 0 bytes, Stack size 0 bytes, startup_stm32l476xx.o(.text))
<BR>[Address Reference Count : 1]<UL><LI> startup_stm32l476xx.o(RESET)
</UL>
<P><STRONG><a name="[47]"></a>DFSDM1_FLT0_IRQHandler</STRONG> (Thumb, 0 bytes, Stack size 0 bytes, startup_stm32l476xx.o(.text))
<BR>[Address Reference Count : 1]<UL><LI> startup_stm32l476xx.o(RESET)
</UL>
<P><STRONG><a name="[48]"></a>DFSDM1_FLT1_IRQHandler</STRONG> (Thumb, 0 bytes, Stack size 0 bytes, startup_stm32l476xx.o(.text))
<BR>[Address Reference Count : 1]<UL><LI> startup_stm32l476xx.o(RESET)
</UL>
<P><STRONG><a name="[49]"></a>DFSDM1_FLT2_IRQHandler</STRONG> (Thumb, 0 bytes, Stack size 0 bytes, startup_stm32l476xx.o(.text))
<BR>[Address Reference Count : 1]<UL><LI> startup_stm32l476xx.o(RESET)
</UL>
<P><STRONG><a name="[34]"></a>DFSDM1_FLT3_IRQHandler</STRONG> (Thumb, 0 bytes, Stack size 0 bytes, startup_stm32l476xx.o(.text))
<BR>[Address Reference Count : 1]<UL><LI> startup_stm32l476xx.o(RESET)
</UL>
<P><STRONG><a name="[15]"></a>DMA1_Channel1_IRQHandler</STRONG> (Thumb, 0 bytes, Stack size 0 bytes, startup_stm32l476xx.o(.text))
<BR>[Address Reference Count : 1]<UL><LI> startup_stm32l476xx.o(RESET)
</UL>
<P><STRONG><a name="[16]"></a>DMA1_Channel2_IRQHandler</STRONG> (Thumb, 0 bytes, Stack size 0 bytes, startup_stm32l476xx.o(.text))
<BR>[Address Reference Count : 1]<UL><LI> startup_stm32l476xx.o(RESET)
</UL>
<P><STRONG><a name="[17]"></a>DMA1_Channel3_IRQHandler</STRONG> (Thumb, 0 bytes, Stack size 0 bytes, startup_stm32l476xx.o(.text))
<BR>[Address Reference Count : 1]<UL><LI> startup_stm32l476xx.o(RESET)
</UL>
<P><STRONG><a name="[18]"></a>DMA1_Channel4_IRQHandler</STRONG> (Thumb, 0 bytes, Stack size 0 bytes, startup_stm32l476xx.o(.text))
<BR>[Address Reference Count : 1]<UL><LI> startup_stm32l476xx.o(RESET)
</UL>
<P><STRONG><a name="[19]"></a>DMA1_Channel5_IRQHandler</STRONG> (Thumb, 0 bytes, Stack size 0 bytes, startup_stm32l476xx.o(.text))
<BR>[Address Reference Count : 1]<UL><LI> startup_stm32l476xx.o(RESET)
</UL>
<P><STRONG><a name="[1a]"></a>DMA1_Channel6_IRQHandler</STRONG> (Thumb, 0 bytes, Stack size 0 bytes, startup_stm32l476xx.o(.text))
<BR>[Address Reference Count : 1]<UL><LI> startup_stm32l476xx.o(RESET)
</UL>
<P><STRONG><a name="[1b]"></a>DMA1_Channel7_IRQHandler</STRONG> (Thumb, 0 bytes, Stack size 0 bytes, startup_stm32l476xx.o(.text))
<BR>[Address Reference Count : 1]<UL><LI> startup_stm32l476xx.o(RESET)
</UL>
<P><STRONG><a name="[42]"></a>DMA2_Channel1_IRQHandler</STRONG> (Thumb, 0 bytes, Stack size 0 bytes, startup_stm32l476xx.o(.text))
<BR>[Address Reference Count : 1]<UL><LI> startup_stm32l476xx.o(RESET)
</UL>
<P><STRONG><a name="[43]"></a>DMA2_Channel2_IRQHandler</STRONG> (Thumb, 0 bytes, Stack size 0 bytes, startup_stm32l476xx.o(.text))
<BR>[Address Reference Count : 1]<UL><LI> startup_stm32l476xx.o(RESET)
</UL>
<P><STRONG><a name="[44]"></a>DMA2_Channel3_IRQHandler</STRONG> (Thumb, 0 bytes, Stack size 0 bytes, startup_stm32l476xx.o(.text))
<BR>[Address Reference Count : 1]<UL><LI> startup_stm32l476xx.o(RESET)
</UL>
<P><STRONG><a name="[45]"></a>DMA2_Channel4_IRQHandler</STRONG> (Thumb, 0 bytes, Stack size 0 bytes, startup_stm32l476xx.o(.text))
<BR>[Address Reference Count : 1]<UL><LI> startup_stm32l476xx.o(RESET)
</UL>
<P><STRONG><a name="[46]"></a>DMA2_Channel5_IRQHandler</STRONG> (Thumb, 0 bytes, Stack size 0 bytes, startup_stm32l476xx.o(.text))
<BR>[Address Reference Count : 1]<UL><LI> startup_stm32l476xx.o(RESET)
</UL>
<P><STRONG><a name="[4e]"></a>DMA2_Channel6_IRQHandler</STRONG> (Thumb, 0 bytes, Stack size 0 bytes, startup_stm32l476xx.o(.text))
<BR>[Address Reference Count : 1]<UL><LI> startup_stm32l476xx.o(RESET)
</UL>
<P><STRONG><a name="[4f]"></a>DMA2_Channel7_IRQHandler</STRONG> (Thumb, 0 bytes, Stack size 0 bytes, startup_stm32l476xx.o(.text))
<BR>[Address Reference Count : 1]<UL><LI> startup_stm32l476xx.o(RESET)
</UL>
<P><STRONG><a name="[14]"></a>EXTI4_IRQHandler</STRONG> (Thumb, 0 bytes, Stack size 0 bytes, startup_stm32l476xx.o(.text))
<BR>[Address Reference Count : 1]<UL><LI> startup_stm32l476xx.o(RESET)
</UL>
<P><STRONG><a name="[e]"></a>FLASH_IRQHandler</STRONG> (Thumb, 0 bytes, Stack size 0 bytes, startup_stm32l476xx.o(.text))
<BR>[Address Reference Count : 1]<UL><LI> startup_stm32l476xx.o(RESET)
</UL>
<P><STRONG><a name="[3a]"></a>FMC_IRQHandler</STRONG> (Thumb, 0 bytes, Stack size 0 bytes, startup_stm32l476xx.o(.text))
<BR>[Address Reference Count : 1]<UL><LI> startup_stm32l476xx.o(RESET)
</UL>
<P><STRONG><a name="[5a]"></a>FPU_IRQHandler</STRONG> (Thumb, 0 bytes, Stack size 0 bytes, startup_stm32l476xx.o(.text))
<BR>[Address Reference Count : 1]<UL><LI> startup_stm32l476xx.o(RESET)
</UL>
<P><STRONG><a name="[2a]"></a>I2C1_ER_IRQHandler</STRONG> (Thumb, 0 bytes, Stack size 0 bytes, startup_stm32l476xx.o(.text))
<BR>[Address Reference Count : 1]<UL><LI> startup_stm32l476xx.o(RESET)
</UL>
<P><STRONG><a name="[29]"></a>I2C1_EV_IRQHandler</STRONG> (Thumb, 0 bytes, Stack size 0 bytes, startup_stm32l476xx.o(.text))
<BR>[Address Reference Count : 1]<UL><LI> startup_stm32l476xx.o(RESET)
</UL>
<P><STRONG><a name="[2c]"></a>I2C2_ER_IRQHandler</STRONG> (Thumb, 0 bytes, Stack size 0 bytes, startup_stm32l476xx.o(.text))
<BR>[Address Reference Count : 1]<UL><LI> startup_stm32l476xx.o(RESET)
</UL>
<P><STRONG><a name="[2b]"></a>I2C2_EV_IRQHandler</STRONG> (Thumb, 0 bytes, Stack size 0 bytes, startup_stm32l476xx.o(.text))
<BR>[Address Reference Count : 1]<UL><LI> startup_stm32l476xx.o(RESET)
</UL>
<P><STRONG><a name="[53]"></a>I2C3_ER_IRQHandler</STRONG> (Thumb, 0 bytes, Stack size 0 bytes, startup_stm32l476xx.o(.text))
<BR>[Address Reference Count : 1]<UL><LI> startup_stm32l476xx.o(RESET)
</UL>
<P><STRONG><a name="[52]"></a>I2C3_EV_IRQHandler</STRONG> (Thumb, 0 bytes, Stack size 0 bytes, startup_stm32l476xx.o(.text))
<BR>[Address Reference Count : 1]<UL><LI> startup_stm32l476xx.o(RESET)
</UL>
<P><STRONG><a name="[58]"></a>LCD_IRQHandler</STRONG> (Thumb, 0 bytes, Stack size 0 bytes, startup_stm32l476xx.o(.text))
<BR>[Address Reference Count : 1]<UL><LI> startup_stm32l476xx.o(RESET)
</UL>
<P><STRONG><a name="[4b]"></a>LPTIM1_IRQHandler</STRONG> (Thumb, 0 bytes, Stack size 0 bytes, startup_stm32l476xx.o(.text))
<BR>[Address Reference Count : 1]<UL><LI> startup_stm32l476xx.o(RESET)
</UL>
<P><STRONG><a name="[4c]"></a>LPTIM2_IRQHandler</STRONG> (Thumb, 0 bytes, Stack size 0 bytes, startup_stm32l476xx.o(.text))
<BR>[Address Reference Count : 1]<UL><LI> startup_stm32l476xx.o(RESET)
</UL>
<P><STRONG><a name="[50]"></a>LPUART1_IRQHandler</STRONG> (Thumb, 0 bytes, Stack size 0 bytes, startup_stm32l476xx.o(.text))
<BR>[Address Reference Count : 1]<UL><LI> startup_stm32l476xx.o(RESET)
</UL>
<P><STRONG><a name="[4d]"></a>OTG_FS_IRQHandler</STRONG> (Thumb, 0 bytes, Stack size 0 bytes, startup_stm32l476xx.o(.text))
<BR>[Address Reference Count : 1]<UL><LI> startup_stm32l476xx.o(RESET)
</UL>
<P><STRONG><a name="[b]"></a>PVD_PVM_IRQHandler</STRONG> (Thumb, 0 bytes, Stack size 0 bytes, startup_stm32l476xx.o(.text))
<BR>[Address Reference Count : 1]<UL><LI> startup_stm32l476xx.o(RESET)
</UL>
<P><STRONG><a name="[51]"></a>QUADSPI_IRQHandler</STRONG> (Thumb, 0 bytes, Stack size 0 bytes, startup_stm32l476xx.o(.text))
<BR>[Address Reference Count : 1]<UL><LI> startup_stm32l476xx.o(RESET)
</UL>
<P><STRONG><a name="[f]"></a>RCC_IRQHandler</STRONG> (Thumb, 0 bytes, Stack size 0 bytes, startup_stm32l476xx.o(.text))
<BR>[Address Reference Count : 1]<UL><LI> startup_stm32l476xx.o(RESET)
</UL>
<P><STRONG><a name="[59]"></a>RNG_IRQHandler</STRONG> (Thumb, 0 bytes, Stack size 0 bytes, startup_stm32l476xx.o(.text))
<BR>[Address Reference Count : 1]<UL><LI> startup_stm32l476xx.o(RESET)
</UL>
<P><STRONG><a name="[d]"></a>RTC_WKUP_IRQHandler</STRONG> (Thumb, 0 bytes, Stack size 0 bytes, startup_stm32l476xx.o(.text))
<BR>[Address Reference Count : 1]<UL><LI> startup_stm32l476xx.o(RESET)
</UL>
<P><STRONG><a name="[54]"></a>SAI1_IRQHandler</STRONG> (Thumb, 0 bytes, Stack size 0 bytes, startup_stm32l476xx.o(.text))
<BR>[Address Reference Count : 1]<UL><LI> startup_stm32l476xx.o(RESET)
</UL>
<P><STRONG><a name="[55]"></a>SAI2_IRQHandler</STRONG> (Thumb, 0 bytes, Stack size 0 bytes, startup_stm32l476xx.o(.text))
<BR>[Address Reference Count : 1]<UL><LI> startup_stm32l476xx.o(RESET)
</UL>
<P><STRONG><a name="[3b]"></a>SDMMC1_IRQHandler</STRONG> (Thumb, 0 bytes, Stack size 0 bytes, startup_stm32l476xx.o(.text))
<BR>[Address Reference Count : 1]<UL><LI> startup_stm32l476xx.o(RESET)
</UL>
<P><STRONG><a name="[2d]"></a>SPI1_IRQHandler</STRONG> (Thumb, 0 bytes, Stack size 0 bytes, startup_stm32l476xx.o(.text))
<BR>[Address Reference Count : 1]<UL><LI> startup_stm32l476xx.o(RESET)
</UL>
<P><STRONG><a name="[2e]"></a>SPI2_IRQHandler</STRONG> (Thumb, 0 bytes, Stack size 0 bytes, startup_stm32l476xx.o(.text))
<BR>[Address Reference Count : 1]<UL><LI> startup_stm32l476xx.o(RESET)
</UL>
<P><STRONG><a name="[3d]"></a>SPI3_IRQHandler</STRONG> (Thumb, 0 bytes, Stack size 0 bytes, startup_stm32l476xx.o(.text))
<BR>[Address Reference Count : 1]<UL><LI> startup_stm32l476xx.o(RESET)
</UL>
<P><STRONG><a name="[56]"></a>SWPMI1_IRQHandler</STRONG> (Thumb, 0 bytes, Stack size 0 bytes, startup_stm32l476xx.o(.text))
<BR>[Address Reference Count : 1]<UL><LI> startup_stm32l476xx.o(RESET)
</UL>
<P><STRONG><a name="[22]"></a>TIM1_BRK_TIM15_IRQHandler</STRONG> (Thumb, 0 bytes, Stack size 0 bytes, startup_stm32l476xx.o(.text))
<BR>[Address Reference Count : 1]<UL><LI> startup_stm32l476xx.o(RESET)
</UL>
<P><STRONG><a name="[25]"></a>TIM1_CC_IRQHandler</STRONG> (Thumb, 0 bytes, Stack size 0 bytes, startup_stm32l476xx.o(.text))
<BR>[Address Reference Count : 1]<UL><LI> startup_stm32l476xx.o(RESET)
</UL>
<P><STRONG><a name="[24]"></a>TIM1_TRG_COM_TIM17_IRQHandler</STRONG> (Thumb, 0 bytes, Stack size 0 bytes, startup_stm32l476xx.o(.text))
<BR>[Address Reference Count : 1]<UL><LI> startup_stm32l476xx.o(RESET)
</UL>
<P><STRONG><a name="[23]"></a>TIM1_UP_TIM16_IRQHandler</STRONG> (Thumb, 0 bytes, Stack size 0 bytes, startup_stm32l476xx.o(.text))
<BR>[Address Reference Count : 1]<UL><LI> startup_stm32l476xx.o(RESET)
</UL>
<P><STRONG><a name="[26]"></a>TIM2_IRQHandler</STRONG> (Thumb, 0 bytes, Stack size 0 bytes, startup_stm32l476xx.o(.text))
<BR>[Address Reference Count : 1]<UL><LI> startup_stm32l476xx.o(RESET)
</UL>
<P><STRONG><a name="[3c]"></a>TIM5_IRQHandler</STRONG> (Thumb, 0 bytes, Stack size 0 bytes, startup_stm32l476xx.o(.text))
<BR>[Address Reference Count : 1]<UL><LI> startup_stm32l476xx.o(RESET)
</UL>
<P><STRONG><a name="[40]"></a>TIM6_DAC_IRQHandler</STRONG> (Thumb, 0 bytes, Stack size 0 bytes, startup_stm32l476xx.o(.text))
<BR>[Address Reference Count : 1]<UL><LI> startup_stm32l476xx.o(RESET)
</UL>
<P><STRONG><a name="[41]"></a>TIM7_IRQHandler</STRONG> (Thumb, 0 bytes, Stack size 0 bytes, startup_stm32l476xx.o(.text))
<BR>[Address Reference Count : 1]<UL><LI> startup_stm32l476xx.o(RESET)
</UL>
<P><STRONG><a name="[35]"></a>TIM8_BRK_IRQHandler</STRONG> (Thumb, 0 bytes, Stack size 0 bytes, startup_stm32l476xx.o(.text))
<BR>[Address Reference Count : 1]<UL><LI> startup_stm32l476xx.o(RESET)
</UL>
<P><STRONG><a name="[38]"></a>TIM8_CC_IRQHandler</STRONG> (Thumb, 0 bytes, Stack size 0 bytes, startup_stm32l476xx.o(.text))
<BR>[Address Reference Count : 1]<UL><LI> startup_stm32l476xx.o(RESET)
</UL>
<P><STRONG><a name="[37]"></a>TIM8_TRG_COM_IRQHandler</STRONG> (Thumb, 0 bytes, Stack size 0 bytes, startup_stm32l476xx.o(.text))
<BR>[Address Reference Count : 1]<UL><LI> startup_stm32l476xx.o(RESET)
</UL>
<P><STRONG><a name="[36]"></a>TIM8_UP_IRQHandler</STRONG> (Thumb, 0 bytes, Stack size 0 bytes, startup_stm32l476xx.o(.text))
<BR>[Address Reference Count : 1]<UL><LI> startup_stm32l476xx.o(RESET)
</UL>
<P><STRONG><a name="[57]"></a>TSC_IRQHandler</STRONG> (Thumb, 0 bytes, Stack size 0 bytes, startup_stm32l476xx.o(.text))
<BR>[Address Reference Count : 1]<UL><LI> startup_stm32l476xx.o(RESET)
</UL>
<P><STRONG><a name="[3e]"></a>UART4_IRQHandler</STRONG> (Thumb, 0 bytes, Stack size 0 bytes, startup_stm32l476xx.o(.text))
<BR>[Address Reference Count : 1]<UL><LI> startup_stm32l476xx.o(RESET)
</UL>
<P><STRONG><a name="[3f]"></a>UART5_IRQHandler</STRONG> (Thumb, 0 bytes, Stack size 0 bytes, startup_stm32l476xx.o(.text))
<BR>[Address Reference Count : 1]<UL><LI> startup_stm32l476xx.o(RESET)
</UL>
<P><STRONG><a name="[2f]"></a>USART1_IRQHandler</STRONG> (Thumb, 0 bytes, Stack size 0 bytes, startup_stm32l476xx.o(.text))
<BR>[Address Reference Count : 1]<UL><LI> startup_stm32l476xx.o(RESET)
</UL>
<P><STRONG><a name="[30]"></a>USART2_IRQHandler</STRONG> (Thumb, 0 bytes, Stack size 0 bytes, startup_stm32l476xx.o(.text))
<BR>[Address Reference Count : 1]<UL><LI> startup_stm32l476xx.o(RESET)
</UL>
<P><STRONG><a name="[31]"></a>USART3_IRQHandler</STRONG> (Thumb, 0 bytes, Stack size 0 bytes, startup_stm32l476xx.o(.text))
<BR>[Address Reference Count : 1]<UL><LI> startup_stm32l476xx.o(RESET)
</UL>
<P><STRONG><a name="[a]"></a>WWDG_IRQHandler</STRONG> (Thumb, 0 bytes, Stack size 0 bytes, startup_stm32l476xx.o(.text))
<BR>[Address Reference Count : 1]<UL><LI> startup_stm32l476xx.o(RESET)
</UL>
<P><STRONG><a name="[63]"></a>__aeabi_memset</STRONG> (Thumb, 14 bytes, Stack size 0 bytes, memseta.o(.text), UNUSED)
<BR><BR>[Called By]<UL><LI><a href="#[64]">&gt;&gt;</a>&nbsp;&nbsp;&nbsp;_memset$wrapper
<LI><a href="#[62]">&gt;&gt;</a>&nbsp;&nbsp;&nbsp;__aeabi_memclr
</UL>

<P><STRONG><a name="[d0]"></a>__aeabi_memset4</STRONG> (Thumb, 0 bytes, Stack size 0 bytes, memseta.o(.text), UNUSED)

<P><STRONG><a name="[d1]"></a>__aeabi_memset8</STRONG> (Thumb, 0 bytes, Stack size 0 bytes, memseta.o(.text), UNUSED)

<P><STRONG><a name="[62]"></a>__aeabi_memclr</STRONG> (Thumb, 4 bytes, Stack size 0 bytes, memseta.o(.text), UNUSED)
<BR><BR>[Calls]<UL><LI><a href="#[63]">&gt;&gt;</a>&nbsp;&nbsp;&nbsp;__aeabi_memset
</UL>

<P><STRONG><a name="[a6]"></a>__aeabi_memclr4</STRONG> (Thumb, 0 bytes, Stack size 0 bytes, memseta.o(.text))
<BR><BR>[Called By]<UL><LI><a href="#[72]">&gt;&gt;</a>&nbsp;&nbsp;&nbsp;LCD_MspInit
<LI><a href="#[ac]">&gt;&gt;</a>&nbsp;&nbsp;&nbsp;SystemClock_Config
</UL>

<P><STRONG><a name="[d2]"></a>__aeabi_memclr8</STRONG> (Thumb, 0 bytes, Stack size 0 bytes, memseta.o(.text), UNUSED)

<P><STRONG><a name="[64]"></a>_memset$wrapper</STRONG> (Thumb, 18 bytes, Stack size 8 bytes, memseta.o(.text), UNUSED)
<BR><BR>[Calls]<UL><LI><a href="#[63]">&gt;&gt;</a>&nbsp;&nbsp;&nbsp;__aeabi_memset
</UL>

<P><STRONG><a name="[d3]"></a>__aeabi_uidiv</STRONG> (Thumb, 0 bytes, Stack size 12 bytes, uidiv.o(.text), UNUSED)

<P><STRONG><a name="[b2]"></a>__aeabi_uidivmod</STRONG> (Thumb, 44 bytes, Stack size 12 bytes, uidiv.o(.text), UNUSED)
<BR><BR>[Called By]<UL><LI><a href="#[b0]">&gt;&gt;</a>&nbsp;&nbsp;&nbsp;_printf_core
</UL>

<P><STRONG><a name="[61]"></a>__scatterload</STRONG> (Thumb, 28 bytes, Stack size 0 bytes, init.o(.text))
<BR><BR>[Calls]<UL><LI><a href="#[65]">&gt;&gt;</a>&nbsp;&nbsp;&nbsp;__main_after_scatterload
</UL>
<BR>[Called By]<UL><LI><a href="#[60]">&gt;&gt;</a>&nbsp;&nbsp;&nbsp;_main_scatterload
</UL>

<P><STRONG><a name="[d4]"></a>__scatterload_rt2</STRONG> (Thumb, 0 bytes, Stack size 0 bytes, init.o(.text), UNUSED)

<P><STRONG><a name="[66]"></a>BSP_JOY_GetState</STRONG> (Thumb, 40 bytes, Stack size 16 bytes, stm32l476g_discovery.o(i.BSP_JOY_GetState))
<BR><BR>[Stack]<UL><LI>Max Depth = 16<LI>Call Chain = BSP_JOY_GetState
</UL>
<BR>[Calls]<UL><LI><a href="#[67]">&gt;&gt;</a>&nbsp;&nbsp;&nbsp;HAL_GPIO_ReadPin
</UL>
<BR>[Called By]<UL><LI><a href="#[5b]">&gt;&gt;</a>&nbsp;&nbsp;&nbsp;main
</UL>

<P><STRONG><a name="[68]"></a>BSP_JOY_Init</STRONG> (Thumb, 158 bytes, Stack size 64 bytes, stm32l476g_discovery.o(i.BSP_JOY_Init))
<BR><BR>[Stack]<UL><LI>Max Depth = 104<LI>Call Chain = BSP_JOY_Init &rArr; HAL_GPIO_Init
</UL>
<BR>[Calls]<UL><LI><a href="#[69]">&gt;&gt;</a>&nbsp;&nbsp;&nbsp;HAL_GPIO_Init
<LI><a href="#[6a]">&gt;&gt;</a>&nbsp;&nbsp;&nbsp;HAL_NVIC_SetPriority
<LI><a href="#[6b]">&gt;&gt;</a>&nbsp;&nbsp;&nbsp;HAL_NVIC_EnableIRQ
</UL>
<BR>[Called By]<UL><LI><a href="#[5b]">&gt;&gt;</a>&nbsp;&nbsp;&nbsp;main
</UL>

<P><STRONG><a name="[6c]"></a>BSP_LCD_GLASS_Clear</STRONG> (Thumb, 6 bytes, Stack size 0 bytes, stm32l476g_discovery_glass_lcd.o(i.BSP_LCD_GLASS_Clear))
<BR><BR>[Stack]<UL><LI>Max Depth = 48<LI>Call Chain = BSP_LCD_GLASS_Clear &rArr; HAL_LCD_Clear &rArr; HAL_LCD_UpdateDisplayRequest
</UL>
<BR>[Calls]<UL><LI><a href="#[6d]">&gt;&gt;</a>&nbsp;&nbsp;&nbsp;HAL_LCD_Clear
</UL>
<BR>[Called By]<UL><LI><a href="#[ba]">&gt;&gt;</a>&nbsp;&nbsp;&nbsp;displayTime
<LI><a href="#[b9]">&gt;&gt;</a>&nbsp;&nbsp;&nbsp;displaySetTime
<LI><a href="#[b7]">&gt;&gt;</a>&nbsp;&nbsp;&nbsp;displayPastTimes
<LI><a href="#[a9]">&gt;&gt;</a>&nbsp;&nbsp;&nbsp;RTC_Config
<LI><a href="#[a8]">&gt;&gt;</a>&nbsp;&nbsp;&nbsp;RTC_AlarmAConfig
</UL>

<P><STRONG><a name="[6e]"></a>BSP_LCD_GLASS_DisplayString</STRONG> (Thumb, 44 bytes, Stack size 16 bytes, stm32l476g_discovery_glass_lcd.o(i.BSP_LCD_GLASS_DisplayString))
<BR><BR>[Stack]<UL><LI>Max Depth = 72<LI>Call Chain = BSP_LCD_GLASS_DisplayString &rArr; WriteChar &rArr; HAL_LCD_Write
</UL>
<BR>[Calls]<UL><LI><a href="#[70]">&gt;&gt;</a>&nbsp;&nbsp;&nbsp;HAL_LCD_UpdateDisplayRequest
<LI><a href="#[6f]">&gt;&gt;</a>&nbsp;&nbsp;&nbsp;WriteChar
</UL>
<BR>[Called By]<UL><LI><a href="#[74]">&gt;&gt;</a>&nbsp;&nbsp;&nbsp;BSP_LCD_GLASS_ScrollSentence
<LI><a href="#[5b]">&gt;&gt;</a>&nbsp;&nbsp;&nbsp;main
<LI><a href="#[ba]">&gt;&gt;</a>&nbsp;&nbsp;&nbsp;displayTime
<LI><a href="#[b9]">&gt;&gt;</a>&nbsp;&nbsp;&nbsp;displaySetTime
<LI><a href="#[a9]">&gt;&gt;</a>&nbsp;&nbsp;&nbsp;RTC_Config
<LI><a href="#[a8]">&gt;&gt;</a>&nbsp;&nbsp;&nbsp;RTC_AlarmAConfig
</UL>

<P><STRONG><a name="[71]"></a>BSP_LCD_GLASS_Init</STRONG> (Thumb, 68 bytes, Stack size 8 bytes, stm32l476g_discovery_glass_lcd.o(i.BSP_LCD_GLASS_Init))
<BR><BR>[Stack]<UL><LI>Max Depth = 312<LI>Call Chain = BSP_LCD_GLASS_Init &rArr; LCD_MspInit &rArr; HAL_RCCEx_PeriphCLKConfig &rArr; RCCEx_PLLSAI2_Config
</UL>
<BR>[Calls]<UL><LI><a href="#[73]">&gt;&gt;</a>&nbsp;&nbsp;&nbsp;HAL_LCD_Init
<LI><a href="#[6d]">&gt;&gt;</a>&nbsp;&nbsp;&nbsp;HAL_LCD_Clear
<LI><a href="#[72]">&gt;&gt;</a>&nbsp;&nbsp;&nbsp;LCD_MspInit
</UL>
<BR>[Called By]<UL><LI><a href="#[5b]">&gt;&gt;</a>&nbsp;&nbsp;&nbsp;main
</UL>

<P><STRONG><a name="[74]"></a>BSP_LCD_GLASS_ScrollSentence</STRONG> (Thumb, 208 bytes, Stack size 48 bytes, stm32l476g_discovery_glass_lcd.o(i.BSP_LCD_GLASS_ScrollSentence))
<BR><BR>[Stack]<UL><LI>Max Depth = 120<LI>Call Chain = BSP_LCD_GLASS_ScrollSentence &rArr; BSP_LCD_GLASS_DisplayString &rArr; WriteChar &rArr; HAL_LCD_Write
</UL>
<BR>[Calls]<UL><LI><a href="#[6d]">&gt;&gt;</a>&nbsp;&nbsp;&nbsp;HAL_LCD_Clear
<LI><a href="#[75]">&gt;&gt;</a>&nbsp;&nbsp;&nbsp;HAL_Delay
<LI><a href="#[6e]">&gt;&gt;</a>&nbsp;&nbsp;&nbsp;BSP_LCD_GLASS_DisplayString
</UL>
<BR>[Called By]<UL><LI><a href="#[b7]">&gt;&gt;</a>&nbsp;&nbsp;&nbsp;displayPastTimes
<LI><a href="#[b4]">&gt;&gt;</a>&nbsp;&nbsp;&nbsp;displayDate
</UL>

<P><STRONG><a name="[76]"></a>BSP_LED_Init</STRONG> (Thumb, 98 bytes, Stack size 40 bytes, stm32l476g_discovery.o(i.BSP_LED_Init))
<BR><BR>[Stack]<UL><LI>Max Depth = 80<LI>Call Chain = BSP_LED_Init &rArr; HAL_GPIO_Init
</UL>
<BR>[Calls]<UL><LI><a href="#[69]">&gt;&gt;</a>&nbsp;&nbsp;&nbsp;HAL_GPIO_Init
<LI><a href="#[77]">&gt;&gt;</a>&nbsp;&nbsp;&nbsp;HAL_GPIO_WritePin
</UL>
<BR>[Called By]<UL><LI><a href="#[5b]">&gt;&gt;</a>&nbsp;&nbsp;&nbsp;main
</UL>

<P><STRONG><a name="[78]"></a>BSP_LED_Toggle</STRONG> (Thumb, 16 bytes, Stack size 0 bytes, stm32l476g_discovery.o(i.BSP_LED_Toggle))
<BR><BR>[Calls]<UL><LI><a href="#[79]">&gt;&gt;</a>&nbsp;&nbsp;&nbsp;HAL_GPIO_TogglePin
</UL>
<BR>[Called By]<UL><LI><a href="#[5b]">&gt;&gt;</a>&nbsp;&nbsp;&nbsp;main
</UL>

<P><STRONG><a name="[4]"></a>BusFault_Handler</STRONG> (Thumb, 2 bytes, Stack size 0 bytes, stm32l4xx_it.o(i.BusFault_Handler))
<BR><BR>[Calls]<UL><LI><a href="#[4]">&gt;&gt;</a>&nbsp;&nbsp;&nbsp;BusFault_Handler
</UL>
<BR>[Called By]<UL><LI><a href="#[4]">&gt;&gt;</a>&nbsp;&nbsp;&nbsp;BusFault_Handler
</UL>
<BR>[Address Reference Count : 1]<UL><LI> startup_stm32l476xx.o(RESET)
</UL>
<P><STRONG><a name="[7]"></a>DebugMon_Handler</STRONG> (Thumb, 2 bytes, Stack size 0 bytes, stm32l4xx_it.o(i.DebugMon_Handler))
<BR>[Address Reference Count : 1]<UL><LI> startup_stm32l476xx.o(RESET)
</UL>
<P><STRONG><a name="[10]"></a>EXTI0_IRQHandler</STRONG> (Thumb, 6 bytes, Stack size 0 bytes, stm32l4xx_it.o(i.EXTI0_IRQHandler))
<BR><BR>[Stack]<UL><LI>Max Depth = 8<LI>Call Chain = EXTI0_IRQHandler &rArr; HAL_GPIO_EXTI_IRQHandler
</UL>
<BR>[Calls]<UL><LI><a href="#[7a]">&gt;&gt;</a>&nbsp;&nbsp;&nbsp;HAL_GPIO_EXTI_IRQHandler
</UL>
<BR>[Address Reference Count : 1]<UL><LI> startup_stm32l476xx.o(RESET)
</UL>
<P><STRONG><a name="[32]"></a>EXTI15_10_IRQHandler</STRONG> (Thumb, 8 bytes, Stack size 0 bytes, stm32l4xx_it.o(i.EXTI15_10_IRQHandler))
<BR><BR>[Stack]<UL><LI>Max Depth = 8<LI>Call Chain = EXTI15_10_IRQHandler &rArr; HAL_GPIO_EXTI_IRQHandler
</UL>
<BR>[Calls]<UL><LI><a href="#[7a]">&gt;&gt;</a>&nbsp;&nbsp;&nbsp;HAL_GPIO_EXTI_IRQHandler
</UL>
<BR>[Address Reference Count : 1]<UL><LI> startup_stm32l476xx.o(RESET)
</UL>
<P><STRONG><a name="[11]"></a>EXTI1_IRQHandler</STRONG> (Thumb, 6 bytes, Stack size 0 bytes, stm32l4xx_it.o(i.EXTI1_IRQHandler))
<BR><BR>[Stack]<UL><LI>Max Depth = 8<LI>Call Chain = EXTI1_IRQHandler &rArr; HAL_GPIO_EXTI_IRQHandler
</UL>
<BR>[Calls]<UL><LI><a href="#[7a]">&gt;&gt;</a>&nbsp;&nbsp;&nbsp;HAL_GPIO_EXTI_IRQHandler
</UL>
<BR>[Address Reference Count : 1]<UL><LI> startup_stm32l476xx.o(RESET)
</UL>
<P><STRONG><a name="[12]"></a>EXTI2_IRQHandler</STRONG> (Thumb, 6 bytes, Stack size 0 bytes, stm32l4xx_it.o(i.EXTI2_IRQHandler))
<BR><BR>[Stack]<UL><LI>Max Depth = 8<LI>Call Chain = EXTI2_IRQHandler &rArr; HAL_GPIO_EXTI_IRQHandler
</UL>
<BR>[Calls]<UL><LI><a href="#[7a]">&gt;&gt;</a>&nbsp;&nbsp;&nbsp;HAL_GPIO_EXTI_IRQHandler
</UL>
<BR>[Address Reference Count : 1]<UL><LI> startup_stm32l476xx.o(RESET)
</UL>
<P><STRONG><a name="[13]"></a>EXTI3_IRQHandler</STRONG> (Thumb, 6 bytes, Stack size 0 bytes, stm32l4xx_it.o(i.EXTI3_IRQHandler))
<BR><BR>[Stack]<UL><LI>Max Depth = 8<LI>Call Chain = EXTI3_IRQHandler &rArr; HAL_GPIO_EXTI_IRQHandler
</UL>
<BR>[Calls]<UL><LI><a href="#[7a]">&gt;&gt;</a>&nbsp;&nbsp;&nbsp;HAL_GPIO_EXTI_IRQHandler
</UL>
<BR>[Address Reference Count : 1]<UL><LI> startup_stm32l476xx.o(RESET)
</UL>
<P><STRONG><a name="[21]"></a>EXTI9_5_IRQHandler</STRONG> (Thumb, 6 bytes, Stack size 0 bytes, stm32l4xx_it.o(i.EXTI9_5_IRQHandler))
<BR><BR>[Stack]<UL><LI>Max Depth = 8<LI>Call Chain = EXTI9_5_IRQHandler &rArr; HAL_GPIO_EXTI_IRQHandler
</UL>
<BR>[Calls]<UL><LI><a href="#[7a]">&gt;&gt;</a>&nbsp;&nbsp;&nbsp;HAL_GPIO_EXTI_IRQHandler
</UL>
<BR>[Address Reference Count : 1]<UL><LI> startup_stm32l476xx.o(RESET)
</UL>
<P><STRONG><a name="[75]"></a>HAL_Delay</STRONG> (Thumb, 28 bytes, Stack size 16 bytes, stm32l4xx_hal.o(i.HAL_Delay))
<BR><BR>[Stack]<UL><LI>Max Depth = 16<LI>Call Chain = HAL_Delay
</UL>
<BR>[Calls]<UL><LI><a href="#[7b]">&gt;&gt;</a>&nbsp;&nbsp;&nbsp;HAL_GetTick
</UL>
<BR>[Called By]<UL><LI><a href="#[72]">&gt;&gt;</a>&nbsp;&nbsp;&nbsp;LCD_MspInit
<LI><a href="#[74]">&gt;&gt;</a>&nbsp;&nbsp;&nbsp;BSP_LCD_GLASS_ScrollSentence
<LI><a href="#[5b]">&gt;&gt;</a>&nbsp;&nbsp;&nbsp;main
</UL>

<P><STRONG><a name="[7c]"></a>HAL_GPIO_EXTI_Callback</STRONG> (Thumb, 46 bytes, Stack size 0 bytes, main.o(i.HAL_GPIO_EXTI_Callback))
<BR><BR>[Called By]<UL><LI><a href="#[7a]">&gt;&gt;</a>&nbsp;&nbsp;&nbsp;HAL_GPIO_EXTI_IRQHandler
</UL>

<P><STRONG><a name="[7a]"></a>HAL_GPIO_EXTI_IRQHandler</STRONG> (Thumb, 18 bytes, Stack size 8 bytes, stm32l4xx_hal_gpio.o(i.HAL_GPIO_EXTI_IRQHandler))
<BR><BR>[Stack]<UL><LI>Max Depth = 8<LI>Call Chain = HAL_GPIO_EXTI_IRQHandler
</UL>
<BR>[Calls]<UL><LI><a href="#[7c]">&gt;&gt;</a>&nbsp;&nbsp;&nbsp;HAL_GPIO_EXTI_Callback
</UL>
<BR>[Called By]<UL><LI><a href="#[21]">&gt;&gt;</a>&nbsp;&nbsp;&nbsp;EXTI9_5_IRQHandler
<LI><a href="#[13]">&gt;&gt;</a>&nbsp;&nbsp;&nbsp;EXTI3_IRQHandler
<LI><a href="#[12]">&gt;&gt;</a>&nbsp;&nbsp;&nbsp;EXTI2_IRQHandler
<LI><a href="#[11]">&gt;&gt;</a>&nbsp;&nbsp;&nbsp;EXTI1_IRQHandler
<LI><a href="#[32]">&gt;&gt;</a>&nbsp;&nbsp;&nbsp;EXTI15_10_IRQHandler
<LI><a href="#[10]">&gt;&gt;</a>&nbsp;&nbsp;&nbsp;EXTI0_IRQHandler
</UL>

<P><STRONG><a name="[69]"></a>HAL_GPIO_Init</STRONG> (Thumb, 414 bytes, Stack size 40 bytes, stm32l4xx_hal_gpio.o(i.HAL_GPIO_Init))
<BR><BR>[Stack]<UL><LI>Max Depth = 40<LI>Call Chain = HAL_GPIO_Init
</UL>
<BR>[Called By]<UL><LI><a href="#[72]">&gt;&gt;</a>&nbsp;&nbsp;&nbsp;LCD_MspInit
<LI><a href="#[a4]">&gt;&gt;</a>&nbsp;&nbsp;&nbsp;I2C_MspInit
<LI><a href="#[76]">&gt;&gt;</a>&nbsp;&nbsp;&nbsp;BSP_LED_Init
<LI><a href="#[68]">&gt;&gt;</a>&nbsp;&nbsp;&nbsp;BSP_JOY_Init
</UL>

<P><STRONG><a name="[67]"></a>HAL_GPIO_ReadPin</STRONG> (Thumb, 10 bytes, Stack size 0 bytes, stm32l4xx_hal_gpio.o(i.HAL_GPIO_ReadPin))
<BR><BR>[Called By]<UL><LI><a href="#[66]">&gt;&gt;</a>&nbsp;&nbsp;&nbsp;BSP_JOY_GetState
</UL>

<P><STRONG><a name="[79]"></a>HAL_GPIO_TogglePin</STRONG> (Thumb, 8 bytes, Stack size 0 bytes, stm32l4xx_hal_gpio.o(i.HAL_GPIO_TogglePin))
<BR><BR>[Called By]<UL><LI><a href="#[78]">&gt;&gt;</a>&nbsp;&nbsp;&nbsp;BSP_LED_Toggle
</UL>

<P><STRONG><a name="[77]"></a>HAL_GPIO_WritePin</STRONG> (Thumb, 10 bytes, Stack size 0 bytes, stm32l4xx_hal_gpio.o(i.HAL_GPIO_WritePin))
<BR><BR>[Called By]<UL><LI><a href="#[76]">&gt;&gt;</a>&nbsp;&nbsp;&nbsp;BSP_LED_Init
</UL>

<P><STRONG><a name="[7b]"></a>HAL_GetTick</STRONG> (Thumb, 6 bytes, Stack size 0 bytes, stm32l4xx_hal.o(i.HAL_GetTick))
<BR><BR>[Called By]<UL><LI><a href="#[9c]">&gt;&gt;</a>&nbsp;&nbsp;&nbsp;RTC_EnterInitMode
<LI><a href="#[85]">&gt;&gt;</a>&nbsp;&nbsp;&nbsp;LCD_WaitForSynchro
<LI><a href="#[86]">&gt;&gt;</a>&nbsp;&nbsp;&nbsp;HAL_LCD_Write
<LI><a href="#[70]">&gt;&gt;</a>&nbsp;&nbsp;&nbsp;HAL_LCD_UpdateDisplayRequest
<LI><a href="#[73]">&gt;&gt;</a>&nbsp;&nbsp;&nbsp;HAL_LCD_Init
<LI><a href="#[6d]">&gt;&gt;</a>&nbsp;&nbsp;&nbsp;HAL_LCD_Clear
<LI><a href="#[88]">&gt;&gt;</a>&nbsp;&nbsp;&nbsp;HAL_RCCEx_PeriphCLKConfig
<LI><a href="#[9d]">&gt;&gt;</a>&nbsp;&nbsp;&nbsp;HAL_RTC_WaitForSynchro
<LI><a href="#[9e]">&gt;&gt;</a>&nbsp;&nbsp;&nbsp;HAL_RTC_SetAlarm_IT
<LI><a href="#[8d]">&gt;&gt;</a>&nbsp;&nbsp;&nbsp;HAL_RCC_OscConfig
<LI><a href="#[8b]">&gt;&gt;</a>&nbsp;&nbsp;&nbsp;HAL_RCC_ClockConfig
<LI><a href="#[75]">&gt;&gt;</a>&nbsp;&nbsp;&nbsp;HAL_Delay
<LI><a href="#[5b]">&gt;&gt;</a>&nbsp;&nbsp;&nbsp;main
<LI><a href="#[8a]">&gt;&gt;</a>&nbsp;&nbsp;&nbsp;RCCEx_PLLSAI2_Config
<LI><a href="#[89]">&gt;&gt;</a>&nbsp;&nbsp;&nbsp;RCCEx_PLLSAI1_Config
</UL>

<P><STRONG><a name="[a3]"></a>HAL_I2C_GetState</STRONG> (Thumb, 6 bytes, Stack size 0 bytes, stm32l4xx_hal_i2c.o(i.HAL_I2C_GetState))
<BR><BR>[Called By]<UL><LI><a href="#[a2]">&gt;&gt;</a>&nbsp;&nbsp;&nbsp;I2C_Init
</UL>

<P><STRONG><a name="[7d]"></a>HAL_I2C_Init</STRONG> (Thumb, 178 bytes, Stack size 16 bytes, stm32l4xx_hal_i2c.o(i.HAL_I2C_Init))
<BR><BR>[Stack]<UL><LI>Max Depth = 16<LI>Call Chain = HAL_I2C_Init
</UL>
<BR>[Calls]<UL><LI><a href="#[7e]">&gt;&gt;</a>&nbsp;&nbsp;&nbsp;HAL_I2C_MspInit
</UL>
<BR>[Called By]<UL><LI><a href="#[a2]">&gt;&gt;</a>&nbsp;&nbsp;&nbsp;I2C_Init
</UL>

<P><STRONG><a name="[7e]"></a>HAL_I2C_MspInit</STRONG> (Thumb, 2 bytes, Stack size 0 bytes, stm32l4xx_hal_msp.o(i.HAL_I2C_MspInit))
<BR><BR>[Called By]<UL><LI><a href="#[7d]">&gt;&gt;</a>&nbsp;&nbsp;&nbsp;HAL_I2C_Init
</UL>

<P><STRONG><a name="[ab]"></a>HAL_IncTick</STRONG> (Thumb, 10 bytes, Stack size 0 bytes, stm32l4xx_hal.o(i.HAL_IncTick))
<BR><BR>[Called By]<UL><LI><a href="#[9]">&gt;&gt;</a>&nbsp;&nbsp;&nbsp;SysTick_Handler
</UL>

<P><STRONG><a name="[7f]"></a>HAL_Init</STRONG> (Thumb, 22 bytes, Stack size 8 bytes, stm32l4xx_hal.o(i.HAL_Init))
<BR><BR>[Stack]<UL><LI>Max Depth = 32<LI>Call Chain = HAL_Init &rArr; HAL_InitTick &rArr; HAL_NVIC_SetPriority
</UL>
<BR>[Calls]<UL><LI><a href="#[82]">&gt;&gt;</a>&nbsp;&nbsp;&nbsp;HAL_MspInit
<LI><a href="#[81]">&gt;&gt;</a>&nbsp;&nbsp;&nbsp;HAL_InitTick
<LI><a href="#[80]">&gt;&gt;</a>&nbsp;&nbsp;&nbsp;HAL_NVIC_SetPriorityGrouping
</UL>
<BR>[Called By]<UL><LI><a href="#[5b]">&gt;&gt;</a>&nbsp;&nbsp;&nbsp;main
</UL>

<P><STRONG><a name="[81]"></a>HAL_InitTick</STRONG> (Thumb, 34 bytes, Stack size 8 bytes, stm32l4xx_hal.o(i.HAL_InitTick))
<BR><BR>[Stack]<UL><LI>Max Depth = 24<LI>Call Chain = HAL_InitTick &rArr; HAL_NVIC_SetPriority
</UL>
<BR>[Calls]<UL><LI><a href="#[6a]">&gt;&gt;</a>&nbsp;&nbsp;&nbsp;HAL_NVIC_SetPriority
<LI><a href="#[83]">&gt;&gt;</a>&nbsp;&nbsp;&nbsp;HAL_SYSTICK_Config
</UL>
<BR>[Called By]<UL><LI><a href="#[8d]">&gt;&gt;</a>&nbsp;&nbsp;&nbsp;HAL_RCC_OscConfig
<LI><a href="#[8b]">&gt;&gt;</a>&nbsp;&nbsp;&nbsp;HAL_RCC_ClockConfig
<LI><a href="#[7f]">&gt;&gt;</a>&nbsp;&nbsp;&nbsp;HAL_Init
<LI><a href="#[5b]">&gt;&gt;</a>&nbsp;&nbsp;&nbsp;main
</UL>

<P><STRONG><a name="[6d]"></a>HAL_LCD_Clear</STRONG> (Thumb, 128 bytes, Stack size 24 bytes, stm32l4xx_hal_lcd.o(i.HAL_LCD_Clear))
<BR><BR>[Stack]<UL><LI>Max Depth = 48<LI>Call Chain = HAL_LCD_Clear &rArr; HAL_LCD_UpdateDisplayRequest
</UL>
<BR>[Calls]<UL><LI><a href="#[70]">&gt;&gt;</a>&nbsp;&nbsp;&nbsp;HAL_LCD_UpdateDisplayRequest
<LI><a href="#[7b]">&gt;&gt;</a>&nbsp;&nbsp;&nbsp;HAL_GetTick
</UL>
<BR>[Called By]<UL><LI><a href="#[74]">&gt;&gt;</a>&nbsp;&nbsp;&nbsp;BSP_LCD_GLASS_ScrollSentence
<LI><a href="#[71]">&gt;&gt;</a>&nbsp;&nbsp;&nbsp;BSP_LCD_GLASS_Init
<LI><a href="#[6c]">&gt;&gt;</a>&nbsp;&nbsp;&nbsp;BSP_LCD_GLASS_Clear
</UL>

<P><STRONG><a name="[73]"></a>HAL_LCD_Init</STRONG> (Thumb, 248 bytes, Stack size 24 bytes, stm32l4xx_hal_lcd.o(i.HAL_LCD_Init))
<BR><BR>[Stack]<UL><LI>Max Depth = 40<LI>Call Chain = HAL_LCD_Init &rArr; LCD_WaitForSynchro
</UL>
<BR>[Calls]<UL><LI><a href="#[85]">&gt;&gt;</a>&nbsp;&nbsp;&nbsp;LCD_WaitForSynchro
<LI><a href="#[7b]">&gt;&gt;</a>&nbsp;&nbsp;&nbsp;HAL_GetTick
<LI><a href="#[84]">&gt;&gt;</a>&nbsp;&nbsp;&nbsp;HAL_LCD_MspInit
</UL>
<BR>[Called By]<UL><LI><a href="#[71]">&gt;&gt;</a>&nbsp;&nbsp;&nbsp;BSP_LCD_GLASS_Init
</UL>

<P><STRONG><a name="[84]"></a>HAL_LCD_MspInit</STRONG> (Thumb, 2 bytes, Stack size 0 bytes, stm32l4xx_hal_lcd.o(i.HAL_LCD_MspInit))
<BR><BR>[Called By]<UL><LI><a href="#[73]">&gt;&gt;</a>&nbsp;&nbsp;&nbsp;HAL_LCD_Init
</UL>

<P><STRONG><a name="[70]"></a>HAL_LCD_UpdateDisplayRequest</STRONG> (Thumb, 84 bytes, Stack size 24 bytes, stm32l4xx_hal_lcd.o(i.HAL_LCD_UpdateDisplayRequest))
<BR><BR>[Stack]<UL><LI>Max Depth = 24<LI>Call Chain = HAL_LCD_UpdateDisplayRequest
</UL>
<BR>[Calls]<UL><LI><a href="#[7b]">&gt;&gt;</a>&nbsp;&nbsp;&nbsp;HAL_GetTick
</UL>
<BR>[Called By]<UL><LI><a href="#[6d]">&gt;&gt;</a>&nbsp;&nbsp;&nbsp;HAL_LCD_Clear
<LI><a href="#[6e]">&gt;&gt;</a>&nbsp;&nbsp;&nbsp;BSP_LCD_GLASS_DisplayString
</UL>

<P><STRONG><a name="[86]"></a>HAL_LCD_Write</STRONG> (Thumb, 136 bytes, Stack size 32 bytes, stm32l4xx_hal_lcd.o(i.HAL_LCD_Write))
<BR><BR>[Stack]<UL><LI>Max Depth = 32<LI>Call Chain = HAL_LCD_Write
</UL>
<BR>[Calls]<UL><LI><a href="#[7b]">&gt;&gt;</a>&nbsp;&nbsp;&nbsp;HAL_GetTick
</UL>
<BR>[Called By]<UL><LI><a href="#[6f]">&gt;&gt;</a>&nbsp;&nbsp;&nbsp;WriteChar
</UL>

<P><STRONG><a name="[82]"></a>HAL_MspInit</STRONG> (Thumb, 2 bytes, Stack size 0 bytes, stm32l4xx_hal_msp.o(i.HAL_MspInit))
<BR><BR>[Called By]<UL><LI><a href="#[7f]">&gt;&gt;</a>&nbsp;&nbsp;&nbsp;HAL_Init
</UL>

<P><STRONG><a name="[6b]"></a>HAL_NVIC_EnableIRQ</STRONG> (Thumb, 22 bytes, Stack size 0 bytes, stm32l4xx_hal_cortex.o(i.HAL_NVIC_EnableIRQ))
<BR><BR>[Called By]<UL><LI><a href="#[a4]">&gt;&gt;</a>&nbsp;&nbsp;&nbsp;I2C_MspInit
<LI><a href="#[68]">&gt;&gt;</a>&nbsp;&nbsp;&nbsp;BSP_JOY_Init
<LI><a href="#[a8]">&gt;&gt;</a>&nbsp;&nbsp;&nbsp;RTC_AlarmAConfig
</UL>

<P><STRONG><a name="[6a]"></a>HAL_NVIC_SetPriority</STRONG> (Thumb, 60 bytes, Stack size 16 bytes, stm32l4xx_hal_cortex.o(i.HAL_NVIC_SetPriority))
<BR><BR>[Stack]<UL><LI>Max Depth = 16<LI>Call Chain = HAL_NVIC_SetPriority
</UL>
<BR>[Calls]<UL><LI><a href="#[87]">&gt;&gt;</a>&nbsp;&nbsp;&nbsp;NVIC_SetPriority
</UL>
<BR>[Called By]<UL><LI><a href="#[a4]">&gt;&gt;</a>&nbsp;&nbsp;&nbsp;I2C_MspInit
<LI><a href="#[81]">&gt;&gt;</a>&nbsp;&nbsp;&nbsp;HAL_InitTick
<LI><a href="#[68]">&gt;&gt;</a>&nbsp;&nbsp;&nbsp;BSP_JOY_Init
<LI><a href="#[a8]">&gt;&gt;</a>&nbsp;&nbsp;&nbsp;RTC_AlarmAConfig
</UL>

<P><STRONG><a name="[80]"></a>HAL_NVIC_SetPriorityGrouping</STRONG> (Thumb, 26 bytes, Stack size 0 bytes, stm32l4xx_hal_cortex.o(i.HAL_NVIC_SetPriorityGrouping))
<BR><BR>[Called By]<UL><LI><a href="#[7f]">&gt;&gt;</a>&nbsp;&nbsp;&nbsp;HAL_Init
</UL>

<P><STRONG><a name="[ad]"></a>HAL_PWREx_ControlVoltageScaling</STRONG> (Thumb, 86 bytes, Stack size 0 bytes, stm32l4xx_hal_pwr_ex.o(i.HAL_PWREx_ControlVoltageScaling))
<BR><BR>[Called By]<UL><LI><a href="#[ac]">&gt;&gt;</a>&nbsp;&nbsp;&nbsp;SystemClock_Config
</UL>

<P><STRONG><a name="[a5]"></a>HAL_PWREx_EnableVddIO2</STRONG> (Thumb, 12 bytes, Stack size 0 bytes, stm32l4xx_hal_pwr_ex.o(i.HAL_PWREx_EnableVddIO2))
<BR><BR>[Called By]<UL><LI><a href="#[a4]">&gt;&gt;</a>&nbsp;&nbsp;&nbsp;I2C_MspInit
</UL>

<P><STRONG><a name="[a7]"></a>HAL_PWREx_GetVoltageRange</STRONG> (Thumb, 10 bytes, Stack size 0 bytes, stm32l4xx_hal_pwr_ex.o(i.HAL_PWREx_GetVoltageRange))
<BR><BR>[Called By]<UL><LI><a href="#[8e]">&gt;&gt;</a>&nbsp;&nbsp;&nbsp;RCC_SetFlashLatencyFromMSIRange
</UL>

<P><STRONG><a name="[aa]"></a>HAL_PWR_EnableBkUpAccess</STRONG> (Thumb, 12 bytes, Stack size 0 bytes, stm32l4xx_hal_pwr.o(i.HAL_PWR_EnableBkUpAccess))
<BR><BR>[Called By]<UL><LI><a href="#[a9]">&gt;&gt;</a>&nbsp;&nbsp;&nbsp;RTC_Config
</UL>

<P><STRONG><a name="[88]"></a>HAL_RCCEx_PeriphCLKConfig</STRONG> (Thumb, 928 bytes, Stack size 40 bytes, stm32l4xx_hal_rcc_ex.o(i.HAL_RCCEx_PeriphCLKConfig))
<BR><BR>[Stack]<UL><LI>Max Depth = 64<LI>Call Chain = HAL_RCCEx_PeriphCLKConfig &rArr; RCCEx_PLLSAI2_Config
</UL>
<BR>[Calls]<UL><LI><a href="#[7b]">&gt;&gt;</a>&nbsp;&nbsp;&nbsp;HAL_GetTick
<LI><a href="#[8a]">&gt;&gt;</a>&nbsp;&nbsp;&nbsp;RCCEx_PLLSAI2_Config
<LI><a href="#[89]">&gt;&gt;</a>&nbsp;&nbsp;&nbsp;RCCEx_PLLSAI1_Config
</UL>
<BR>[Called By]<UL><LI><a href="#[72]">&gt;&gt;</a>&nbsp;&nbsp;&nbsp;LCD_MspInit
<LI><a href="#[a4]">&gt;&gt;</a>&nbsp;&nbsp;&nbsp;I2C_MspInit
</UL>

<P><STRONG><a name="[8b]"></a>HAL_RCC_ClockConfig</STRONG> (Thumb, 368 bytes, Stack size 32 bytes, stm32l4xx_hal_rcc.o(i.HAL_RCC_ClockConfig))
<BR><BR>[Stack]<UL><LI>Max Depth = 56<LI>Call Chain = HAL_RCC_ClockConfig &rArr; HAL_InitTick &rArr; HAL_NVIC_SetPriority
</UL>
<BR>[Calls]<UL><LI><a href="#[81]">&gt;&gt;</a>&nbsp;&nbsp;&nbsp;HAL_InitTick
<LI><a href="#[7b]">&gt;&gt;</a>&nbsp;&nbsp;&nbsp;HAL_GetTick
<LI><a href="#[8c]">&gt;&gt;</a>&nbsp;&nbsp;&nbsp;HAL_RCC_GetSysClockFreq
</UL>
<BR>[Called By]<UL><LI><a href="#[ac]">&gt;&gt;</a>&nbsp;&nbsp;&nbsp;SystemClock_Config
</UL>

<P><STRONG><a name="[8c]"></a>HAL_RCC_GetSysClockFreq</STRONG> (Thumb, 238 bytes, Stack size 16 bytes, stm32l4xx_hal_rcc.o(i.HAL_RCC_GetSysClockFreq))
<BR><BR>[Stack]<UL><LI>Max Depth = 16<LI>Call Chain = HAL_RCC_GetSysClockFreq
</UL>
<BR>[Called By]<UL><LI><a href="#[8d]">&gt;&gt;</a>&nbsp;&nbsp;&nbsp;HAL_RCC_OscConfig
<LI><a href="#[8b]">&gt;&gt;</a>&nbsp;&nbsp;&nbsp;HAL_RCC_ClockConfig
</UL>

<P><STRONG><a name="[8d]"></a>HAL_RCC_OscConfig</STRONG> (Thumb, 1152 bytes, Stack size 32 bytes, stm32l4xx_hal_rcc.o(i.HAL_RCC_OscConfig))
<BR><BR>[Stack]<UL><LI>Max Depth = 56<LI>Call Chain = HAL_RCC_OscConfig &rArr; HAL_InitTick &rArr; HAL_NVIC_SetPriority
</UL>
<BR>[Calls]<UL><LI><a href="#[81]">&gt;&gt;</a>&nbsp;&nbsp;&nbsp;HAL_InitTick
<LI><a href="#[7b]">&gt;&gt;</a>&nbsp;&nbsp;&nbsp;HAL_GetTick
<LI><a href="#[8c]">&gt;&gt;</a>&nbsp;&nbsp;&nbsp;HAL_RCC_GetSysClockFreq
<LI><a href="#[8e]">&gt;&gt;</a>&nbsp;&nbsp;&nbsp;RCC_SetFlashLatencyFromMSIRange
</UL>
<BR>[Called By]<UL><LI><a href="#[72]">&gt;&gt;</a>&nbsp;&nbsp;&nbsp;LCD_MspInit
<LI><a href="#[ac]">&gt;&gt;</a>&nbsp;&nbsp;&nbsp;SystemClock_Config
</UL>

<P><STRONG><a name="[96]"></a>HAL_RTCEx_AlarmBEventCallback</STRONG> (Thumb, 2 bytes, Stack size 0 bytes, stm32l4xx_hal_rtc_ex.o(i.HAL_RTCEx_AlarmBEventCallback))
<BR><BR>[Called By]<UL><LI><a href="#[94]">&gt;&gt;</a>&nbsp;&nbsp;&nbsp;HAL_RTC_AlarmIRQHandler
</UL>

<P><STRONG><a name="[91]"></a>HAL_RTCEx_Tamper1EventCallback</STRONG> (Thumb, 2 bytes, Stack size 0 bytes, stm32l4xx_hal_rtc_ex.o(i.HAL_RTCEx_Tamper1EventCallback))
<BR><BR>[Called By]<UL><LI><a href="#[8f]">&gt;&gt;</a>&nbsp;&nbsp;&nbsp;HAL_RTCEx_TamperTimeStampIRQHandler
</UL>

<P><STRONG><a name="[92]"></a>HAL_RTCEx_Tamper2EventCallback</STRONG> (Thumb, 2 bytes, Stack size 0 bytes, stm32l4xx_hal_rtc_ex.o(i.HAL_RTCEx_Tamper2EventCallback))
<BR><BR>[Called By]<UL><LI><a href="#[8f]">&gt;&gt;</a>&nbsp;&nbsp;&nbsp;HAL_RTCEx_TamperTimeStampIRQHandler
</UL>

<P><STRONG><a name="[93]"></a>HAL_RTCEx_Tamper3EventCallback</STRONG> (Thumb, 2 bytes, Stack size 0 bytes, stm32l4xx_hal_rtc_ex.o(i.HAL_RTCEx_Tamper3EventCallback))
<BR><BR>[Called By]<UL><LI><a href="#[8f]">&gt;&gt;</a>&nbsp;&nbsp;&nbsp;HAL_RTCEx_TamperTimeStampIRQHandler
</UL>

<P><STRONG><a name="[8f]"></a>HAL_RTCEx_TamperTimeStampIRQHandler</STRONG> (Thumb, 212 bytes, Stack size 24 bytes, stm32l4xx_hal_rtc_ex.o(i.HAL_RTCEx_TamperTimeStampIRQHandler))
<BR><BR>[Stack]<UL><LI>Max Depth = 24<LI>Call Chain = HAL_RTCEx_TamperTimeStampIRQHandler
</UL>
<BR>[Calls]<UL><LI><a href="#[90]">&gt;&gt;</a>&nbsp;&nbsp;&nbsp;HAL_RTCEx_TimeStampEventCallback
<LI><a href="#[93]">&gt;&gt;</a>&nbsp;&nbsp;&nbsp;HAL_RTCEx_Tamper3EventCallback
<LI><a href="#[92]">&gt;&gt;</a>&nbsp;&nbsp;&nbsp;HAL_RTCEx_Tamper2EventCallback
<LI><a href="#[91]">&gt;&gt;</a>&nbsp;&nbsp;&nbsp;HAL_RTCEx_Tamper1EventCallback
</UL>
<BR>[Called By]<UL><LI><a href="#[c]">&gt;&gt;</a>&nbsp;&nbsp;&nbsp;TAMP_STAMP_IRQHandler
</UL>

<P><STRONG><a name="[90]"></a>HAL_RTCEx_TimeStampEventCallback</STRONG> (Thumb, 2 bytes, Stack size 0 bytes, stm32l4xx_hal_rtc_ex.o(i.HAL_RTCEx_TimeStampEventCallback))
<BR><BR>[Called By]<UL><LI><a href="#[8f]">&gt;&gt;</a>&nbsp;&nbsp;&nbsp;HAL_RTCEx_TamperTimeStampIRQHandler
</UL>

<P><STRONG><a name="[95]"></a>HAL_RTC_AlarmAEventCallback</STRONG> (Thumb, 8 bytes, Stack size 0 bytes, main.o(i.HAL_RTC_AlarmAEventCallback))
<BR><BR>[Called By]<UL><LI><a href="#[94]">&gt;&gt;</a>&nbsp;&nbsp;&nbsp;HAL_RTC_AlarmIRQHandler
</UL>

<P><STRONG><a name="[94]"></a>HAL_RTC_AlarmIRQHandler</STRONG> (Thumb, 110 bytes, Stack size 8 bytes, stm32l4xx_hal_rtc.o(i.HAL_RTC_AlarmIRQHandler))
<BR><BR>[Stack]<UL><LI>Max Depth = 8<LI>Call Chain = HAL_RTC_AlarmIRQHandler
</UL>
<BR>[Calls]<UL><LI><a href="#[96]">&gt;&gt;</a>&nbsp;&nbsp;&nbsp;HAL_RTCEx_AlarmBEventCallback
<LI><a href="#[95]">&gt;&gt;</a>&nbsp;&nbsp;&nbsp;HAL_RTC_AlarmAEventCallback
</UL>
<BR>[Called By]<UL><LI><a href="#[33]">&gt;&gt;</a>&nbsp;&nbsp;&nbsp;RTC_Alarm_IRQHandler
</UL>

<P><STRONG><a name="[97]"></a>HAL_RTC_GetDate</STRONG> (Thumb, 62 bytes, Stack size 8 bytes, stm32l4xx_hal_rtc.o(i.HAL_RTC_GetDate))
<BR><BR>[Stack]<UL><LI>Max Depth = 8<LI>Call Chain = HAL_RTC_GetDate
</UL>
<BR>[Calls]<UL><LI><a href="#[98]">&gt;&gt;</a>&nbsp;&nbsp;&nbsp;RTC_Bcd2ToByte
</UL>
<BR>[Called By]<UL><LI><a href="#[5b]">&gt;&gt;</a>&nbsp;&nbsp;&nbsp;main
<LI><a href="#[c1]">&gt;&gt;</a>&nbsp;&nbsp;&nbsp;incrementTimeSetting
</UL>

<P><STRONG><a name="[99]"></a>HAL_RTC_GetTime</STRONG> (Thumb, 82 bytes, Stack size 8 bytes, stm32l4xx_hal_rtc.o(i.HAL_RTC_GetTime))
<BR><BR>[Stack]<UL><LI>Max Depth = 8<LI>Call Chain = HAL_RTC_GetTime
</UL>
<BR>[Calls]<UL><LI><a href="#[98]">&gt;&gt;</a>&nbsp;&nbsp;&nbsp;RTC_Bcd2ToByte
</UL>
<BR>[Called By]<UL><LI><a href="#[5b]">&gt;&gt;</a>&nbsp;&nbsp;&nbsp;main
<LI><a href="#[c1]">&gt;&gt;</a>&nbsp;&nbsp;&nbsp;incrementTimeSetting
</UL>

<P><STRONG><a name="[9a]"></a>HAL_RTC_Init</STRONG> (Thumb, 180 bytes, Stack size 16 bytes, stm32l4xx_hal_rtc.o(i.HAL_RTC_Init))
<BR><BR>[Stack]<UL><LI>Max Depth = 32<LI>Call Chain = HAL_RTC_Init &rArr; RTC_EnterInitMode
</UL>
<BR>[Calls]<UL><LI><a href="#[9b]">&gt;&gt;</a>&nbsp;&nbsp;&nbsp;HAL_RTC_MspInit
<LI><a href="#[9c]">&gt;&gt;</a>&nbsp;&nbsp;&nbsp;RTC_EnterInitMode
<LI><a href="#[9d]">&gt;&gt;</a>&nbsp;&nbsp;&nbsp;HAL_RTC_WaitForSynchro
</UL>
<BR>[Called By]<UL><LI><a href="#[a9]">&gt;&gt;</a>&nbsp;&nbsp;&nbsp;RTC_Config
</UL>

<P><STRONG><a name="[9b]"></a>HAL_RTC_MspInit</STRONG> (Thumb, 2 bytes, Stack size 0 bytes, stm32l4xx_hal_rtc.o(i.HAL_RTC_MspInit))
<BR><BR>[Called By]<UL><LI><a href="#[9a]">&gt;&gt;</a>&nbsp;&nbsp;&nbsp;HAL_RTC_Init
</UL>

<P><STRONG><a name="[9e]"></a>HAL_RTC_SetAlarm_IT</STRONG> (Thumb, 410 bytes, Stack size 40 bytes, stm32l4xx_hal_rtc.o(i.HAL_RTC_SetAlarm_IT))
<BR><BR>[Stack]<UL><LI>Max Depth = 40<LI>Call Chain = HAL_RTC_SetAlarm_IT
</UL>
<BR>[Calls]<UL><LI><a href="#[9f]">&gt;&gt;</a>&nbsp;&nbsp;&nbsp;RTC_ByteToBcd2
<LI><a href="#[98]">&gt;&gt;</a>&nbsp;&nbsp;&nbsp;RTC_Bcd2ToByte
<LI><a href="#[7b]">&gt;&gt;</a>&nbsp;&nbsp;&nbsp;HAL_GetTick
</UL>
<BR>[Called By]<UL><LI><a href="#[a8]">&gt;&gt;</a>&nbsp;&nbsp;&nbsp;RTC_AlarmAConfig
</UL>

<P><STRONG><a name="[a0]"></a>HAL_RTC_SetDate</STRONG> (Thumb, 212 bytes, Stack size 32 bytes, stm32l4xx_hal_rtc.o(i.HAL_RTC_SetDate))
<BR><BR>[Stack]<UL><LI>Max Depth = 48<LI>Call Chain = HAL_RTC_SetDate &rArr; RTC_EnterInitMode
</UL>
<BR>[Calls]<UL><LI><a href="#[9c]">&gt;&gt;</a>&nbsp;&nbsp;&nbsp;RTC_EnterInitMode
<LI><a href="#[9f]">&gt;&gt;</a>&nbsp;&nbsp;&nbsp;RTC_ByteToBcd2
<LI><a href="#[98]">&gt;&gt;</a>&nbsp;&nbsp;&nbsp;RTC_Bcd2ToByte
<LI><a href="#[9d]">&gt;&gt;</a>&nbsp;&nbsp;&nbsp;HAL_RTC_WaitForSynchro
</UL>
<BR>[Called By]<UL><LI><a href="#[c1]">&gt;&gt;</a>&nbsp;&nbsp;&nbsp;incrementTimeSetting
<LI><a href="#[a9]">&gt;&gt;</a>&nbsp;&nbsp;&nbsp;RTC_Config
</UL>

<P><STRONG><a name="[a1]"></a>HAL_RTC_SetTime</STRONG> (Thumb, 244 bytes, Stack size 32 bytes, stm32l4xx_hal_rtc.o(i.HAL_RTC_SetTime))
<BR><BR>[Stack]<UL><LI>Max Depth = 48<LI>Call Chain = HAL_RTC_SetTime &rArr; RTC_EnterInitMode
</UL>
<BR>[Calls]<UL><LI><a href="#[9c]">&gt;&gt;</a>&nbsp;&nbsp;&nbsp;RTC_EnterInitMode
<LI><a href="#[9f]">&gt;&gt;</a>&nbsp;&nbsp;&nbsp;RTC_ByteToBcd2
<LI><a href="#[98]">&gt;&gt;</a>&nbsp;&nbsp;&nbsp;RTC_Bcd2ToByte
<LI><a href="#[9d]">&gt;&gt;</a>&nbsp;&nbsp;&nbsp;HAL_RTC_WaitForSynchro
</UL>
<BR>[Called By]<UL><LI><a href="#[c1]">&gt;&gt;</a>&nbsp;&nbsp;&nbsp;incrementTimeSetting
<LI><a href="#[a9]">&gt;&gt;</a>&nbsp;&nbsp;&nbsp;RTC_Config
</UL>

<P><STRONG><a name="[9d]"></a>HAL_RTC_WaitForSynchro</STRONG> (Thumb, 54 bytes, Stack size 16 bytes, stm32l4xx_hal_rtc.o(i.HAL_RTC_WaitForSynchro))
<BR><BR>[Stack]<UL><LI>Max Depth = 16<LI>Call Chain = HAL_RTC_WaitForSynchro
</UL>
<BR>[Calls]<UL><LI><a href="#[7b]">&gt;&gt;</a>&nbsp;&nbsp;&nbsp;HAL_GetTick
</UL>
<BR>[Called By]<UL><LI><a href="#[a1]">&gt;&gt;</a>&nbsp;&nbsp;&nbsp;HAL_RTC_SetTime
<LI><a href="#[a0]">&gt;&gt;</a>&nbsp;&nbsp;&nbsp;HAL_RTC_SetDate
<LI><a href="#[9a]">&gt;&gt;</a>&nbsp;&nbsp;&nbsp;HAL_RTC_Init
<LI><a href="#[a9]">&gt;&gt;</a>&nbsp;&nbsp;&nbsp;RTC_Config
</UL>

<P><STRONG><a name="[83]"></a>HAL_SYSTICK_Config</STRONG> (Thumb, 40 bytes, Stack size 8 bytes, stm32l4xx_hal_cortex.o(i.HAL_SYSTICK_Config))
<BR><BR>[Stack]<UL><LI>Max Depth = 8<LI>Call Chain = HAL_SYSTICK_Config
</UL>
<BR>[Calls]<UL><LI><a href="#[87]">&gt;&gt;</a>&nbsp;&nbsp;&nbsp;NVIC_SetPriority
</UL>
<BR>[Called By]<UL><LI><a href="#[81]">&gt;&gt;</a>&nbsp;&nbsp;&nbsp;HAL_InitTick
</UL>

<P><STRONG><a name="[2]"></a>HardFault_Handler</STRONG> (Thumb, 2 bytes, Stack size 0 bytes, stm32l4xx_it.o(i.HardFault_Handler))
<BR><BR>[Calls]<UL><LI><a href="#[2]">&gt;&gt;</a>&nbsp;&nbsp;&nbsp;HardFault_Handler
</UL>
<BR>[Called By]<UL><LI><a href="#[2]">&gt;&gt;</a>&nbsp;&nbsp;&nbsp;HardFault_Handler
</UL>
<BR>[Address Reference Count : 1]<UL><LI> startup_stm32l476xx.o(RESET)
</UL>
<P><STRONG><a name="[a2]"></a>I2C_Init</STRONG> (Thumb, 58 bytes, Stack size 8 bytes, i2c_at24c64.o(i.I2C_Init))
<BR><BR>[Stack]<UL><LI>Max Depth = 248<LI>Call Chain = I2C_Init &rArr; I2C_MspInit &rArr; HAL_RCCEx_PeriphCLKConfig &rArr; RCCEx_PLLSAI2_Config
</UL>
<BR>[Calls]<UL><LI><a href="#[7d]">&gt;&gt;</a>&nbsp;&nbsp;&nbsp;HAL_I2C_Init
<LI><a href="#[a3]">&gt;&gt;</a>&nbsp;&nbsp;&nbsp;HAL_I2C_GetState
<LI><a href="#[a4]">&gt;&gt;</a>&nbsp;&nbsp;&nbsp;I2C_MspInit
</UL>
<BR>[Called By]<UL><LI><a href="#[5b]">&gt;&gt;</a>&nbsp;&nbsp;&nbsp;main
</UL>

<P><STRONG><a name="[85]"></a>LCD_WaitForSynchro</STRONG> (Thumb, 48 bytes, Stack size 16 bytes, stm32l4xx_hal_lcd.o(i.LCD_WaitForSynchro))
<BR><BR>[Stack]<UL><LI>Max Depth = 16<LI>Call Chain = LCD_WaitForSynchro
</UL>
<BR>[Calls]<UL><LI><a href="#[7b]">&gt;&gt;</a>&nbsp;&nbsp;&nbsp;HAL_GetTick
</UL>
<BR>[Called By]<UL><LI><a href="#[73]">&gt;&gt;</a>&nbsp;&nbsp;&nbsp;HAL_LCD_Init
</UL>

<P><STRONG><a name="[3]"></a>MemManage_Handler</STRONG> (Thumb, 2 bytes, Stack size 0 bytes, stm32l4xx_it.o(i.MemManage_Handler))
<BR><BR>[Calls]<UL><LI><a href="#[3]">&gt;&gt;</a>&nbsp;&nbsp;&nbsp;MemManage_Handler
</UL>
<BR>[Called By]<UL><LI><a href="#[3]">&gt;&gt;</a>&nbsp;&nbsp;&nbsp;MemManage_Handler
</UL>
<BR>[Address Reference Count : 1]<UL><LI> startup_stm32l476xx.o(RESET)
</UL>
<P><STRONG><a name="[1]"></a>NMI_Handler</STRONG> (Thumb, 2 bytes, Stack size 0 bytes, stm32l4xx_it.o(i.NMI_Handler))
<BR>[Address Reference Count : 1]<UL><LI> startup_stm32l476xx.o(RESET)
</UL>
<P><STRONG><a name="[8]"></a>PendSV_Handler</STRONG> (Thumb, 2 bytes, Stack size 0 bytes, stm32l4xx_it.o(i.PendSV_Handler))
<BR>[Address Reference Count : 1]<UL><LI> startup_stm32l476xx.o(RESET)
</UL>
<P><STRONG><a name="[a8]"></a>RTC_AlarmAConfig</STRONG> (Thumb, 74 bytes, Stack size 48 bytes, main.o(i.RTC_AlarmAConfig))
<BR><BR>[Stack]<UL><LI>Max Depth = 120<LI>Call Chain = RTC_AlarmAConfig &rArr; BSP_LCD_GLASS_DisplayString &rArr; WriteChar &rArr; HAL_LCD_Write
</UL>
<BR>[Calls]<UL><LI><a href="#[9e]">&gt;&gt;</a>&nbsp;&nbsp;&nbsp;HAL_RTC_SetAlarm_IT
<LI><a href="#[6a]">&gt;&gt;</a>&nbsp;&nbsp;&nbsp;HAL_NVIC_SetPriority
<LI><a href="#[6b]">&gt;&gt;</a>&nbsp;&nbsp;&nbsp;HAL_NVIC_EnableIRQ
<LI><a href="#[6e]">&gt;&gt;</a>&nbsp;&nbsp;&nbsp;BSP_LCD_GLASS_DisplayString
<LI><a href="#[6c]">&gt;&gt;</a>&nbsp;&nbsp;&nbsp;BSP_LCD_GLASS_Clear
</UL>
<BR>[Called By]<UL><LI><a href="#[5b]">&gt;&gt;</a>&nbsp;&nbsp;&nbsp;main
</UL>

<P><STRONG><a name="[33]"></a>RTC_Alarm_IRQHandler</STRONG> (Thumb, 6 bytes, Stack size 0 bytes, stm32l4xx_it.o(i.RTC_Alarm_IRQHandler))
<BR><BR>[Stack]<UL><LI>Max Depth = 8<LI>Call Chain = RTC_Alarm_IRQHandler &rArr; HAL_RTC_AlarmIRQHandler
</UL>
<BR>[Calls]<UL><LI><a href="#[94]">&gt;&gt;</a>&nbsp;&nbsp;&nbsp;HAL_RTC_AlarmIRQHandler
</UL>
<BR>[Address Reference Count : 1]<UL><LI> startup_stm32l476xx.o(RESET)
</UL>
<P><STRONG><a name="[98]"></a>RTC_Bcd2ToByte</STRONG> (Thumb, 18 bytes, Stack size 0 bytes, stm32l4xx_hal_rtc.o(i.RTC_Bcd2ToByte))
<BR><BR>[Called By]<UL><LI><a href="#[a1]">&gt;&gt;</a>&nbsp;&nbsp;&nbsp;HAL_RTC_SetTime
<LI><a href="#[a0]">&gt;&gt;</a>&nbsp;&nbsp;&nbsp;HAL_RTC_SetDate
<LI><a href="#[9e]">&gt;&gt;</a>&nbsp;&nbsp;&nbsp;HAL_RTC_SetAlarm_IT
<LI><a href="#[99]">&gt;&gt;</a>&nbsp;&nbsp;&nbsp;HAL_RTC_GetTime
<LI><a href="#[97]">&gt;&gt;</a>&nbsp;&nbsp;&nbsp;HAL_RTC_GetDate
</UL>

<P><STRONG><a name="[9f]"></a>RTC_ByteToBcd2</STRONG> (Thumb, 22 bytes, Stack size 0 bytes, stm32l4xx_hal_rtc.o(i.RTC_ByteToBcd2))
<BR><BR>[Called By]<UL><LI><a href="#[a1]">&gt;&gt;</a>&nbsp;&nbsp;&nbsp;HAL_RTC_SetTime
<LI><a href="#[a0]">&gt;&gt;</a>&nbsp;&nbsp;&nbsp;HAL_RTC_SetDate
<LI><a href="#[9e]">&gt;&gt;</a>&nbsp;&nbsp;&nbsp;HAL_RTC_SetAlarm_IT
</UL>

<P><STRONG><a name="[a9]"></a>RTC_Config</STRONG> (Thumb, 322 bytes, Stack size 48 bytes, main.o(i.RTC_Config))
<BR><BR>[Stack]<UL><LI>Max Depth = 120<LI>Call Chain = RTC_Config &rArr; BSP_LCD_GLASS_DisplayString &rArr; WriteChar &rArr; HAL_LCD_Write
</UL>
<BR>[Calls]<UL><LI><a href="#[9d]">&gt;&gt;</a>&nbsp;&nbsp;&nbsp;HAL_RTC_WaitForSynchro
<LI><a href="#[a1]">&gt;&gt;</a>&nbsp;&nbsp;&nbsp;HAL_RTC_SetTime
<LI><a href="#[a0]">&gt;&gt;</a>&nbsp;&nbsp;&nbsp;HAL_RTC_SetDate
<LI><a href="#[9a]">&gt;&gt;</a>&nbsp;&nbsp;&nbsp;HAL_RTC_Init
<LI><a href="#[aa]">&gt;&gt;</a>&nbsp;&nbsp;&nbsp;HAL_PWR_EnableBkUpAccess
<LI><a href="#[6e]">&gt;&gt;</a>&nbsp;&nbsp;&nbsp;BSP_LCD_GLASS_DisplayString
<LI><a href="#[6c]">&gt;&gt;</a>&nbsp;&nbsp;&nbsp;BSP_LCD_GLASS_Clear
</UL>
<BR>[Called By]<UL><LI><a href="#[5b]">&gt;&gt;</a>&nbsp;&nbsp;&nbsp;main
</UL>

<P><STRONG><a name="[9c]"></a>RTC_EnterInitMode</STRONG> (Thumb, 58 bytes, Stack size 16 bytes, stm32l4xx_hal_rtc.o(i.RTC_EnterInitMode))
<BR><BR>[Stack]<UL><LI>Max Depth = 16<LI>Call Chain = RTC_EnterInitMode
</UL>
<BR>[Calls]<UL><LI><a href="#[7b]">&gt;&gt;</a>&nbsp;&nbsp;&nbsp;HAL_GetTick
</UL>
<BR>[Called By]<UL><LI><a href="#[a1]">&gt;&gt;</a>&nbsp;&nbsp;&nbsp;HAL_RTC_SetTime
<LI><a href="#[a0]">&gt;&gt;</a>&nbsp;&nbsp;&nbsp;HAL_RTC_SetDate
<LI><a href="#[9a]">&gt;&gt;</a>&nbsp;&nbsp;&nbsp;HAL_RTC_Init
</UL>

<P><STRONG><a name="[6]"></a>SVC_Handler</STRONG> (Thumb, 2 bytes, Stack size 0 bytes, stm32l4xx_it.o(i.SVC_Handler))
<BR>[Address Reference Count : 1]<UL><LI> startup_stm32l476xx.o(RESET)
</UL>
<P><STRONG><a name="[9]"></a>SysTick_Handler</STRONG> (Thumb, 4 bytes, Stack size 0 bytes, stm32l4xx_it.o(i.SysTick_Handler))
<BR><BR>[Calls]<UL><LI><a href="#[ab]">&gt;&gt;</a>&nbsp;&nbsp;&nbsp;HAL_IncTick
</UL>
<BR>[Address Reference Count : 1]<UL><LI> startup_stm32l476xx.o(RESET)
</UL>
<P><STRONG><a name="[5c]"></a>SystemInit</STRONG> (Thumb, 56 bytes, Stack size 0 bytes, system_stm32l4xx.o(i.SystemInit))
<BR>[Address Reference Count : 1]<UL><LI> startup_stm32l476xx.o(.text)
</UL>
<P><STRONG><a name="[c]"></a>TAMP_STAMP_IRQHandler</STRONG> (Thumb, 6 bytes, Stack size 0 bytes, stm32l4xx_it.o(i.TAMP_STAMP_IRQHandler))
<BR><BR>[Stack]<UL><LI>Max Depth = 24<LI>Call Chain = TAMP_STAMP_IRQHandler &rArr; HAL_RTCEx_TamperTimeStampIRQHandler
</UL>
<BR>[Calls]<UL><LI><a href="#[8f]">&gt;&gt;</a>&nbsp;&nbsp;&nbsp;HAL_RTCEx_TamperTimeStampIRQHandler
</UL>
<BR>[Address Reference Count : 1]<UL><LI> startup_stm32l476xx.o(RESET)
</UL>
<P><STRONG><a name="[27]"></a>TIM3_IRQHandler</STRONG> (Thumb, 2 bytes, Stack size 0 bytes, stm32l4xx_it.o(i.TIM3_IRQHandler))
<BR>[Address Reference Count : 1]<UL><LI> startup_stm32l476xx.o(RESET)
</UL>
<P><STRONG><a name="[28]"></a>TIM4_IRQHandler</STRONG> (Thumb, 2 bytes, Stack size 0 bytes, stm32l4xx_it.o(i.TIM4_IRQHandler))
<BR>[Address Reference Count : 1]<UL><LI> startup_stm32l476xx.o(RESET)
</UL>
<P><STRONG><a name="[5]"></a>UsageFault_Handler</STRONG> (Thumb, 2 bytes, Stack size 0 bytes, stm32l4xx_it.o(i.UsageFault_Handler))
<BR><BR>[Calls]<UL><LI><a href="#[5]">&gt;&gt;</a>&nbsp;&nbsp;&nbsp;UsageFault_Handler
</UL>
<BR>[Called By]<UL><LI><a href="#[5]">&gt;&gt;</a>&nbsp;&nbsp;&nbsp;UsageFault_Handler
</UL>
<BR>[Address Reference Count : 1]<UL><LI> startup_stm32l476xx.o(RESET)
</UL>
<P><STRONG><a name="[af]"></a>__0snprintf$6</STRONG> (Thumb, 44 bytes, Stack size 32 bytes, printf6.o(i.__0snprintf$6), UNUSED)
<BR><BR>[Calls]<UL><LI><a href="#[b0]">&gt;&gt;</a>&nbsp;&nbsp;&nbsp;_printf_core
</UL>

<P><STRONG><a name="[d5]"></a>__1snprintf$6</STRONG> (Thumb, 0 bytes, Stack size 32 bytes, printf6.o(i.__0snprintf$6), UNUSED)

<P><STRONG><a name="[b6]"></a>__2snprintf</STRONG> (Thumb, 0 bytes, Stack size 32 bytes, printf6.o(i.__0snprintf$6))
<BR><BR>[Stack]<UL><LI>Max Depth = 32<LI>Call Chain = __2snprintf
</UL>
<BR>[Called By]<UL><LI><a href="#[ba]">&gt;&gt;</a>&nbsp;&nbsp;&nbsp;displayTime
<LI><a href="#[b9]">&gt;&gt;</a>&nbsp;&nbsp;&nbsp;displaySetTime
<LI><a href="#[b7]">&gt;&gt;</a>&nbsp;&nbsp;&nbsp;displayPastTimes
<LI><a href="#[b4]">&gt;&gt;</a>&nbsp;&nbsp;&nbsp;displayDate
</UL>

<P><STRONG><a name="[d6]"></a>__scatterload_copy</STRONG> (Thumb, 14 bytes, Stack size unknown bytes, handlers.o(i.__scatterload_copy), UNUSED)

<P><STRONG><a name="[d7]"></a>__scatterload_null</STRONG> (Thumb, 2 bytes, Stack size unknown bytes, handlers.o(i.__scatterload_null), UNUSED)

<P><STRONG><a name="[d8]"></a>__scatterload_zeroinit</STRONG> (Thumb, 14 bytes, Stack size unknown bytes, handlers.o(i.__scatterload_zeroinit), UNUSED)

<P><STRONG><a name="[c4]"></a>clearJoystickFlags</STRONG> (Thumb, 18 bytes, Stack size 0 bytes, main.o(i.clearJoystickFlags))
<BR><BR>[Called By]<UL><LI><a href="#[c7]">&gt;&gt;</a>&nbsp;&nbsp;&nbsp;startSetTimeState
<LI><a href="#[c8]">&gt;&gt;</a>&nbsp;&nbsp;&nbsp;startDisplayTimeState
<LI><a href="#[c6]">&gt;&gt;</a>&nbsp;&nbsp;&nbsp;startDisplayPastTimesState
<LI><a href="#[c5]">&gt;&gt;</a>&nbsp;&nbsp;&nbsp;startDisplayDateState
<LI><a href="#[5b]">&gt;&gt;</a>&nbsp;&nbsp;&nbsp;main
</UL>

<P><STRONG><a name="[b4]"></a>displayDate</STRONG> (Thumb, 60 bytes, Stack size 24 bytes, main.o(i.displayDate))
<BR><BR>[Stack]<UL><LI>Max Depth = 144<LI>Call Chain = displayDate &rArr; BSP_LCD_GLASS_ScrollSentence &rArr; BSP_LCD_GLASS_DisplayString &rArr; WriteChar &rArr; HAL_LCD_Write
</UL>
<BR>[Calls]<UL><LI><a href="#[74]">&gt;&gt;</a>&nbsp;&nbsp;&nbsp;BSP_LCD_GLASS_ScrollSentence
<LI><a href="#[b5]">&gt;&gt;</a>&nbsp;&nbsp;&nbsp;bcd_decimal
<LI><a href="#[b6]">&gt;&gt;</a>&nbsp;&nbsp;&nbsp;__2snprintf
</UL>
<BR>[Called By]<UL><LI><a href="#[c5]">&gt;&gt;</a>&nbsp;&nbsp;&nbsp;startDisplayDateState
<LI><a href="#[5b]">&gt;&gt;</a>&nbsp;&nbsp;&nbsp;main
</UL>

<P><STRONG><a name="[b7]"></a>displayPastTimes</STRONG> (Thumb, 76 bytes, Stack size 32 bytes, main.o(i.displayPastTimes))
<BR><BR>[Stack]<UL><LI>Max Depth = 152<LI>Call Chain = displayPastTimes &rArr; BSP_LCD_GLASS_ScrollSentence &rArr; BSP_LCD_GLASS_DisplayString &rArr; WriteChar &rArr; HAL_LCD_Write
</UL>
<BR>[Calls]<UL><LI><a href="#[74]">&gt;&gt;</a>&nbsp;&nbsp;&nbsp;BSP_LCD_GLASS_ScrollSentence
<LI><a href="#[6c]">&gt;&gt;</a>&nbsp;&nbsp;&nbsp;BSP_LCD_GLASS_Clear
<LI><a href="#[b8]">&gt;&gt;</a>&nbsp;&nbsp;&nbsp;getPastTimes
<LI><a href="#[b6]">&gt;&gt;</a>&nbsp;&nbsp;&nbsp;__2snprintf
</UL>
<BR>[Called By]<UL><LI><a href="#[c6]">&gt;&gt;</a>&nbsp;&nbsp;&nbsp;startDisplayPastTimesState
</UL>

<P><STRONG><a name="[b9]"></a>displaySetTime</STRONG> (Thumb, 40 bytes, Stack size 16 bytes, main.o(i.displaySetTime))
<BR><BR>[Stack]<UL><LI>Max Depth = 88<LI>Call Chain = displaySetTime &rArr; BSP_LCD_GLASS_DisplayString &rArr; WriteChar &rArr; HAL_LCD_Write
</UL>
<BR>[Calls]<UL><LI><a href="#[6e]">&gt;&gt;</a>&nbsp;&nbsp;&nbsp;BSP_LCD_GLASS_DisplayString
<LI><a href="#[6c]">&gt;&gt;</a>&nbsp;&nbsp;&nbsp;BSP_LCD_GLASS_Clear
<LI><a href="#[b5]">&gt;&gt;</a>&nbsp;&nbsp;&nbsp;bcd_decimal
<LI><a href="#[b6]">&gt;&gt;</a>&nbsp;&nbsp;&nbsp;__2snprintf
</UL>
<BR>[Called By]<UL><LI><a href="#[c3]">&gt;&gt;</a>&nbsp;&nbsp;&nbsp;updateTimeSetScreen
</UL>

<P><STRONG><a name="[ba]"></a>displayTime</STRONG> (Thumb, 60 bytes, Stack size 24 bytes, main.o(i.displayTime))
<BR><BR>[Stack]<UL><LI>Max Depth = 96<LI>Call Chain = displayTime &rArr; BSP_LCD_GLASS_DisplayString &rArr; WriteChar &rArr; HAL_LCD_Write
</UL>
<BR>[Calls]<UL><LI><a href="#[6e]">&gt;&gt;</a>&nbsp;&nbsp;&nbsp;BSP_LCD_GLASS_DisplayString
<LI><a href="#[6c]">&gt;&gt;</a>&nbsp;&nbsp;&nbsp;BSP_LCD_GLASS_Clear
<LI><a href="#[b5]">&gt;&gt;</a>&nbsp;&nbsp;&nbsp;bcd_decimal
<LI><a href="#[b6]">&gt;&gt;</a>&nbsp;&nbsp;&nbsp;__2snprintf
</UL>
<BR>[Called By]<UL><LI><a href="#[c8]">&gt;&gt;</a>&nbsp;&nbsp;&nbsp;startDisplayTimeState
<LI><a href="#[5b]">&gt;&gt;</a>&nbsp;&nbsp;&nbsp;main
</UL>

<P><STRONG><a name="[b8]"></a>getPastTimes</STRONG> (Thumb, 26 bytes, Stack size 0 bytes, main.o(i.getPastTimes))
<BR><BR>[Called By]<UL><LI><a href="#[b7]">&gt;&gt;</a>&nbsp;&nbsp;&nbsp;displayPastTimes
</UL>

<P><STRONG><a name="[bb]"></a>incrementDay</STRONG> (Thumb, 28 bytes, Stack size 8 bytes, main.o(i.incrementDay))
<BR><BR>[Stack]<UL><LI>Max Depth = 8<LI>Call Chain = incrementDay
</UL>
<BR>[Calls]<UL><LI><a href="#[bc]">&gt;&gt;</a>&nbsp;&nbsp;&nbsp;decimal_bcd
<LI><a href="#[b5]">&gt;&gt;</a>&nbsp;&nbsp;&nbsp;bcd_decimal
</UL>
<BR>[Called By]<UL><LI><a href="#[c1]">&gt;&gt;</a>&nbsp;&nbsp;&nbsp;incrementTimeSetting
</UL>

<P><STRONG><a name="[bd]"></a>incrementHour</STRONG> (Thumb, 28 bytes, Stack size 8 bytes, main.o(i.incrementHour))
<BR><BR>[Stack]<UL><LI>Max Depth = 8<LI>Call Chain = incrementHour
</UL>
<BR>[Calls]<UL><LI><a href="#[bc]">&gt;&gt;</a>&nbsp;&nbsp;&nbsp;decimal_bcd
<LI><a href="#[b5]">&gt;&gt;</a>&nbsp;&nbsp;&nbsp;bcd_decimal
</UL>
<BR>[Called By]<UL><LI><a href="#[c1]">&gt;&gt;</a>&nbsp;&nbsp;&nbsp;incrementTimeSetting
</UL>

<P><STRONG><a name="[be]"></a>incrementMinute</STRONG> (Thumb, 28 bytes, Stack size 8 bytes, main.o(i.incrementMinute))
<BR><BR>[Stack]<UL><LI>Max Depth = 8<LI>Call Chain = incrementMinute
</UL>
<BR>[Calls]<UL><LI><a href="#[bc]">&gt;&gt;</a>&nbsp;&nbsp;&nbsp;decimal_bcd
<LI><a href="#[b5]">&gt;&gt;</a>&nbsp;&nbsp;&nbsp;bcd_decimal
</UL>
<BR>[Called By]<UL><LI><a href="#[c1]">&gt;&gt;</a>&nbsp;&nbsp;&nbsp;incrementTimeSetting
</UL>

<P><STRONG><a name="[bf]"></a>incrementMonth</STRONG> (Thumb, 28 bytes, Stack size 8 bytes, main.o(i.incrementMonth))
<BR><BR>[Stack]<UL><LI>Max Depth = 8<LI>Call Chain = incrementMonth
</UL>
<BR>[Calls]<UL><LI><a href="#[bc]">&gt;&gt;</a>&nbsp;&nbsp;&nbsp;decimal_bcd
<LI><a href="#[b5]">&gt;&gt;</a>&nbsp;&nbsp;&nbsp;bcd_decimal
</UL>
<BR>[Called By]<UL><LI><a href="#[c1]">&gt;&gt;</a>&nbsp;&nbsp;&nbsp;incrementTimeSetting
</UL>

<P><STRONG><a name="[c0]"></a>incrementSecond</STRONG> (Thumb, 28 bytes, Stack size 8 bytes, main.o(i.incrementSecond))
<BR><BR>[Stack]<UL><LI>Max Depth = 8<LI>Call Chain = incrementSecond
</UL>
<BR>[Calls]<UL><LI><a href="#[bc]">&gt;&gt;</a>&nbsp;&nbsp;&nbsp;decimal_bcd
<LI><a href="#[b5]">&gt;&gt;</a>&nbsp;&nbsp;&nbsp;bcd_decimal
</UL>
<BR>[Called By]<UL><LI><a href="#[c1]">&gt;&gt;</a>&nbsp;&nbsp;&nbsp;incrementTimeSetting
</UL>

<P><STRONG><a name="[c1]"></a>incrementTimeSetting</STRONG> (Thumb, 116 bytes, Stack size 8 bytes, main.o(i.incrementTimeSetting))
<BR><BR>[Stack]<UL><LI>Max Depth = 96<LI>Call Chain = incrementTimeSetting &rArr; updateTimeSetScreen &rArr; displaySetTime &rArr; BSP_LCD_GLASS_DisplayString &rArr; WriteChar &rArr; HAL_LCD_Write
</UL>
<BR>[Calls]<UL><LI><a href="#[a1]">&gt;&gt;</a>&nbsp;&nbsp;&nbsp;HAL_RTC_SetTime
<LI><a href="#[a0]">&gt;&gt;</a>&nbsp;&nbsp;&nbsp;HAL_RTC_SetDate
<LI><a href="#[99]">&gt;&gt;</a>&nbsp;&nbsp;&nbsp;HAL_RTC_GetTime
<LI><a href="#[97]">&gt;&gt;</a>&nbsp;&nbsp;&nbsp;HAL_RTC_GetDate
<LI><a href="#[c3]">&gt;&gt;</a>&nbsp;&nbsp;&nbsp;updateTimeSetScreen
<LI><a href="#[c2]">&gt;&gt;</a>&nbsp;&nbsp;&nbsp;incrementYear
<LI><a href="#[c0]">&gt;&gt;</a>&nbsp;&nbsp;&nbsp;incrementSecond
<LI><a href="#[bf]">&gt;&gt;</a>&nbsp;&nbsp;&nbsp;incrementMonth
<LI><a href="#[be]">&gt;&gt;</a>&nbsp;&nbsp;&nbsp;incrementMinute
<LI><a href="#[bd]">&gt;&gt;</a>&nbsp;&nbsp;&nbsp;incrementHour
<LI><a href="#[bb]">&gt;&gt;</a>&nbsp;&nbsp;&nbsp;incrementDay
</UL>
<BR>[Called By]<UL><LI><a href="#[5b]">&gt;&gt;</a>&nbsp;&nbsp;&nbsp;main
</UL>

<P><STRONG><a name="[c9]"></a>incrementTimeSettingState</STRONG> (Thumb, 18 bytes, Stack size 0 bytes, main.o(i.incrementTimeSettingState))
<BR><BR>[Called By]<UL><LI><a href="#[5b]">&gt;&gt;</a>&nbsp;&nbsp;&nbsp;main
</UL>

<P><STRONG><a name="[c2]"></a>incrementYear</STRONG> (Thumb, 28 bytes, Stack size 8 bytes, main.o(i.incrementYear))
<BR><BR>[Stack]<UL><LI>Max Depth = 8<LI>Call Chain = incrementYear
</UL>
<BR>[Calls]<UL><LI><a href="#[bc]">&gt;&gt;</a>&nbsp;&nbsp;&nbsp;decimal_bcd
<LI><a href="#[b5]">&gt;&gt;</a>&nbsp;&nbsp;&nbsp;bcd_decimal
</UL>
<BR>[Called By]<UL><LI><a href="#[c1]">&gt;&gt;</a>&nbsp;&nbsp;&nbsp;incrementTimeSetting
</UL>

<P><STRONG><a name="[5b]"></a>main</STRONG> (Thumb, 334 bytes, Stack size 0 bytes, main.o(i.main))
<BR><BR>[Stack]<UL><LI>Max Depth = 312<LI>Call Chain = main &rArr; BSP_LCD_GLASS_Init &rArr; LCD_MspInit &rArr; HAL_RCCEx_PeriphCLKConfig &rArr; RCCEx_PLLSAI2_Config
</UL>
<BR>[Calls]<UL><LI><a href="#[a2]">&gt;&gt;</a>&nbsp;&nbsp;&nbsp;I2C_Init
<LI><a href="#[99]">&gt;&gt;</a>&nbsp;&nbsp;&nbsp;HAL_RTC_GetTime
<LI><a href="#[97]">&gt;&gt;</a>&nbsp;&nbsp;&nbsp;HAL_RTC_GetDate
<LI><a href="#[81]">&gt;&gt;</a>&nbsp;&nbsp;&nbsp;HAL_InitTick
<LI><a href="#[7f]">&gt;&gt;</a>&nbsp;&nbsp;&nbsp;HAL_Init
<LI><a href="#[7b]">&gt;&gt;</a>&nbsp;&nbsp;&nbsp;HAL_GetTick
<LI><a href="#[75]">&gt;&gt;</a>&nbsp;&nbsp;&nbsp;HAL_Delay
<LI><a href="#[78]">&gt;&gt;</a>&nbsp;&nbsp;&nbsp;BSP_LED_Toggle
<LI><a href="#[76]">&gt;&gt;</a>&nbsp;&nbsp;&nbsp;BSP_LED_Init
<LI><a href="#[71]">&gt;&gt;</a>&nbsp;&nbsp;&nbsp;BSP_LCD_GLASS_Init
<LI><a href="#[6e]">&gt;&gt;</a>&nbsp;&nbsp;&nbsp;BSP_LCD_GLASS_DisplayString
<LI><a href="#[68]">&gt;&gt;</a>&nbsp;&nbsp;&nbsp;BSP_JOY_Init
<LI><a href="#[66]">&gt;&gt;</a>&nbsp;&nbsp;&nbsp;BSP_JOY_GetState
<LI><a href="#[c3]">&gt;&gt;</a>&nbsp;&nbsp;&nbsp;updateTimeSetScreen
<LI><a href="#[c7]">&gt;&gt;</a>&nbsp;&nbsp;&nbsp;startSetTimeState
<LI><a href="#[c8]">&gt;&gt;</a>&nbsp;&nbsp;&nbsp;startDisplayTimeState
<LI><a href="#[c6]">&gt;&gt;</a>&nbsp;&nbsp;&nbsp;startDisplayPastTimesState
<LI><a href="#[c5]">&gt;&gt;</a>&nbsp;&nbsp;&nbsp;startDisplayDateState
<LI><a href="#[c9]">&gt;&gt;</a>&nbsp;&nbsp;&nbsp;incrementTimeSettingState
<LI><a href="#[c1]">&gt;&gt;</a>&nbsp;&nbsp;&nbsp;incrementTimeSetting
<LI><a href="#[ba]">&gt;&gt;</a>&nbsp;&nbsp;&nbsp;displayTime
<LI><a href="#[b4]">&gt;&gt;</a>&nbsp;&nbsp;&nbsp;displayDate
<LI><a href="#[c4]">&gt;&gt;</a>&nbsp;&nbsp;&nbsp;clearJoystickFlags
<LI><a href="#[a9]">&gt;&gt;</a>&nbsp;&nbsp;&nbsp;RTC_Config
<LI><a href="#[a8]">&gt;&gt;</a>&nbsp;&nbsp;&nbsp;RTC_AlarmAConfig
<LI><a href="#[ac]">&gt;&gt;</a>&nbsp;&nbsp;&nbsp;SystemClock_Config
</UL>
<BR>[Address Reference Count : 1]<UL><LI> entry9a.o(.ARM.Collect$$$$0000000B)
</UL>
<P><STRONG><a name="[c5]"></a>startDisplayDateState</STRONG> (Thumb, 20 bytes, Stack size 8 bytes, main.o(i.startDisplayDateState))
<BR><BR>[Stack]<UL><LI>Max Depth = 152<LI>Call Chain = startDisplayDateState &rArr; displayDate &rArr; BSP_LCD_GLASS_ScrollSentence &rArr; BSP_LCD_GLASS_DisplayString &rArr; WriteChar &rArr; HAL_LCD_Write
</UL>
<BR>[Calls]<UL><LI><a href="#[b4]">&gt;&gt;</a>&nbsp;&nbsp;&nbsp;displayDate
<LI><a href="#[c4]">&gt;&gt;</a>&nbsp;&nbsp;&nbsp;clearJoystickFlags
</UL>
<BR>[Called By]<UL><LI><a href="#[5b]">&gt;&gt;</a>&nbsp;&nbsp;&nbsp;main
</UL>

<P><STRONG><a name="[c6]"></a>startDisplayPastTimesState</STRONG> (Thumb, 20 bytes, Stack size 8 bytes, main.o(i.startDisplayPastTimesState))
<BR><BR>[Stack]<UL><LI>Max Depth = 160<LI>Call Chain = startDisplayPastTimesState &rArr; displayPastTimes &rArr; BSP_LCD_GLASS_ScrollSentence &rArr; BSP_LCD_GLASS_DisplayString &rArr; WriteChar &rArr; HAL_LCD_Write
</UL>
<BR>[Calls]<UL><LI><a href="#[b7]">&gt;&gt;</a>&nbsp;&nbsp;&nbsp;displayPastTimes
<LI><a href="#[c4]">&gt;&gt;</a>&nbsp;&nbsp;&nbsp;clearJoystickFlags
</UL>
<BR>[Called By]<UL><LI><a href="#[5b]">&gt;&gt;</a>&nbsp;&nbsp;&nbsp;main
</UL>

<P><STRONG><a name="[c8]"></a>startDisplayTimeState</STRONG> (Thumb, 20 bytes, Stack size 8 bytes, main.o(i.startDisplayTimeState))
<BR><BR>[Stack]<UL><LI>Max Depth = 104<LI>Call Chain = startDisplayTimeState &rArr; displayTime &rArr; BSP_LCD_GLASS_DisplayString &rArr; WriteChar &rArr; HAL_LCD_Write
</UL>
<BR>[Calls]<UL><LI><a href="#[ba]">&gt;&gt;</a>&nbsp;&nbsp;&nbsp;displayTime
<LI><a href="#[c4]">&gt;&gt;</a>&nbsp;&nbsp;&nbsp;clearJoystickFlags
</UL>
<BR>[Called By]<UL><LI><a href="#[5b]">&gt;&gt;</a>&nbsp;&nbsp;&nbsp;main
</UL>

<P><STRONG><a name="[c7]"></a>startSetTimeState</STRONG> (Thumb, 22 bytes, Stack size 8 bytes, main.o(i.startSetTimeState))
<BR><BR>[Stack]<UL><LI>Max Depth = 96<LI>Call Chain = startSetTimeState &rArr; updateTimeSetScreen &rArr; displaySetTime &rArr; BSP_LCD_GLASS_DisplayString &rArr; WriteChar &rArr; HAL_LCD_Write
</UL>
<BR>[Calls]<UL><LI><a href="#[c3]">&gt;&gt;</a>&nbsp;&nbsp;&nbsp;updateTimeSetScreen
<LI><a href="#[c4]">&gt;&gt;</a>&nbsp;&nbsp;&nbsp;clearJoystickFlags
</UL>
<BR>[Called By]<UL><LI><a href="#[5b]">&gt;&gt;</a>&nbsp;&nbsp;&nbsp;main
</UL>

<P><STRONG><a name="[c3]"></a>updateTimeSetScreen</STRONG> (Thumb, 76 bytes, Stack size 0 bytes, main.o(i.updateTimeSetScreen))
<BR><BR>[Stack]<UL><LI>Max Depth = 88<LI>Call Chain = updateTimeSetScreen &rArr; displaySetTime &rArr; BSP_LCD_GLASS_DisplayString &rArr; WriteChar &rArr; HAL_LCD_Write
</UL>
<BR>[Calls]<UL><LI><a href="#[b9]">&gt;&gt;</a>&nbsp;&nbsp;&nbsp;displaySetTime
</UL>
<BR>[Called By]<UL><LI><a href="#[c7]">&gt;&gt;</a>&nbsp;&nbsp;&nbsp;startSetTimeState
<LI><a href="#[5b]">&gt;&gt;</a>&nbsp;&nbsp;&nbsp;main
<LI><a href="#[c1]">&gt;&gt;</a>&nbsp;&nbsp;&nbsp;incrementTimeSetting
</UL>
<P>
<H3>
Local Symbols
</H3>
<P><STRONG><a name="[ac]"></a>SystemClock_Config</STRONG> (Thumb, 136 bytes, Stack size 104 bytes, main.o(i.SystemClock_Config))
<BR><BR>[Stack]<UL><LI>Max Depth = 160<LI>Call Chain = SystemClock_Config &rArr; HAL_RCC_OscConfig &rArr; HAL_InitTick &rArr; HAL_NVIC_SetPriority
</UL>
<BR>[Calls]<UL><LI><a href="#[a6]">&gt;&gt;</a>&nbsp;&nbsp;&nbsp;__aeabi_memclr4
<LI><a href="#[8d]">&gt;&gt;</a>&nbsp;&nbsp;&nbsp;HAL_RCC_OscConfig
<LI><a href="#[8b]">&gt;&gt;</a>&nbsp;&nbsp;&nbsp;HAL_RCC_ClockConfig
<LI><a href="#[ad]">&gt;&gt;</a>&nbsp;&nbsp;&nbsp;HAL_PWREx_ControlVoltageScaling
</UL>
<BR>[Called By]<UL><LI><a href="#[5b]">&gt;&gt;</a>&nbsp;&nbsp;&nbsp;main
</UL>

<P><STRONG><a name="[b5]"></a>bcd_decimal</STRONG> (Thumb, 16 bytes, Stack size 0 bytes, main.o(i.bcd_decimal))
<BR><BR>[Called By]<UL><LI><a href="#[c2]">&gt;&gt;</a>&nbsp;&nbsp;&nbsp;incrementYear
<LI><a href="#[c0]">&gt;&gt;</a>&nbsp;&nbsp;&nbsp;incrementSecond
<LI><a href="#[bf]">&gt;&gt;</a>&nbsp;&nbsp;&nbsp;incrementMonth
<LI><a href="#[be]">&gt;&gt;</a>&nbsp;&nbsp;&nbsp;incrementMinute
<LI><a href="#[bd]">&gt;&gt;</a>&nbsp;&nbsp;&nbsp;incrementHour
<LI><a href="#[bb]">&gt;&gt;</a>&nbsp;&nbsp;&nbsp;incrementDay
<LI><a href="#[ba]">&gt;&gt;</a>&nbsp;&nbsp;&nbsp;displayTime
<LI><a href="#[b9]">&gt;&gt;</a>&nbsp;&nbsp;&nbsp;displaySetTime
<LI><a href="#[b4]">&gt;&gt;</a>&nbsp;&nbsp;&nbsp;displayDate
</UL>

<P><STRONG><a name="[bc]"></a>decimal_bcd</STRONG> (Thumb, 20 bytes, Stack size 0 bytes, main.o(i.decimal_bcd))
<BR><BR>[Called By]<UL><LI><a href="#[c2]">&gt;&gt;</a>&nbsp;&nbsp;&nbsp;incrementYear
<LI><a href="#[c0]">&gt;&gt;</a>&nbsp;&nbsp;&nbsp;incrementSecond
<LI><a href="#[bf]">&gt;&gt;</a>&nbsp;&nbsp;&nbsp;incrementMonth
<LI><a href="#[be]">&gt;&gt;</a>&nbsp;&nbsp;&nbsp;incrementMinute
<LI><a href="#[bd]">&gt;&gt;</a>&nbsp;&nbsp;&nbsp;incrementHour
<LI><a href="#[bb]">&gt;&gt;</a>&nbsp;&nbsp;&nbsp;incrementDay
</UL>

<P><STRONG><a name="[a4]"></a>I2C_MspInit</STRONG> (Thumb, 164 bytes, Stack size 176 bytes, i2c_at24c64.o(i.I2C_MspInit))
<BR><BR>[Stack]<UL><LI>Max Depth = 240<LI>Call Chain = I2C_MspInit &rArr; HAL_RCCEx_PeriphCLKConfig &rArr; RCCEx_PLLSAI2_Config
</UL>
<BR>[Calls]<UL><LI><a href="#[88]">&gt;&gt;</a>&nbsp;&nbsp;&nbsp;HAL_RCCEx_PeriphCLKConfig
<LI><a href="#[a5]">&gt;&gt;</a>&nbsp;&nbsp;&nbsp;HAL_PWREx_EnableVddIO2
<LI><a href="#[69]">&gt;&gt;</a>&nbsp;&nbsp;&nbsp;HAL_GPIO_Init
<LI><a href="#[6a]">&gt;&gt;</a>&nbsp;&nbsp;&nbsp;HAL_NVIC_SetPriority
<LI><a href="#[6b]">&gt;&gt;</a>&nbsp;&nbsp;&nbsp;HAL_NVIC_EnableIRQ
</UL>
<BR>[Called By]<UL><LI><a href="#[a2]">&gt;&gt;</a>&nbsp;&nbsp;&nbsp;I2C_Init
</UL>

<P><STRONG><a name="[ae]"></a>Convert</STRONG> (Thumb, 254 bytes, Stack size 16 bytes, stm32l476g_discovery_glass_lcd.o(i.Convert))
<BR><BR>[Stack]<UL><LI>Max Depth = 16<LI>Call Chain = Convert
</UL>
<BR>[Called By]<UL><LI><a href="#[6f]">&gt;&gt;</a>&nbsp;&nbsp;&nbsp;WriteChar
</UL>

<P><STRONG><a name="[72]"></a>LCD_MspInit</STRONG> (Thumb, 246 bytes, Stack size 240 bytes, stm32l476g_discovery_glass_lcd.o(i.LCD_MspInit))
<BR><BR>[Stack]<UL><LI>Max Depth = 304<LI>Call Chain = LCD_MspInit &rArr; HAL_RCCEx_PeriphCLKConfig &rArr; RCCEx_PLLSAI2_Config
</UL>
<BR>[Calls]<UL><LI><a href="#[a6]">&gt;&gt;</a>&nbsp;&nbsp;&nbsp;__aeabi_memclr4
<LI><a href="#[88]">&gt;&gt;</a>&nbsp;&nbsp;&nbsp;HAL_RCCEx_PeriphCLKConfig
<LI><a href="#[69]">&gt;&gt;</a>&nbsp;&nbsp;&nbsp;HAL_GPIO_Init
<LI><a href="#[8d]">&gt;&gt;</a>&nbsp;&nbsp;&nbsp;HAL_RCC_OscConfig
<LI><a href="#[75]">&gt;&gt;</a>&nbsp;&nbsp;&nbsp;HAL_Delay
</UL>
<BR>[Called By]<UL><LI><a href="#[71]">&gt;&gt;</a>&nbsp;&nbsp;&nbsp;BSP_LCD_GLASS_Init
</UL>

<P><STRONG><a name="[6f]"></a>WriteChar</STRONG> (Thumb, 1114 bytes, Stack size 24 bytes, stm32l476g_discovery_glass_lcd.o(i.WriteChar))
<BR><BR>[Stack]<UL><LI>Max Depth = 56<LI>Call Chain = WriteChar &rArr; HAL_LCD_Write
</UL>
<BR>[Calls]<UL><LI><a href="#[86]">&gt;&gt;</a>&nbsp;&nbsp;&nbsp;HAL_LCD_Write
<LI><a href="#[ae]">&gt;&gt;</a>&nbsp;&nbsp;&nbsp;Convert
</UL>
<BR>[Called By]<UL><LI><a href="#[6e]">&gt;&gt;</a>&nbsp;&nbsp;&nbsp;BSP_LCD_GLASS_DisplayString
</UL>

<P><STRONG><a name="[87]"></a>NVIC_SetPriority</STRONG> (Thumb, 32 bytes, Stack size 0 bytes, stm32l4xx_hal_cortex.o(i.NVIC_SetPriority))
<BR><BR>[Called By]<UL><LI><a href="#[6a]">&gt;&gt;</a>&nbsp;&nbsp;&nbsp;HAL_NVIC_SetPriority
<LI><a href="#[83]">&gt;&gt;</a>&nbsp;&nbsp;&nbsp;HAL_SYSTICK_Config
</UL>

<P><STRONG><a name="[8e]"></a>RCC_SetFlashLatencyFromMSIRange</STRONG> (Thumb, 116 bytes, Stack size 24 bytes, stm32l4xx_hal_rcc.o(i.RCC_SetFlashLatencyFromMSIRange))
<BR><BR>[Stack]<UL><LI>Max Depth = 24<LI>Call Chain = RCC_SetFlashLatencyFromMSIRange
</UL>
<BR>[Calls]<UL><LI><a href="#[a7]">&gt;&gt;</a>&nbsp;&nbsp;&nbsp;HAL_PWREx_GetVoltageRange
</UL>
<BR>[Called By]<UL><LI><a href="#[8d]">&gt;&gt;</a>&nbsp;&nbsp;&nbsp;HAL_RCC_OscConfig
</UL>

<P><STRONG><a name="[89]"></a>RCCEx_PLLSAI1_Config</STRONG> (Thumb, 342 bytes, Stack size 24 bytes, stm32l4xx_hal_rcc_ex.o(i.RCCEx_PLLSAI1_Config))
<BR><BR>[Stack]<UL><LI>Max Depth = 24<LI>Call Chain = RCCEx_PLLSAI1_Config
</UL>
<BR>[Calls]<UL><LI><a href="#[7b]">&gt;&gt;</a>&nbsp;&nbsp;&nbsp;HAL_GetTick
</UL>
<BR>[Called By]<UL><LI><a href="#[88]">&gt;&gt;</a>&nbsp;&nbsp;&nbsp;HAL_RCCEx_PeriphCLKConfig
</UL>

<P><STRONG><a name="[8a]"></a>RCCEx_PLLSAI2_Config</STRONG> (Thumb, 302 bytes, Stack size 24 bytes, stm32l4xx_hal_rcc_ex.o(i.RCCEx_PLLSAI2_Config))
<BR><BR>[Stack]<UL><LI>Max Depth = 24<LI>Call Chain = RCCEx_PLLSAI2_Config
</UL>
<BR>[Calls]<UL><LI><a href="#[7b]">&gt;&gt;</a>&nbsp;&nbsp;&nbsp;HAL_GetTick
</UL>
<BR>[Called By]<UL><LI><a href="#[88]">&gt;&gt;</a>&nbsp;&nbsp;&nbsp;HAL_RCCEx_PeriphCLKConfig
</UL>

<P><STRONG><a name="[b0]"></a>_printf_core</STRONG> (Thumb, 748 bytes, Stack size 96 bytes, printf6.o(i._printf_core), UNUSED)
<BR><BR>[Calls]<UL><LI><a href="#[b2]">&gt;&gt;</a>&nbsp;&nbsp;&nbsp;__aeabi_uidivmod
<LI><a href="#[b1]">&gt;&gt;</a>&nbsp;&nbsp;&nbsp;_printf_pre_padding
<LI><a href="#[b3]">&gt;&gt;</a>&nbsp;&nbsp;&nbsp;_printf_post_padding
</UL>
<BR>[Called By]<UL><LI><a href="#[af]">&gt;&gt;</a>&nbsp;&nbsp;&nbsp;__0snprintf$6
</UL>

<P><STRONG><a name="[b3]"></a>_printf_post_padding</STRONG> (Thumb, 36 bytes, Stack size 24 bytes, printf6.o(i._printf_post_padding), UNUSED)
<BR><BR>[Called By]<UL><LI><a href="#[b0]">&gt;&gt;</a>&nbsp;&nbsp;&nbsp;_printf_core
</UL>

<P><STRONG><a name="[b1]"></a>_printf_pre_padding</STRONG> (Thumb, 46 bytes, Stack size 24 bytes, printf6.o(i._printf_pre_padding), UNUSED)
<BR><BR>[Called By]<UL><LI><a href="#[b0]">&gt;&gt;</a>&nbsp;&nbsp;&nbsp;_printf_core
</UL>

<P><STRONG><a name="[5e]"></a>_snputc</STRONG> (Thumb, 22 bytes, Stack size 0 bytes, printf6.o(i._snputc))
<BR>[Address Reference Count : 1]<UL><LI> printf6.o(i.__0snprintf$6)
</UL><P>
<H3>
Undefined Global Symbols
</H3><HR></body></html>
